******************************************************************************
                  TI ARM Linker PC v18.1.4                     
******************************************************************************
>> Linked Mon Dec  2 18:58:03 2019

OUTPUT FILE NAME:   <m.out>
ENTRY POINT SYMBOL: "_c_int00_noargs"  address: 00006631


MEMORY CONFIGURATION

         name            origin    length      used     unused   attr    fill
----------------------  --------  ---------  --------  --------  ----  --------
  FLASH                 00000000   00040000  00006af4  0003950c  R  X
  SRAM                  20000000   00008000  00002098  00005f68  RW X


SEGMENT ALLOCATION MAP

run origin  load origin   length   init length attrs members
----------  ----------- ---------- ----------- ----- -------
00000000    00000000    00006af8   00006af8    r-x
  00000000    00000000    0000026c   0000026c    r-- .intvecs
  0000026c    0000026c    00006648   00006648    r-x .text
  000068b8    000068b8    000001f8   000001f8    r-- .const
  00006ab0    00006ab0    00000048   00000048    r-- .cinit
20000000    20000000    00002098   00000000    rw-
  20000000    20000000    00001fa0   00000000    rw- .stack
  20001fa0    20001fa0    000000a8   00000000    rw- .bss
  20002048    20002048    00000050   00000000    rw- .data


SECTION ALLOCATION MAP

 output                                  attributes/
section   page    origin      length       input sections
--------  ----  ----------  ----------   ----------------
.intvecs   0    00000000    0000026c     
                  00000000    0000026c     startup_ccs.obj (.intvecs)

.text      0    0000026c    00006648     
                  0000026c    00000ff4     Utility.obj (.text)
                  00001260    00000ef8     main.obj (.text)
                  00002158    00000af0     rtsv7M4_T_le_v4SPD16_eabi.lib : _scanfi.c.obj (.text:__TI_scanfi)
                  00002c48    00000a5e                                   : _printfi.c.obj (.text:__TI_printfi)
                  000036a6    00000002                                   : div0.asm.obj (.text)
                  000036a8    00000610     RTC.obj (.text)
                  00003cb8    0000048c     MPU.obj (.text)
                  00004144    00000460     rtsv7M4_T_le_v4SPD16_eabi.lib : strtod.c.obj (.text:strtod)
                  000045a4    00000274     I2C0.obj (.text)
                  00004818    00000270     rtsv7M4_T_le_v4SPD16_eabi.lib : _printfi.c.obj (.text:_pconv_a)
                  00004a88    00000260     UART0.obj (.text)
                  00004ce8    000001dc     rtsv7M4_T_le_v4SPD16_eabi.lib : strtoll.c.obj (.text:strtoll)
                  00004ec4    000001d0                                   : _printfi.c.obj (.text:_pconv_g)
                  00005094    000001b6                                   : fd_add_t2.asm.obj (.text)
                  0000524a    00000002     --HOLE-- [fill = 0]
                  0000524c    0000015c                                   : strtoull.c.obj (.text:strtoull)
                  000053a8    00000158                                   : e_sqrt.c.obj (.text:sqrt)
                  00005500    0000013c     Temp.obj (.text)
                  0000563c    0000013c     rtsv7M4_T_le_v4SPD16_eabi.lib : _printfi.c.obj (.text:_pconv_e)
                  00005778    00000136                                   : fd_div_t2.asm.obj (.text)
                  000058ae    00000002     --HOLE-- [fill = 0]
                  000058b0    00000130                                   : strtol.c.obj (.text:strtol)
                  000059e0    00000124                                   : _printfi.c.obj (.text:fcvt)
                  00005b04    00000110                                   : s_scalbn.c.obj (.text:scalbn)
                  00005c14    00000110                                   : strtoul.c.obj (.text:strtoul)
                  00005d24    000000fc                                   : fd_mul_t2.asm.obj (.text)
                  00005e20    000000b1                                   : _printfi.c.obj (.text:_ltostr)
                  00005ed1    00000001     --HOLE-- [fill = 0]
                  00005ed2    0000009c                                   : memcpy_t2.asm.obj (.text)
                  00005f6e    00000096                                   : ull_div_t2.asm.obj (.text)
                  00006004    00000086                                   : fd_cmp_t2.asm.obj (.text:__aeabi_cdcmple)
                  0000608a    00000086                                   : fd_cmp_t2.asm.obj (.text:__aeabi_cdrcmple)
                  00006110    0000007a                                   : memset_t2.asm.obj (.text)
                  0000618a    0000006e                                   : _printfi.c.obj (.text:_mcpy)
                  000061f8    0000006e                                   : fd_tos_t2.asm.obj (.text)
                  00006266    00000002     --HOLE-- [fill = 0]
                  00006268    00000068                                   : sscanf.c.obj (.text:_chkmbc)
                  000062d0    00000068                                   : copy_decompress_lzss.c.obj (.text:decompress:lzss:__TI_decompress_lzss)
                  00006338    00000064                                   : s_frexp.c.obj (.text:frexp)
                  0000639c    00000056                                   : _printfi.c.obj (.text:_pconv_f)
                  000063f2    00000054                                   : ltoa.c.obj (.text:ltoa)
                  00006446    00000052                                   : _printfi.c.obj (.text:_ecpy)
                  00006498    0000004c                                   : atoi.c.obj (.text:atoi)
                  000064e4    00000048                                   : fd_toi_t2.asm.obj (.text)
                  0000652c    00000044                                   : autoinit.c.obj (.text:__TI_auto_init_nobinit_nopinit:__TI_auto_init_nobinit_nopinit)
                  00006570    00000040                                   : sprintf.c.obj (.text:sprintf)
                  000065b0    00000040                                   : strtok.c.obj (.text:strtok)
                  000065f0    0000003e                                   : _printfi.c.obj (.text:_fcpy)
                  0000662e    00000002     --HOLE-- [fill = 0]
                  00006630    00000038                                   : boot_cortex_m.c.obj (.text:_c_int00_noargs:_c_int00_noargs)
                  00006668    00000038                                   : sscanf.c.obj (.text:sscanf)
                  000066a0    00000032     startup_ccs.obj (.text)
                  000066d2    0000002e     rtsv7M4_T_le_v4SPD16_eabi.lib : i_tofd_t2.asm.obj (.text)
                  00006700    0000002a                                   : strspn.c.obj (.text:strspn)
                  0000672a    00000024                                   : strcspn.c.obj (.text:strcspn)
                  0000674e    00000020                                   : u_tofd_t2.asm.obj (.text)
                  0000676e    0000001c                                   : memccpy.c.obj (.text:memccpy)
                  0000678a    00000018                                   : sprintf.c.obj (.text:_outs)
                  000067a2    00000018                                   : ll_mul_t2.asm.obj (.text)
                  000067ba    00000018                                   : strcmp.c.obj (.text:strcmp)
                  000067d2    00000018                                   : strrchr.c.obj (.text:strrchr)
                  000067ea    00000016                                   : strchr.c.obj (.text:strchr)
                  00006800    00000014                                   : s_copysign.c.obj (.text:copysign)
                  00006814    00000014                                   : strcpy.c.obj (.text:strcpy)
                  00006828    00000014                                   : strlen.c.obj (.text:strlen)
                  0000683c    00000012                                   : sscanf.c.obj (.text:_inpchar)
                  0000684e    00000012                                   : copy_zero_init.c.obj (.text:decompress:ZI:__TI_zero_init_nomemset:__TI_zero_init_nomemset)
                  00006860    00000012                                   : wcslen.c.obj (.text:wcslen)
                  00006872    00000002     --HOLE-- [fill = 0]
                  00006874    00000010                                   : tolower.c.obj (.text:tolower)
                  00006884    0000000e                                   : copy_decompress_none.c.obj (.text:decompress:none:__TI_decompress_none)
                  00006892    0000000a                                   : sprintf.c.obj (.text:_outc)
                  0000689c    00000008                                   : errno.c.obj (.text:__aeabi_errno_addr)
                  000068a4    00000008                                   : sscanf.c.obj (.text:_uninpchar)
                  000068ac    00000004                                   : pre_init.c.obj (.text:_system_pre_init)
                  000068b0    00000004                                   : exit.c.obj (.text:abort:abort)

.const     0    000068b8    000001f8     
                  000068b8    00000101     rtsv7M4_T_le_v4SPD16_eabi.lib : ctype.c.obj (.const:.string:_ctypes_)
                  000069b9    00000007     --HOLE-- [fill = 0]
                  000069c0    000000c8                                   : strtod.c.obj (.const:$O1$$)
                  00006a88    00000018     Utility.obj (.const:$P$T0$1)
                  00006aa0    00000010     rtsv7M4_T_le_v4SPD16_eabi.lib : _scanfi.c.obj (.const:$O1$$)

.cinit     0    00006ab0    00000048     
                  00006ab0    00000021     (.cinit..data.load) [load image, compression = lzss]
                  00006ad1    00000003     --HOLE-- [fill = 0]
                  00006ad4    0000000c     (__TI_handler_table)
                  00006ae0    00000008     (.cinit..bss.load) [load image, compression = zero_init]
                  00006ae8    00000010     (__TI_cinit_table)

.init_array 
*          0    00000000    00000000     UNINITIALIZED

.bss       0    20001fa0    000000a8     UNINITIALIZED
                  20001fa0    00000064     (.common:strinput)
                  20002004    00000028     (.common:tokens)
                  2000202c    00000008     UART0.obj (.bss)
                  20002034    00000006     (.common:storedDate)
                  2000203a    00000006     (.common:storedTime)
                  20002040    00000004     (.common:LTflag)
                  20002044    00000004     (.common:level)

.data      0    20002048    00000050     UNINITIALIZED
                  20002048    00000030     main.obj (.data)
                  20002078    00000018     main.obj (.data:daysOfEachMonth)
                  20002090    00000004     rtsv7M4_T_le_v4SPD16_eabi.lib : errno.c.obj (.data)
                  20002094    00000004                                   : strtok.c.obj (.data)

.stack     0    20000000    00001fa0     UNINITIALIZED
                  20000000    00000004     rtsv7M4_T_le_v4SPD16_eabi.lib : boot_cortex_m.c.obj (.stack)
                  20000004    00001f9c     --HOLE--

MODULE SUMMARY

       Module                       code    ro data   rw data
       ------                       ----    -------   -------
    .\
       Utility.obj                  4084    24        0      
       main.obj                     3832    0         232    
       RTC.obj                      1552    0         0      
       MPU.obj                      1164    0         0      
       startup_ccs.obj              50      620       0      
       I2C0.obj                     628     0         0      
       UART0.obj                    608     0         8      
       Temp.obj                     316     0         0      
    +--+----------------------------+-------+---------+---------+
       Total:                       12234   644       240    
                                                             
    C:\ti\ccsv8\tools\compiler\ti-cgt-arm_18.1.4.LTS\lib\rtsv7M4_T_le_v4SPD16_eabi.lib
       _printfi.c.obj               4867    0         0      
       _scanfi.c.obj                2800    16        0      
       strtod.c.obj                 1120    200       0      
       strtoll.c.obj                476     0         0      
       fd_add_t2.asm.obj            438     0         0      
       strtoull.c.obj               348     0         0      
       e_sqrt.c.obj                 344     0         0      
       fd_div_t2.asm.obj            310     0         0      
       strtol.c.obj                 304     0         0      
       s_scalbn.c.obj               272     0         0      
       strtoul.c.obj                272     0         0      
       fd_cmp_t2.asm.obj            268     0         0      
       ctype.c.obj                  0       257       0      
       fd_mul_t2.asm.obj            252     0         0      
       sscanf.c.obj                 186     0         0      
       memcpy_t2.asm.obj            156     0         0      
       ull_div_t2.asm.obj           150     0         0      
       memset_t2.asm.obj            122     0         0      
       fd_tos_t2.asm.obj            110     0         0      
       copy_decompress_lzss.c.obj   104     0         0      
       s_frexp.c.obj                100     0         0      
       sprintf.c.obj                98      0         0      
       ltoa.c.obj                   84      0         0      
       atoi.c.obj                   76      0         0      
       fd_toi_t2.asm.obj            72      0         0      
       autoinit.c.obj               68      0         0      
       strtok.c.obj                 64      0         4      
       boot_cortex_m.c.obj          56      0         0      
       i_tofd_t2.asm.obj            46      0         0      
       strspn.c.obj                 42      0         0      
       strcspn.c.obj                36      0         0      
       u_tofd_t2.asm.obj            32      0         0      
       memccpy.c.obj                28      0         0      
       ll_mul_t2.asm.obj            24      0         0      
       strcmp.c.obj                 24      0         0      
       strrchr.c.obj                24      0         0      
       strchr.c.obj                 22      0         0      
       s_copysign.c.obj             20      0         0      
       strcpy.c.obj                 20      0         0      
       strlen.c.obj                 20      0         0      
       copy_zero_init.c.obj         18      0         0      
       wcslen.c.obj                 18      0         0      
       tolower.c.obj                16      0         0      
       copy_decompress_none.c.obj   14      0         0      
       errno.c.obj                  8       0         4      
       exit.c.obj                   4       0         0      
       pre_init.c.obj               4       0         0      
       div0.asm.obj                 2       0         0      
    +--+----------------------------+-------+---------+---------+
       Total:                       13939   473       8      
                                                             
       Stack:                       0       0         8096   
       Linker Generated:            0       69        0      
    +--+----------------------------+-------+---------+---------+
       Grand Total:                 26173   1186      8344   


LINKER GENERATED COPY TABLES

__TI_cinit_table @ 00006ae8 records: 2, size/record: 8, table size: 16
	.data: load addr=00006ab0, load size=00000021 bytes, run addr=20002048, run size=00000050 bytes, compression=lzss
	.bss: load addr=00006ae0, load size=00000008 bytes, run addr=20001fa0, run size=000000a8 bytes, compression=zero_init


LINKER GENERATED HANDLER TABLE

__TI_handler_table @ 00006ad4 records: 3, size/record: 4, table size: 12
	index: 0, handler: __TI_decompress_lzss
	index: 1, handler: __TI_decompress_none
	index: 2, handler: __TI_zero_init


GLOBAL SYMBOLS: SORTED ALPHABETICALLY BY Name 

address   name                          
-------   ----                          
000068b1  C$$EXIT                       
2000206c  H                             
20002064  Hflag                         
00003bb1  HibIsr                        
00003c5f  HibSleep                      
20002040  LTflag                        
00000ca7  MPUIsr                        
20002048  NArgs                         
2000205c  NSamples                      
20002060  Para                          
2000204c  RTC_Old                       
000066a1  ResetISR                      
00000505  Sample                        
00000745  SampleWrapper                 
00000d81  SetGating                     
20002058  T                             
20002068  Trigflag                      
20001fa0  __STACK_END                   
00001fa0  __STACK_SIZE                  
20000200  __STACK_TOP                   
00006ae8  __TI_CINIT_Base               
00006af8  __TI_CINIT_Limit              
00006ad4  __TI_Handler_Table_Base       
00006ae0  __TI_Handler_Table_Limit      
0000652d  __TI_auto_init_nobinit_nopinit
000062d1  __TI_decompress_lzss          
00006885  __TI_decompress_none          
ffffffff  __TI_pprof_out_hndl           
00002c49  __TI_printfi                  
ffffffff  __TI_prof_data_size           
ffffffff  __TI_prof_data_start          
00002159  __TI_scanfi                   
00000000  __TI_static_base__            
0000684f  __TI_zero_init_nomemset       
00006005  __aeabi_cdcmpeq               
00006005  __aeabi_cdcmple               
0000608b  __aeabi_cdrcmple              
000061f9  __aeabi_d2f                   
000064e5  __aeabi_d2iz                  
0000509f  __aeabi_dadd                  
00005779  __aeabi_ddiv                  
00005d25  __aeabi_dmul                  
00005095  __aeabi_dsub                  
0000689d  __aeabi_errno_addr            
000066d3  __aeabi_i2d                   
000036a7  __aeabi_idiv0                 
000036a7  __aeabi_ldiv0                 
000067a3  __aeabi_lmul                  
00006111  __aeabi_memclr                
00006111  __aeabi_memclr4               
00006111  __aeabi_memclr8               
00005ed3  __aeabi_memcpy                
00005ed3  __aeabi_memcpy4               
00005ed3  __aeabi_memcpy8               
00006113  __aeabi_memset                
00006113  __aeabi_memset4               
00006113  __aeabi_memset8               
0000674f  __aeabi_ui2d                  
00005f6f  __aeabi_uldivmod              
ffffffff  __binit__                     
ffffffff  __c_args__                    
UNDEFED   __mpu_init                    
20000000  __stack                       
00006631  _c_int00_noargs               
000068b8  _ctypes_                      
UNDEFED   _system_post_cinit            
000068ad  _system_pre_init              
000068b1  abort                         
00000307  abs                           
0000031f  absfloat                      
000002a1  asciiToFloat                  
000002d5  asciiToUint32                 
0000026d  asciiToUint8                  
00006499  atoi                          
ffffffff  binit                         
00006801  copysign                      
00006801  copysignl                     
20002074  currOffset                    
20002078  daysOfEachMonth               
00003753  endMatch                      
00000ea7  eraseFlash                    
20002090  errno                         
00000499  eucDis                        
00006339  frexp                         
00006339  frexpl                        
00000000  g_pfnVectors                  
00005583  getRandomStart                
0000130f  getString                     
00005557  getTemp                       
000012f3  getValue                      
00004b45  getcUart0                     
00004c1f  getsUart0                     
00001261  initHw                        
000045a5  initI2c0                      
00003cb9  initMPU9250                   
000036a9  initRTC                       
00005501  initTemp                      
00004a89  initUART0                     
00001329  isCommand                     
000047c1  isI2c0Error                   
00005b05  ldexp                         
00005b05  ldexpl                        
20002044  level                         
20002070  logMask                       
000063f3  ltoa                          
000016b5  main                          
0000676f  memccpy                       
00005ed3  memcpy                        
00006119  memset                        
00001351  newDateFromDay                
00000f7d  nextPage                      
000012b3  parse_string                  
0000477b  pollI2c0Address               
000010dd  printData                     
00001545  printDate                     
000014a3  printTime                     
00004af7  putcUart0                     
00004b13  putsUart0                     
00003d5d  readAccelData                 
0000102d  readFlash                     
00003ddb  readGyroData                  
0000471d  readI2c0Register              
00003e59  readMagData                   
000036c3  resetRTC                      
0000397d  retrieveData                  
00005b05  scalbn                        
00005b05  scalbnl                       
00000e15  setLogging                    
00001429  setStoredTimeAndDate          
00003751  setupHibCtl                   
00006571  sprintf                       
000053a9  sqrt                          
000053a9  sqrtl                         
00006669  sscanf                        
000036d3  startMatch                    
00003b51  startRTC                      
00003f27  startTrigger                  
20002054  startingState                 
20002050  state                         
00003b7f  stopRTC                       
000040c7  stopTrigger                   
0000378d  storeData                     
20002034  storedDate                    
2000203a  storedTime                    
000067eb  strchr                        
000067bb  strcmp                        
00006815  strcpy                        
0000672b  strcspn                       
20001fa0  strinput                      
00006829  strlen                        
000067d3  strrchr                       
00006701  strspn                        
00004145  strtod                        
000065b1  strtok                        
00004b59  strtokk                       
000058b1  strtol                        
00004145  strtold                       
00004ce9  strtoll                       
00005c15  strtoul                       
0000524d  strtoull                      
20002004  tokens                        
00006875  tolower                       
00003d09  turnOnEverything              
000003b9  validateDate                  
00000d2d  validateInput                 
0000036f  validateTime                  
0000034b  waitMicrosecond               
00006861  wcslen                        
00000ee9  writeFlash                    
0000460d  writeI2c0Register             
00004663  writeI2c0Registers            


GLOBAL SYMBOLS: SORTED BY Symbol Address 

address   name                          
-------   ----                          
00000000  __TI_static_base__            
00000000  g_pfnVectors                  
0000026d  asciiToUint8                  
000002a1  asciiToFloat                  
000002d5  asciiToUint32                 
00000307  abs                           
0000031f  absfloat                      
0000034b  waitMicrosecond               
0000036f  validateTime                  
000003b9  validateDate                  
00000499  eucDis                        
00000505  Sample                        
00000745  SampleWrapper                 
00000ca7  MPUIsr                        
00000d2d  validateInput                 
00000d81  SetGating                     
00000e15  setLogging                    
00000ea7  eraseFlash                    
00000ee9  writeFlash                    
00000f7d  nextPage                      
0000102d  readFlash                     
000010dd  printData                     
00001261  initHw                        
000012b3  parse_string                  
000012f3  getValue                      
0000130f  getString                     
00001329  isCommand                     
00001351  newDateFromDay                
00001429  setStoredTimeAndDate          
000014a3  printTime                     
00001545  printDate                     
000016b5  main                          
00001fa0  __STACK_SIZE                  
00002159  __TI_scanfi                   
00002c49  __TI_printfi                  
000036a7  __aeabi_idiv0                 
000036a7  __aeabi_ldiv0                 
000036a9  initRTC                       
000036c3  resetRTC                      
000036d3  startMatch                    
00003751  setupHibCtl                   
00003753  endMatch                      
0000378d  storeData                     
0000397d  retrieveData                  
00003b51  startRTC                      
00003b7f  stopRTC                       
00003bb1  HibIsr                        
00003c5f  HibSleep                      
00003cb9  initMPU9250                   
00003d09  turnOnEverything              
00003d5d  readAccelData                 
00003ddb  readGyroData                  
00003e59  readMagData                   
00003f27  startTrigger                  
000040c7  stopTrigger                   
00004145  strtod                        
00004145  strtold                       
000045a5  initI2c0                      
0000460d  writeI2c0Register             
00004663  writeI2c0Registers            
0000471d  readI2c0Register              
0000477b  pollI2c0Address               
000047c1  isI2c0Error                   
00004a89  initUART0                     
00004af7  putcUart0                     
00004b13  putsUart0                     
00004b45  getcUart0                     
00004b59  strtokk                       
00004c1f  getsUart0                     
00004ce9  strtoll                       
00005095  __aeabi_dsub                  
0000509f  __aeabi_dadd                  
0000524d  strtoull                      
000053a9  sqrt                          
000053a9  sqrtl                         
00005501  initTemp                      
00005557  getTemp                       
00005583  getRandomStart                
00005779  __aeabi_ddiv                  
000058b1  strtol                        
00005b05  ldexp                         
00005b05  ldexpl                        
00005b05  scalbn                        
00005b05  scalbnl                       
00005c15  strtoul                       
00005d25  __aeabi_dmul                  
00005ed3  __aeabi_memcpy                
00005ed3  __aeabi_memcpy4               
00005ed3  __aeabi_memcpy8               
00005ed3  memcpy                        
00005f6f  __aeabi_uldivmod              
00006005  __aeabi_cdcmpeq               
00006005  __aeabi_cdcmple               
0000608b  __aeabi_cdrcmple              
00006111  __aeabi_memclr                
00006111  __aeabi_memclr4               
00006111  __aeabi_memclr8               
00006113  __aeabi_memset                
00006113  __aeabi_memset4               
00006113  __aeabi_memset8               
00006119  memset                        
000061f9  __aeabi_d2f                   
000062d1  __TI_decompress_lzss          
00006339  frexp                         
00006339  frexpl                        
000063f3  ltoa                          
00006499  atoi                          
000064e5  __aeabi_d2iz                  
0000652d  __TI_auto_init_nobinit_nopinit
00006571  sprintf                       
000065b1  strtok                        
00006631  _c_int00_noargs               
00006669  sscanf                        
000066a1  ResetISR                      
000066d3  __aeabi_i2d                   
00006701  strspn                        
0000672b  strcspn                       
0000674f  __aeabi_ui2d                  
0000676f  memccpy                       
000067a3  __aeabi_lmul                  
000067bb  strcmp                        
000067d3  strrchr                       
000067eb  strchr                        
00006801  copysign                      
00006801  copysignl                     
00006815  strcpy                        
00006829  strlen                        
0000684f  __TI_zero_init_nomemset       
00006861  wcslen                        
00006875  tolower                       
00006885  __TI_decompress_none          
0000689d  __aeabi_errno_addr            
000068ad  _system_pre_init              
000068b1  C$$EXIT                       
000068b1  abort                         
000068b8  _ctypes_                      
00006ad4  __TI_Handler_Table_Base       
00006ae0  __TI_Handler_Table_Limit      
00006ae8  __TI_CINIT_Base               
00006af8  __TI_CINIT_Limit              
20000000  __stack                       
20000200  __STACK_TOP                   
20001fa0  __STACK_END                   
20001fa0  strinput                      
20002004  tokens                        
20002034  storedDate                    
2000203a  storedTime                    
20002040  LTflag                        
20002044  level                         
20002048  NArgs                         
2000204c  RTC_Old                       
20002050  state                         
20002054  startingState                 
20002058  T                             
2000205c  NSamples                      
20002060  Para                          
20002064  Hflag                         
20002068  Trigflag                      
2000206c  H                             
20002070  logMask                       
20002074  currOffset                    
20002078  daysOfEachMonth               
20002090  errno                         
ffffffff  __TI_pprof_out_hndl           
ffffffff  __TI_prof_data_size           
ffffffff  __TI_prof_data_start          
ffffffff  __binit__                     
ffffffff  __c_args__                    
ffffffff  binit                         
UNDEFED   __mpu_init                    
UNDEFED   _system_post_cinit            

[171 symbols]
