******************************************************************************
                  TI ARM Linker PC v18.1.4                     
******************************************************************************
>> Linked Wed Oct 23 13:33:53 2019

OUTPUT FILE NAME:   <m.out>
ENTRY POINT SYMBOL: "_c_int00_noargs"  address: 000040f9


MEMORY CONFIGURATION

         name            origin    length      used     unused   attr    fill
----------------------  --------  ---------  --------  --------  ----  --------
  FLASH                 00000000   00040000  0000454c  0003bab4  R  X
  SRAM                  20000000   00008000  00002061  00005f9f  RW X


SEGMENT ALLOCATION MAP

run origin  load origin   length   init length attrs members
----------  ----------- ---------- ----------- ----- -------
00000000    00000000    00004550   00004550    r-x
  00000000    00000000    0000026c   0000026c    r-- .intvecs
  0000026c    0000026c    000040c8   000040c8    r-x .text
  00004338    00004338    000001e0   000001e0    r-- .const
  00004518    00004518    00000038   00000038    r-- .cinit
20000000    20000000    00002061   00000000    rw-
  20000000    20000000    00001fa0   00000000    rw- .stack
  20001fa0    20001fa0    000000a0   00000000    rw- .bss
  20002040    20002040    00000021   00000000    rw- .data


SECTION ALLOCATION MAP

 output                                  attributes/
section   page    origin      length       input sections
--------  ----  ----------  ----------   ----------------
.intvecs   0    00000000    0000026c     
                  00000000    0000026c     startup_ccs.obj (.intvecs)

.text      0    0000026c    000040c8     
                  0000026c    00000bb8     main.obj (.text)
                  00000e24    00000af0     rtsv7M4_T_le_v4SPD16_eabi.lib : _scanfi.c.obj (.text:__TI_scanfi)
                  00001914    00000a5e                                   : _printfi.c.obj (.text:__TI_printfi)
                  00002372    00000002                                   : div0.asm.obj (.text)
                  00002374    00000460                                   : strtod.c.obj (.text:strtod)
                  000027d4    00000270                                   : _printfi.c.obj (.text:_pconv_a)
                  00002a44    000001dc                                   : strtoll.c.obj (.text:strtoll)
                  00002c20    000001d0                                   : _printfi.c.obj (.text:_pconv_g)
                  00002df0    000001b6                                   : fd_add_t2.asm.obj (.text)
                  00002fa6    00000002     --HOLE-- [fill = 0]
                  00002fa8    0000015c                                   : strtoull.c.obj (.text:strtoull)
                  00003104    0000013c                                   : _printfi.c.obj (.text:_pconv_e)
                  00003240    00000136                                   : fd_div_t2.asm.obj (.text)
                  00003376    00000002     --HOLE-- [fill = 0]
                  00003378    00000130                                   : strtol.c.obj (.text:strtol)
                  000034a8    00000124                                   : _printfi.c.obj (.text:fcvt)
                  000035cc    00000110                                   : s_scalbn.c.obj (.text:scalbn)
                  000036dc    00000110                                   : strtoul.c.obj (.text:strtoul)
                  000037ec    000000fc                                   : fd_mul_t2.asm.obj (.text)
                  000038e8    000000b1                                   : _printfi.c.obj (.text:_ltostr)
                  00003999    00000001     --HOLE-- [fill = 0]
                  0000399a    0000009c                                   : memcpy_t2.asm.obj (.text)
                  00003a36    00000096                                   : ull_div_t2.asm.obj (.text)
                  00003acc    00000086                                   : fd_cmp_t2.asm.obj (.text:__aeabi_cdcmple)
                  00003b52    00000086                                   : fd_cmp_t2.asm.obj (.text:__aeabi_cdrcmple)
                  00003bd8    0000007a                                   : memset_t2.asm.obj (.text)
                  00003c52    0000006e                                   : _printfi.c.obj (.text:_mcpy)
                  00003cc0    0000006e                                   : fd_tos_t2.asm.obj (.text)
                  00003d2e    00000002     --HOLE-- [fill = 0]
                  00003d30    00000068                                   : sscanf.c.obj (.text:_chkmbc)
                  00003d98    00000068                                   : copy_decompress_lzss.c.obj (.text:decompress:lzss:__TI_decompress_lzss)
                  00003e00    00000064                                   : s_frexp.c.obj (.text:frexp)
                  00003e64    00000056                                   : _printfi.c.obj (.text:_pconv_f)
                  00003eba    00000054                                   : ltoa.c.obj (.text:ltoa)
                  00003f0e    00000052                                   : _printfi.c.obj (.text:_ecpy)
                  00003f60    0000004c                                   : atoi.c.obj (.text:atoi)
                  00003fac    00000048                                   : fd_toi_t2.asm.obj (.text)
                  00003ff4    00000044                                   : autoinit.c.obj (.text:__TI_auto_init_nobinit_nopinit:__TI_auto_init_nobinit_nopinit)
                  00004038    00000040                                   : sprintf.c.obj (.text:sprintf)
                  00004078    00000040                                   : strtok.c.obj (.text:strtok)
                  000040b8    0000003e                                   : _printfi.c.obj (.text:_fcpy)
                  000040f6    00000002     --HOLE-- [fill = 0]
                  000040f8    00000038                                   : boot_cortex_m.c.obj (.text:_c_int00_noargs:_c_int00_noargs)
                  00004130    00000038                                   : sscanf.c.obj (.text:sscanf)
                  00004168    0000002e                                   : i_tofd_t2.asm.obj (.text)
                  00004196    0000002a                                   : strspn.c.obj (.text:strspn)
                  000041c0    00000024                                   : strcspn.c.obj (.text:strcspn)
                  000041e4    0000001c                                   : memccpy.c.obj (.text:memccpy)
                  00004200    00000018                                   : sprintf.c.obj (.text:_outs)
                  00004218    00000018                                   : ll_mul_t2.asm.obj (.text)
                  00004230    00000018                                   : strcmp.c.obj (.text:strcmp)
                  00004248    00000018                                   : strrchr.c.obj (.text:strrchr)
                  00004260    00000016                                   : strchr.c.obj (.text:strchr)
                  00004276    00000014                                   : s_copysign.c.obj (.text:copysign)
                  0000428a    00000014                                   : strcpy.c.obj (.text:strcpy)
                  0000429e    00000014                                   : strlen.c.obj (.text:strlen)
                  000042b2    00000012                                   : sscanf.c.obj (.text:_inpchar)
                  000042c4    00000012                                   : copy_zero_init.c.obj (.text:decompress:ZI:__TI_zero_init_nomemset:__TI_zero_init_nomemset)
                  000042d6    00000012                                   : wcslen.c.obj (.text:wcslen)
                  000042e8    00000010                                   : tolower.c.obj (.text:tolower)
                  000042f8    0000000e                                   : copy_decompress_none.c.obj (.text:decompress:none:__TI_decompress_none)
                  00004306    0000000c     startup_ccs.obj (.text)
                  00004312    0000000a     rtsv7M4_T_le_v4SPD16_eabi.lib : sprintf.c.obj (.text:_outc)
                  0000431c    00000008                                   : errno.c.obj (.text:__aeabi_errno_addr)
                  00004324    00000008                                   : sscanf.c.obj (.text:_uninpchar)
                  0000432c    00000004                                   : pre_init.c.obj (.text:_system_pre_init)
                  00004330    00000004                                   : exit.c.obj (.text:abort:abort)

.const     0    00004338    000001e0     
                  00004338    00000101     rtsv7M4_T_le_v4SPD16_eabi.lib : ctype.c.obj (.const:.string:_ctypes_)
                  00004439    00000007     --HOLE-- [fill = 0]
                  00004440    000000c8                                   : strtod.c.obj (.const:$O1$$)
                  00004508    00000010                                   : _scanfi.c.obj (.const:$O1$$)

.cinit     0    00004518    00000038     
                  00004518    00000012     (.cinit..data.load) [load image, compression = lzss]
                  0000452a    00000002     --HOLE-- [fill = 0]
                  0000452c    0000000c     (__TI_handler_table)
                  00004538    00000008     (.cinit..bss.load) [load image, compression = zero_init]
                  00004540    00000010     (__TI_cinit_table)

.init_array 
*          0    00000000    00000000     UNINITIALIZED

.bss       0    20001fa0    000000a0     UNINITIALIZED
                  20001fa0    00000064     (.common:strinput)
                  20002004    00000028     (.common:tokens)
                  2000202c    00000008     main.obj (.bss)
                  20002034    00000006     (.common:storedDate)
                  2000203a    00000006     (.common:storedTime)

.data      0    20002040    00000021     UNINITIALIZED
                  20002040    00000018     main.obj (.data:daysOfEachMonth)
                  20002058    00000004     rtsv7M4_T_le_v4SPD16_eabi.lib : errno.c.obj (.data)
                  2000205c    00000004                                   : strtok.c.obj (.data)
                  20002060    00000001     main.obj (.data)

.stack     0    20000000    00001fa0     UNINITIALIZED
                  20000000    00000004     rtsv7M4_T_le_v4SPD16_eabi.lib : boot_cortex_m.c.obj (.stack)
                  20000004    00001f9c     --HOLE--

MODULE SUMMARY

       Module                       code    ro data   rw data
       ------                       ----    -------   -------
    .\
       main.obj                     3000    0         185    
       startup_ccs.obj              12      620       0      
    +--+----------------------------+-------+---------+---------+
       Total:                       3012    620       185    
                                                             
    C:\ti\ccsv8\tools\compiler\ti-cgt-arm_18.1.4.LTS\lib\rtsv7M4_T_le_v4SPD16_eabi.lib
       _printfi.c.obj               4867    0         0      
       _scanfi.c.obj                2800    16        0      
       strtod.c.obj                 1120    200       0      
       strtoll.c.obj                476     0         0      
       fd_add_t2.asm.obj            438     0         0      
       strtoull.c.obj               348     0         0      
       fd_div_t2.asm.obj            310     0         0      
       strtol.c.obj                 304     0         0      
       s_scalbn.c.obj               272     0         0      
       strtoul.c.obj                272     0         0      
       fd_cmp_t2.asm.obj            268     0         0      
       ctype.c.obj                  0       257       0      
       fd_mul_t2.asm.obj            252     0         0      
       sscanf.c.obj                 186     0         0      
       memcpy_t2.asm.obj            156     0         0      
       ull_div_t2.asm.obj           150     0         0      
       memset_t2.asm.obj            122     0         0      
       fd_tos_t2.asm.obj            110     0         0      
       copy_decompress_lzss.c.obj   104     0         0      
       s_frexp.c.obj                100     0         0      
       sprintf.c.obj                98      0         0      
       ltoa.c.obj                   84      0         0      
       atoi.c.obj                   76      0         0      
       fd_toi_t2.asm.obj            72      0         0      
       autoinit.c.obj               68      0         0      
       strtok.c.obj                 64      0         4      
       boot_cortex_m.c.obj          56      0         0      
       i_tofd_t2.asm.obj            46      0         0      
       strspn.c.obj                 42      0         0      
       strcspn.c.obj                36      0         0      
       memccpy.c.obj                28      0         0      
       ll_mul_t2.asm.obj            24      0         0      
       strcmp.c.obj                 24      0         0      
       strrchr.c.obj                24      0         0      
       strchr.c.obj                 22      0         0      
       s_copysign.c.obj             20      0         0      
       strcpy.c.obj                 20      0         0      
       strlen.c.obj                 20      0         0      
       copy_zero_init.c.obj         18      0         0      
       wcslen.c.obj                 18      0         0      
       tolower.c.obj                16      0         0      
       copy_decompress_none.c.obj   14      0         0      
       errno.c.obj                  8       0         4      
       exit.c.obj                   4       0         0      
       pre_init.c.obj               4       0         0      
       div0.asm.obj                 2       0         0      
    +--+----------------------------+-------+---------+---------+
       Total:                       13563   473       8      
                                                             
       Stack:                       0       0         8096   
       Linker Generated:            0       54        0      
    +--+----------------------------+-------+---------+---------+
       Grand Total:                 16575   1147      8289   


LINKER GENERATED COPY TABLES

__TI_cinit_table @ 00004540 records: 2, size/record: 8, table size: 16
	.data: load addr=00004518, load size=00000012 bytes, run addr=20002040, run size=00000021 bytes, compression=lzss
	.bss: load addr=00004538, load size=00000008 bytes, run addr=20001fa0, run size=000000a0 bytes, compression=zero_init


LINKER GENERATED HANDLER TABLE

__TI_handler_table @ 0000452c records: 3, size/record: 4, table size: 12
	index: 0, handler: __TI_decompress_lzss
	index: 1, handler: __TI_decompress_none
	index: 2, handler: __TI_zero_init


GLOBAL SYMBOLS: SORTED ALPHABETICALLY BY Name 

address   name                          
-------   ----                          
00004331  C$$EXIT                       
20002060  NArgs                         
00004307  ResetISR                      
20001fa0  __STACK_END                   
00001fa0  __STACK_SIZE                  
20000200  __STACK_TOP                   
00004540  __TI_CINIT_Base               
00004550  __TI_CINIT_Limit              
0000452c  __TI_Handler_Table_Base       
00004538  __TI_Handler_Table_Limit      
00003ff5  __TI_auto_init_nobinit_nopinit
00003d99  __TI_decompress_lzss          
000042f9  __TI_decompress_none          
ffffffff  __TI_pprof_out_hndl           
00001915  __TI_printfi                  
ffffffff  __TI_prof_data_size           
ffffffff  __TI_prof_data_start          
00000e25  __TI_scanfi                   
00000000  __TI_static_base__            
000042c5  __TI_zero_init_nomemset       
00003acd  __aeabi_cdcmpeq               
00003acd  __aeabi_cdcmple               
00003b53  __aeabi_cdrcmple              
00003cc1  __aeabi_d2f                   
00003fad  __aeabi_d2iz                  
00002dfb  __aeabi_dadd                  
00003241  __aeabi_ddiv                  
000037ed  __aeabi_dmul                  
00002df1  __aeabi_dsub                  
0000431d  __aeabi_errno_addr            
00004169  __aeabi_i2d                   
00002373  __aeabi_idiv0                 
00002373  __aeabi_ldiv0                 
00004219  __aeabi_lmul                  
00003bd9  __aeabi_memclr                
00003bd9  __aeabi_memclr4               
00003bd9  __aeabi_memclr8               
0000399b  __aeabi_memcpy                
0000399b  __aeabi_memcpy4               
0000399b  __aeabi_memcpy8               
00003bdb  __aeabi_memset                
00003bdb  __aeabi_memset4               
00003bdb  __aeabi_memset8               
00003a37  __aeabi_uldivmod              
ffffffff  __binit__                     
ffffffff  __c_args__                    
UNDEFED   __mpu_init                    
20000000  __stack                       
000040f9  _c_int00_noargs               
00004338  _ctypes_                      
UNDEFED   _system_post_cinit            
0000432d  _system_pre_init              
00004331  abort                         
000005e9  abs                           
000003d3  asciiToUint8                  
00003f61  atoi                          
ffffffff  binit                         
00004277  copysign                      
00004277  copysignl                     
20002040  daysOfEachMonth               
20002058  errno                         
00003e01  frexp                         
00003e01  frexpl                        
00000000  g_pfnVectors                  
000008a3  getString                     
0000032b  getTemp                       
00000887  getValue                      
00000685  getcUart0                     
000007bb  getsUart0                     
00000357  initHw                        
0000026d  initI2c0                      
000002d5  initTemp                      
000008bd  isCommand                     
000005bb  isI2c0Error                   
000035cd  ldexp                         
000035cd  ldexpl                        
00003ebb  ltoa                          
00000a61  main                          
000041e5  memccpy                       
0000399b  memcpy                        
00003be1  memset                        
00000919  newDateFromDay                
00000847  parse_string                  
00000575  pollI2c0Address               
00000611  putcUart0                     
00000649  putsUart0                     
00000517  readI2c0Register              
000035cd  scalbn                        
000035cd  scalbnl                       
000009f1  setStoredTimeAndDate          
00004039  sprintf                       
00004131  sscanf                        
20002034  storedDate                    
2000203a  storedTime                    
00004261  strchr                        
00004231  strcmp                        
0000428b  strcpy                        
000041c1  strcspn                       
20001fa0  strinput                      
0000429f  strlen                        
00004249  strrchr                       
00004197  strspn                        
00002375  strtod                        
00004079  strtok                        
000006f5  strtokk                       
00003379  strtol                        
00002375  strtold                       
00002a45  strtoll                       
000036dd  strtoul                       
00002fa9  strtoull                      
20002004  tokens                        
000042e9  tolower                       
000008ed  waitMicrosecond               
000042d7  wcslen                        
00000407  writeI2c0Register             
0000045d  writeI2c0Registers            


GLOBAL SYMBOLS: SORTED BY Symbol Address 

address   name                          
-------   ----                          
00000000  __TI_static_base__            
00000000  g_pfnVectors                  
0000026d  initI2c0                      
000002d5  initTemp                      
0000032b  getTemp                       
00000357  initHw                        
000003d3  asciiToUint8                  
00000407  writeI2c0Register             
0000045d  writeI2c0Registers            
00000517  readI2c0Register              
00000575  pollI2c0Address               
000005bb  isI2c0Error                   
000005e9  abs                           
00000611  putcUart0                     
00000649  putsUart0                     
00000685  getcUart0                     
000006f5  strtokk                       
000007bb  getsUart0                     
00000847  parse_string                  
00000887  getValue                      
000008a3  getString                     
000008bd  isCommand                     
000008ed  waitMicrosecond               
00000919  newDateFromDay                
000009f1  setStoredTimeAndDate          
00000a61  main                          
00000e25  __TI_scanfi                   
00001915  __TI_printfi                  
00001fa0  __STACK_SIZE                  
00002373  __aeabi_idiv0                 
00002373  __aeabi_ldiv0                 
00002375  strtod                        
00002375  strtold                       
00002a45  strtoll                       
00002df1  __aeabi_dsub                  
00002dfb  __aeabi_dadd                  
00002fa9  strtoull                      
00003241  __aeabi_ddiv                  
00003379  strtol                        
000035cd  ldexp                         
000035cd  ldexpl                        
000035cd  scalbn                        
000035cd  scalbnl                       
000036dd  strtoul                       
000037ed  __aeabi_dmul                  
0000399b  __aeabi_memcpy                
0000399b  __aeabi_memcpy4               
0000399b  __aeabi_memcpy8               
0000399b  memcpy                        
00003a37  __aeabi_uldivmod              
00003acd  __aeabi_cdcmpeq               
00003acd  __aeabi_cdcmple               
00003b53  __aeabi_cdrcmple              
00003bd9  __aeabi_memclr                
00003bd9  __aeabi_memclr4               
00003bd9  __aeabi_memclr8               
00003bdb  __aeabi_memset                
00003bdb  __aeabi_memset4               
00003bdb  __aeabi_memset8               
00003be1  memset                        
00003cc1  __aeabi_d2f                   
00003d99  __TI_decompress_lzss          
00003e01  frexp                         
00003e01  frexpl                        
00003ebb  ltoa                          
00003f61  atoi                          
00003fad  __aeabi_d2iz                  
00003ff5  __TI_auto_init_nobinit_nopinit
00004039  sprintf                       
00004079  strtok                        
000040f9  _c_int00_noargs               
00004131  sscanf                        
00004169  __aeabi_i2d                   
00004197  strspn                        
000041c1  strcspn                       
000041e5  memccpy                       
00004219  __aeabi_lmul                  
00004231  strcmp                        
00004249  strrchr                       
00004261  strchr                        
00004277  copysign                      
00004277  copysignl                     
0000428b  strcpy                        
0000429f  strlen                        
000042c5  __TI_zero_init_nomemset       
000042d7  wcslen                        
000042e9  tolower                       
000042f9  __TI_decompress_none          
00004307  ResetISR                      
0000431d  __aeabi_errno_addr            
0000432d  _system_pre_init              
00004331  C$$EXIT                       
00004331  abort                         
00004338  _ctypes_                      
0000452c  __TI_Handler_Table_Base       
00004538  __TI_Handler_Table_Limit      
00004540  __TI_CINIT_Base               
00004550  __TI_CINIT_Limit              
20000000  __stack                       
20000200  __STACK_TOP                   
20001fa0  __STACK_END                   
20001fa0  strinput                      
20002004  tokens                        
20002034  storedDate                    
2000203a  storedTime                    
20002040  daysOfEachMonth               
20002058  errno                         
20002060  NArgs                         
ffffffff  __TI_pprof_out_hndl           
ffffffff  __TI_prof_data_size           
ffffffff  __TI_prof_data_start          
ffffffff  __binit__                     
ffffffff  __c_args__                    
ffffffff  binit                         
UNDEFED   __mpu_init                    
UNDEFED   _system_post_cinit            

[116 symbols]
