******************************************************************************
                  TI ARM Linker PC v18.1.4                     
******************************************************************************
>> Linked Tue Nov 19 13:49:35 2019

OUTPUT FILE NAME:   <m.out>
ENTRY POINT SYMBOL: "_c_int00_noargs"  address: 00005435


MEMORY CONFIGURATION

         name            origin    length      used     unused   attr    fill
----------------------  --------  ---------  --------  --------  ----  --------
  FLASH                 00000000   00040000  000058e8  0003a718  R  X
  SRAM                  20000000   00008000  00002079  00005f87  RW X


SEGMENT ALLOCATION MAP

run origin  load origin   length   init length attrs members
----------  ----------- ---------- ----------- ----- -------
00000000    00000000    000058e8   000058e8    r-x
  00000000    00000000    0000026c   0000026c    r-- .intvecs
  0000026c    0000026c    0000543c   0000543c    r-x .text
  000056a8    000056a8    000001f8   000001f8    r-- .const
  000058a0    000058a0    00000048   00000048    r-- .cinit
20000000    20000000    0000207c   00000000    rw-
  20000000    20000000    00001fa0   00000000    rw- .stack
  20001fa0    20001fa0    000000a9   00000000    rw- .bss
  2000204c    2000204c    00000030   00000000    rw- .data


SECTION ALLOCATION MAP

 output                                  attributes/
section   page    origin      length       input sections
--------  ----  ----------  ----------   ----------------
.intvecs   0    00000000    0000026c     
                  00000000    0000026c     startup_ccs.obj (.intvecs)

.text      0    0000026c    0000543c     
                  0000026c    00000bc4     main.obj (.text)
                  00000e30    00000af0     rtsv7M4_T_le_v4SPD16_eabi.lib : _scanfi.c.obj (.text:__TI_scanfi)
                  00001920    00000a5e                                   : _printfi.c.obj (.text:__TI_printfi)
                  0000237e    00000002                                   : div0.asm.obj (.text)
                  00002380    00000814     Utility.obj (.text)
                  00002b94    00000460     rtsv7M4_T_le_v4SPD16_eabi.lib : strtod.c.obj (.text:strtod)
                  00002ff4    000002d4     MPU.obj (.text)
                  000032c8    00000274     I2C0.obj (.text)
                  0000353c    00000270     rtsv7M4_T_le_v4SPD16_eabi.lib : _printfi.c.obj (.text:_pconv_a)
                  000037ac    00000260     UART0.obj (.text)
                  00003a0c    000001dc     rtsv7M4_T_le_v4SPD16_eabi.lib : strtoll.c.obj (.text:strtoll)
                  00003be8    000001d0                                   : _printfi.c.obj (.text:_pconv_g)
                  00003db8    000001b6                                   : fd_add_t2.asm.obj (.text)
                  00003f6e    00000002     --HOLE-- [fill = 0]
                  00003f70    00000178     RTC.obj (.text)
                  000040e8    0000015c     rtsv7M4_T_le_v4SPD16_eabi.lib : strtoull.c.obj (.text:strtoull)
                  00004244    00000158                                   : e_sqrt.c.obj (.text:sqrt)
                  0000439c    0000013c                                   : _printfi.c.obj (.text:_pconv_e)
                  000044d8    00000136                                   : fd_div_t2.asm.obj (.text)
                  0000460e    00000002     --HOLE-- [fill = 0]
                  00004610    00000130                                   : strtol.c.obj (.text:strtol)
                  00004740    00000124                                   : _printfi.c.obj (.text:fcvt)
                  00004864    00000110                                   : s_scalbn.c.obj (.text:scalbn)
                  00004974    00000110                                   : strtoul.c.obj (.text:strtoul)
                  00004a84    000000fc                                   : fd_mul_t2.asm.obj (.text)
                  00004b80    000000b1                                   : _printfi.c.obj (.text:_ltostr)
                  00004c31    00000003     --HOLE-- [fill = 0]
                  00004c34    000000a4     Temp.obj (.text)
                  00004cd8    0000009c     rtsv7M4_T_le_v4SPD16_eabi.lib : memcpy_t2.asm.obj (.text)
                  00004d74    00000096                                   : ull_div_t2.asm.obj (.text)
                  00004e0a    00000086                                   : fd_cmp_t2.asm.obj (.text:__aeabi_cdcmple)
                  00004e90    00000086                                   : fd_cmp_t2.asm.obj (.text:__aeabi_cdrcmple)
                  00004f16    0000007a                                   : memset_t2.asm.obj (.text)
                  00004f90    0000006e                                   : _printfi.c.obj (.text:_mcpy)
                  00004ffe    0000006e                                   : fd_tos_t2.asm.obj (.text)
                  0000506c    00000068                                   : sscanf.c.obj (.text:_chkmbc)
                  000050d4    00000068                                   : copy_decompress_lzss.c.obj (.text:decompress:lzss:__TI_decompress_lzss)
                  0000513c    00000064                                   : s_frexp.c.obj (.text:frexp)
                  000051a0    00000056                                   : _printfi.c.obj (.text:_pconv_f)
                  000051f6    00000054                                   : ltoa.c.obj (.text:ltoa)
                  0000524a    00000052                                   : _printfi.c.obj (.text:_ecpy)
                  0000529c    0000004c                                   : atoi.c.obj (.text:atoi)
                  000052e8    00000048                                   : fd_toi_t2.asm.obj (.text)
                  00005330    00000044                                   : autoinit.c.obj (.text:__TI_auto_init_nobinit_nopinit:__TI_auto_init_nobinit_nopinit)
                  00005374    00000040                                   : sprintf.c.obj (.text:sprintf)
                  000053b4    00000040                                   : strtok.c.obj (.text:strtok)
                  000053f4    0000003e                                   : _printfi.c.obj (.text:_fcpy)
                  00005432    00000002     --HOLE-- [fill = 0]
                  00005434    00000038                                   : boot_cortex_m.c.obj (.text:_c_int00_noargs:_c_int00_noargs)
                  0000546c    00000038                                   : fs_tod_t2.asm.obj (.text)
                  000054a4    00000038                                   : sscanf.c.obj (.text:sscanf)
                  000054dc    0000002e                                   : i_tofd_t2.asm.obj (.text)
                  0000550a    0000002a                                   : strspn.c.obj (.text:strspn)
                  00005534    00000024                                   : strcspn.c.obj (.text:strcspn)
                  00005558    0000001c                                   : memccpy.c.obj (.text:memccpy)
                  00005574    00000018                                   : sprintf.c.obj (.text:_outs)
                  0000558c    00000018                                   : ll_mul_t2.asm.obj (.text)
                  000055a4    00000018                                   : strcmp.c.obj (.text:strcmp)
                  000055bc    00000018                                   : strrchr.c.obj (.text:strrchr)
                  000055d4    00000016                                   : strchr.c.obj (.text:strchr)
                  000055ea    00000014                                   : s_copysign.c.obj (.text:copysign)
                  000055fe    00000014                                   : strcpy.c.obj (.text:strcpy)
                  00005612    00000014                                   : strlen.c.obj (.text:strlen)
                  00005626    00000012                                   : sscanf.c.obj (.text:_inpchar)
                  00005638    00000012                                   : copy_zero_init.c.obj (.text:decompress:ZI:__TI_zero_init_nomemset:__TI_zero_init_nomemset)
                  0000564a    00000012                                   : wcslen.c.obj (.text:wcslen)
                  0000565c    00000010                                   : tolower.c.obj (.text:tolower)
                  0000566c    0000000e                                   : copy_decompress_none.c.obj (.text:decompress:none:__TI_decompress_none)
                  0000567a    0000000c     startup_ccs.obj (.text)
                  00005686    0000000a     rtsv7M4_T_le_v4SPD16_eabi.lib : sprintf.c.obj (.text:_outc)
                  00005690    00000008                                   : errno.c.obj (.text:__aeabi_errno_addr)
                  00005698    00000008                                   : sscanf.c.obj (.text:_uninpchar)
                  000056a0    00000004                                   : pre_init.c.obj (.text:_system_pre_init)
                  000056a4    00000004                                   : exit.c.obj (.text:abort:abort)

.const     0    000056a8    000001f8     
                  000056a8    00000101     rtsv7M4_T_le_v4SPD16_eabi.lib : ctype.c.obj (.const:.string:_ctypes_)
                  000057a9    00000007     --HOLE-- [fill = 0]
                  000057b0    000000c8                                   : strtod.c.obj (.const:$O1$$)
                  00005878    00000018     Utility.obj (.const:$P$T0$1)
                  00005890    00000010     rtsv7M4_T_le_v4SPD16_eabi.lib : _scanfi.c.obj (.const:$O1$$)

.cinit     0    000058a0    00000048     
                  000058a0    0000001e     (.cinit..data.load) [load image, compression = lzss]
                  000058be    00000002     --HOLE-- [fill = 0]
                  000058c0    0000000c     (__TI_handler_table)
                  000058cc    00000004     --HOLE-- [fill = 0]
                  000058d0    00000008     (.cinit..bss.load) [load image, compression = zero_init]
                  000058d8    00000010     (__TI_cinit_table)

.init_array 
*          0    00000000    00000000     UNINITIALIZED

.bss       0    20001fa0    000000a9     UNINITIALIZED
                  20001fa0    00000064     (.common:strinput)
                  20002004    00000028     (.common:tokens)
                  2000202c    00000008     UART0.obj (.bss)
                  20002034    00000006     (.common:storedDate)
                  2000203a    00000006     (.common:storedTime)
                  20002040    00000004     (.common:T)
                  20002044    00000004     (.common:level)
                  20002048    00000001     (.common:LTflag)

.data      0    2000204c    00000030     UNINITIALIZED
                  2000204c    00000018     main.obj (.data:daysOfEachMonth)
                  20002064    00000010     main.obj (.data)
                  20002074    00000004     rtsv7M4_T_le_v4SPD16_eabi.lib : errno.c.obj (.data)
                  20002078    00000004                                   : strtok.c.obj (.data)

.stack     0    20000000    00001fa0     UNINITIALIZED
                  20000000    00000004     rtsv7M4_T_le_v4SPD16_eabi.lib : boot_cortex_m.c.obj (.stack)
                  20000004    00001f9c     --HOLE--

MODULE SUMMARY

       Module                       code    ro data   rw data
       ------                       ----    -------   -------
    .\
       main.obj                     3012    0         201    
       Utility.obj                  2068    24        0      
       MPU.obj                      724     0         0      
       startup_ccs.obj              12      620       0      
       I2C0.obj                     628     0         0      
       UART0.obj                    608     0         8      
       RTC.obj                      376     0         0      
       Temp.obj                     164     0         0      
    +--+----------------------------+-------+---------+---------+
       Total:                       7592    644       209    
                                                             
    C:\ti\ccsv8\tools\compiler\ti-cgt-arm_18.1.4.LTS\lib\rtsv7M4_T_le_v4SPD16_eabi.lib
       _printfi.c.obj               4867    0         0      
       _scanfi.c.obj                2800    16        0      
       strtod.c.obj                 1120    200       0      
       strtoll.c.obj                476     0         0      
       fd_add_t2.asm.obj            438     0         0      
       strtoull.c.obj               348     0         0      
       e_sqrt.c.obj                 344     0         0      
       fd_div_t2.asm.obj            310     0         0      
       strtol.c.obj                 304     0         0      
       s_scalbn.c.obj               272     0         0      
       strtoul.c.obj                272     0         0      
       fd_cmp_t2.asm.obj            268     0         0      
       ctype.c.obj                  0       257       0      
       fd_mul_t2.asm.obj            252     0         0      
       sscanf.c.obj                 186     0         0      
       memcpy_t2.asm.obj            156     0         0      
       ull_div_t2.asm.obj           150     0         0      
       memset_t2.asm.obj            122     0         0      
       fd_tos_t2.asm.obj            110     0         0      
       copy_decompress_lzss.c.obj   104     0         0      
       s_frexp.c.obj                100     0         0      
       sprintf.c.obj                98      0         0      
       ltoa.c.obj                   84      0         0      
       atoi.c.obj                   76      0         0      
       fd_toi_t2.asm.obj            72      0         0      
       autoinit.c.obj               68      0         0      
       strtok.c.obj                 64      0         4      
       boot_cortex_m.c.obj          56      0         0      
       fs_tod_t2.asm.obj            56      0         0      
       i_tofd_t2.asm.obj            46      0         0      
       strspn.c.obj                 42      0         0      
       strcspn.c.obj                36      0         0      
       memccpy.c.obj                28      0         0      
       ll_mul_t2.asm.obj            24      0         0      
       strcmp.c.obj                 24      0         0      
       strrchr.c.obj                24      0         0      
       strchr.c.obj                 22      0         0      
       s_copysign.c.obj             20      0         0      
       strcpy.c.obj                 20      0         0      
       strlen.c.obj                 20      0         0      
       copy_zero_init.c.obj         18      0         0      
       wcslen.c.obj                 18      0         0      
       tolower.c.obj                16      0         0      
       copy_decompress_none.c.obj   14      0         0      
       errno.c.obj                  8       0         4      
       exit.c.obj                   4       0         0      
       pre_init.c.obj               4       0         0      
       div0.asm.obj                 2       0         0      
    +--+----------------------------+-------+---------+---------+
       Total:                       13963   473       8      
                                                             
       Stack:                       0       0         8096   
       Linker Generated:            0       66        0      
    +--+----------------------------+-------+---------+---------+
       Grand Total:                 21555   1183      8313   


LINKER GENERATED COPY TABLES

__TI_cinit_table @ 000058d8 records: 2, size/record: 8, table size: 16
	.data: load addr=000058a0, load size=0000001e bytes, run addr=2000204c, run size=00000030 bytes, compression=lzss
	.bss: load addr=000058d0, load size=00000008 bytes, run addr=20001fa0, run size=000000a9 bytes, compression=zero_init


LINKER GENERATED HANDLER TABLE

__TI_handler_table @ 000058c0 records: 3, size/record: 4, table size: 12
	index: 0, handler: __TI_decompress_lzss
	index: 1, handler: __TI_decompress_none
	index: 2, handler: __TI_zero_init


GLOBAL SYMBOLS: SORTED ALPHABETICALLY BY Name 

address   name                          
-------   ----                          
000056a5  C$$EXIT                       
20002070  H                             
2000206e  Hflag                         
0000407b  HibIsr                        
20002048  LTflag                        
00002af5  MPUIsr                        
20002064  NArgs                         
2000206c  NSamples                      
2000206d  Para                          
20002068  RTC_Old                       
0000567b  ResetISR                      
000025f9  Sample                        
000026ed  SampleWrapper                 
20002040  T                             
20001fa0  __STACK_END                   
00001fa0  __STACK_SIZE                  
20000200  __STACK_TOP                   
000058d8  __TI_CINIT_Base               
000058e8  __TI_CINIT_Limit              
000058c0  __TI_Handler_Table_Base       
000058cc  __TI_Handler_Table_Limit      
00005331  __TI_auto_init_nobinit_nopinit
000050d5  __TI_decompress_lzss          
0000566d  __TI_decompress_none          
ffffffff  __TI_pprof_out_hndl           
00001921  __TI_printfi                  
ffffffff  __TI_prof_data_size           
ffffffff  __TI_prof_data_start          
00000e31  __TI_scanfi                   
00000000  __TI_static_base__            
00005639  __TI_zero_init_nomemset       
00004e0b  __aeabi_cdcmpeq               
00004e0b  __aeabi_cdcmple               
00004e91  __aeabi_cdrcmple              
00004fff  __aeabi_d2f                   
000052e9  __aeabi_d2iz                  
00003dc3  __aeabi_dadd                  
000044d9  __aeabi_ddiv                  
00004a85  __aeabi_dmul                  
00003db9  __aeabi_dsub                  
00005691  __aeabi_errno_addr            
0000546d  __aeabi_f2d                   
000054dd  __aeabi_i2d                   
0000237f  __aeabi_idiv0                 
0000237f  __aeabi_ldiv0                 
0000558d  __aeabi_lmul                  
00004f17  __aeabi_memclr                
00004f17  __aeabi_memclr4               
00004f17  __aeabi_memclr8               
00004cd9  __aeabi_memcpy                
00004cd9  __aeabi_memcpy4               
00004cd9  __aeabi_memcpy8               
00004f19  __aeabi_memset                
00004f19  __aeabi_memset4               
00004f19  __aeabi_memset8               
00004d75  __aeabi_uldivmod              
ffffffff  __binit__                     
ffffffff  __c_args__                    
UNDEFED   __mpu_init                    
20000000  __stack                       
00005435  _c_int00_noargs               
000056a8  _ctypes_                      
UNDEFED   _system_post_cinit            
000056a1  _system_pre_init              
000056a5  abort                         
0000241b  abs                           
00002433  absfloat                      
000023b5  asciiToFloat                  
000023e9  asciiToUint32                 
00002381  asciiToUint8                  
0000529d  atoi                          
ffffffff  binit                         
000055eb  copysign                      
000055eb  copysignl                     
2000204c  daysOfEachMonth               
00004029  endMatch                      
20002074  errno                         
000025ad  eucDis                        
0000513d  frexp                         
0000513d  frexpl                        
00000000  g_pfnVectors                  
000002f3  getString                     
00004c8b  getTemp                       
000002d7  getValue                      
00003869  getcUart0                     
00003943  getsUart0                     
0000026d  initHw                        
000032c9  initI2c0                      
00002ff5  initMPU9250                   
00003f71  initRTC                       
00004c35  initTemp                      
000037ad  initUART0                     
0000030d  isCommand                     
000034e5  isI2c0Error                   
00004865  ldexp                         
00004865  ldexpl                        
20002044  level                         
000051f7  ltoa                          
00000689  main                          
00005559  memccpy                       
00004cd9  memcpy                        
00004f1f  memset                        
00000335  newDateFromDay                
00000297  parse_string                  
0000349f  pollI2c0Address               
00000519  printDate                     
00000487  printTime                     
0000381b  putcUart0                     
00003837  putsUart0                     
00003033  readAccelData                 
000030b1  readGyroData                  
00003441  readI2c0Register              
0000312f  readMagData                   
00003f83  resetRTC                      
00004865  scalbn                        
00004865  scalbnl                       
0000040d  setStoredTimeAndDate          
00005375  sprintf                       
00004245  sqrt                          
00004245  sqrtl                         
000054a5  sscanf                        
00003f93  startMatch                    
000031fd  startTrigger                  
0000327d  stopTrigger                   
20002034  storedDate                    
2000203a  storedTime                    
000055d5  strchr                        
000055a5  strcmp                        
000055ff  strcpy                        
00005535  strcspn                       
20001fa0  strinput                      
00005613  strlen                        
000055bd  strrchr                       
0000550b  strspn                        
00002b95  strtod                        
000053b5  strtok                        
0000387d  strtokk                       
00004611  strtol                        
00002b95  strtold                       
00003a0d  strtoll                       
00004975  strtoul                       
000040e9  strtoull                      
20002004  tokens                        
0000565d  tolower                       
000024cd  validateDate                  
00002b1b  validateInput                 
00002483  validateTime                  
0000245f  waitMicrosecond               
0000564b  wcslen                        
00003331  writeI2c0Register             
00003387  writeI2c0Registers            


GLOBAL SYMBOLS: SORTED BY Symbol Address 

address   name                          
-------   ----                          
00000000  __TI_static_base__            
00000000  g_pfnVectors                  
0000026d  initHw                        
00000297  parse_string                  
000002d7  getValue                      
000002f3  getString                     
0000030d  isCommand                     
00000335  newDateFromDay                
0000040d  setStoredTimeAndDate          
00000487  printTime                     
00000519  printDate                     
00000689  main                          
00000e31  __TI_scanfi                   
00001921  __TI_printfi                  
00001fa0  __STACK_SIZE                  
0000237f  __aeabi_idiv0                 
0000237f  __aeabi_ldiv0                 
00002381  asciiToUint8                  
000023b5  asciiToFloat                  
000023e9  asciiToUint32                 
0000241b  abs                           
00002433  absfloat                      
0000245f  waitMicrosecond               
00002483  validateTime                  
000024cd  validateDate                  
000025ad  eucDis                        
000025f9  Sample                        
000026ed  SampleWrapper                 
00002af5  MPUIsr                        
00002b1b  validateInput                 
00002b95  strtod                        
00002b95  strtold                       
00002ff5  initMPU9250                   
00003033  readAccelData                 
000030b1  readGyroData                  
0000312f  readMagData                   
000031fd  startTrigger                  
0000327d  stopTrigger                   
000032c9  initI2c0                      
00003331  writeI2c0Register             
00003387  writeI2c0Registers            
00003441  readI2c0Register              
0000349f  pollI2c0Address               
000034e5  isI2c0Error                   
000037ad  initUART0                     
0000381b  putcUart0                     
00003837  putsUart0                     
00003869  getcUart0                     
0000387d  strtokk                       
00003943  getsUart0                     
00003a0d  strtoll                       
00003db9  __aeabi_dsub                  
00003dc3  __aeabi_dadd                  
00003f71  initRTC                       
00003f83  resetRTC                      
00003f93  startMatch                    
00004029  endMatch                      
0000407b  HibIsr                        
000040e9  strtoull                      
00004245  sqrt                          
00004245  sqrtl                         
000044d9  __aeabi_ddiv                  
00004611  strtol                        
00004865  ldexp                         
00004865  ldexpl                        
00004865  scalbn                        
00004865  scalbnl                       
00004975  strtoul                       
00004a85  __aeabi_dmul                  
00004c35  initTemp                      
00004c8b  getTemp                       
00004cd9  __aeabi_memcpy                
00004cd9  __aeabi_memcpy4               
00004cd9  __aeabi_memcpy8               
00004cd9  memcpy                        
00004d75  __aeabi_uldivmod              
00004e0b  __aeabi_cdcmpeq               
00004e0b  __aeabi_cdcmple               
00004e91  __aeabi_cdrcmple              
00004f17  __aeabi_memclr                
00004f17  __aeabi_memclr4               
00004f17  __aeabi_memclr8               
00004f19  __aeabi_memset                
00004f19  __aeabi_memset4               
00004f19  __aeabi_memset8               
00004f1f  memset                        
00004fff  __aeabi_d2f                   
000050d5  __TI_decompress_lzss          
0000513d  frexp                         
0000513d  frexpl                        
000051f7  ltoa                          
0000529d  atoi                          
000052e9  __aeabi_d2iz                  
00005331  __TI_auto_init_nobinit_nopinit
00005375  sprintf                       
000053b5  strtok                        
00005435  _c_int00_noargs               
0000546d  __aeabi_f2d                   
000054a5  sscanf                        
000054dd  __aeabi_i2d                   
0000550b  strspn                        
00005535  strcspn                       
00005559  memccpy                       
0000558d  __aeabi_lmul                  
000055a5  strcmp                        
000055bd  strrchr                       
000055d5  strchr                        
000055eb  copysign                      
000055eb  copysignl                     
000055ff  strcpy                        
00005613  strlen                        
00005639  __TI_zero_init_nomemset       
0000564b  wcslen                        
0000565d  tolower                       
0000566d  __TI_decompress_none          
0000567b  ResetISR                      
00005691  __aeabi_errno_addr            
000056a1  _system_pre_init              
000056a5  C$$EXIT                       
000056a5  abort                         
000056a8  _ctypes_                      
000058c0  __TI_Handler_Table_Base       
000058cc  __TI_Handler_Table_Limit      
000058d8  __TI_CINIT_Base               
000058e8  __TI_CINIT_Limit              
20000000  __stack                       
20000200  __STACK_TOP                   
20001fa0  __STACK_END                   
20001fa0  strinput                      
20002004  tokens                        
20002034  storedDate                    
2000203a  storedTime                    
20002040  T                             
20002044  level                         
20002048  LTflag                        
2000204c  daysOfEachMonth               
20002064  NArgs                         
20002068  RTC_Old                       
2000206c  NSamples                      
2000206d  Para                          
2000206e  Hflag                         
20002070  H                             
20002074  errno                         
ffffffff  __TI_pprof_out_hndl           
ffffffff  __TI_prof_data_size           
ffffffff  __TI_prof_data_start          
ffffffff  __binit__                     
ffffffff  __c_args__                    
ffffffff  binit                         
UNDEFED   __mpu_init                    
UNDEFED   _system_post_cinit            

[151 symbols]
