******************************************************************************
                  TI ARM Linker PC v18.1.4                     
******************************************************************************
>> Linked Thu Nov 21 20:28:47 2019

OUTPUT FILE NAME:   <m.out>
ENTRY POINT SYMBOL: "_c_int00_noargs"  address: 00005639


MEMORY CONFIGURATION

         name            origin    length      used     unused   attr    fill
----------------------  --------  ---------  --------  --------  ----  --------
  FLASH                 00000000   00040000  00005aec  0003a514  R  X
  SRAM                  20000000   00008000  00002081  00005f7f  RW X


SEGMENT ALLOCATION MAP

run origin  load origin   length   init length attrs members
----------  ----------- ---------- ----------- ----- -------
00000000    00000000    00005af0   00005af0    r-x
  00000000    00000000    0000026c   0000026c    r-- .intvecs
  0000026c    0000026c    00005640   00005640    r-x .text
  000058b0    000058b0    000001f8   000001f8    r-- .const
  00005aa8    00005aa8    00000048   00000048    r-- .cinit
20000000    20000000    00002084   00000000    rw-
  20000000    20000000    00001fa0   00000000    rw- .stack
  20001fa0    20001fa0    000000a9   00000000    rw- .bss
  2000204c    2000204c    00000038   00000000    rw- .data


SECTION ALLOCATION MAP

 output                                  attributes/
section   page    origin      length       input sections
--------  ----  ----------  ----------   ----------------
.intvecs   0    00000000    0000026c     
                  00000000    0000026c     startup_ccs.obj (.intvecs)

.text      0    0000026c    00005640     
                  0000026c    00000c50     main.obj (.text)
                  00000ebc    00000af0     rtsv7M4_T_le_v4SPD16_eabi.lib : _scanfi.c.obj (.text:__TI_scanfi)
                  000019ac    00000a5e                                   : _printfi.c.obj (.text:__TI_printfi)
                  0000240a    00000002                                   : div0.asm.obj (.text)
                  0000240c    0000098c     Utility.obj (.text)
                  00002d98    00000460     rtsv7M4_T_le_v4SPD16_eabi.lib : strtod.c.obj (.text:strtod)
                  000031f8    000002d4     MPU.obj (.text)
                  000034cc    00000274     I2C0.obj (.text)
                  00003740    00000270     rtsv7M4_T_le_v4SPD16_eabi.lib : _printfi.c.obj (.text:_pconv_a)
                  000039b0    00000260     UART0.obj (.text)
                  00003c10    000001dc     rtsv7M4_T_le_v4SPD16_eabi.lib : strtoll.c.obj (.text:strtoll)
                  00003dec    000001d0                                   : _printfi.c.obj (.text:_pconv_g)
                  00003fbc    000001b6                                   : fd_add_t2.asm.obj (.text)
                  00004172    00000002     --HOLE-- [fill = 0]
                  00004174    00000178     RTC.obj (.text)
                  000042ec    0000015c     rtsv7M4_T_le_v4SPD16_eabi.lib : strtoull.c.obj (.text:strtoull)
                  00004448    00000158                                   : e_sqrt.c.obj (.text:sqrt)
                  000045a0    0000013c                                   : _printfi.c.obj (.text:_pconv_e)
                  000046dc    00000136                                   : fd_div_t2.asm.obj (.text)
                  00004812    00000002     --HOLE-- [fill = 0]
                  00004814    00000130                                   : strtol.c.obj (.text:strtol)
                  00004944    00000124                                   : _printfi.c.obj (.text:fcvt)
                  00004a68    00000110                                   : s_scalbn.c.obj (.text:scalbn)
                  00004b78    00000110                                   : strtoul.c.obj (.text:strtoul)
                  00004c88    000000fc                                   : fd_mul_t2.asm.obj (.text)
                  00004d84    000000b1                                   : _printfi.c.obj (.text:_ltostr)
                  00004e35    00000003     --HOLE-- [fill = 0]
                  00004e38    000000a4     Temp.obj (.text)
                  00004edc    0000009c     rtsv7M4_T_le_v4SPD16_eabi.lib : memcpy_t2.asm.obj (.text)
                  00004f78    00000096                                   : ull_div_t2.asm.obj (.text)
                  0000500e    00000086                                   : fd_cmp_t2.asm.obj (.text:__aeabi_cdcmple)
                  00005094    00000086                                   : fd_cmp_t2.asm.obj (.text:__aeabi_cdrcmple)
                  0000511a    0000007a                                   : memset_t2.asm.obj (.text)
                  00005194    0000006e                                   : _printfi.c.obj (.text:_mcpy)
                  00005202    0000006e                                   : fd_tos_t2.asm.obj (.text)
                  00005270    00000068                                   : sscanf.c.obj (.text:_chkmbc)
                  000052d8    00000068                                   : copy_decompress_lzss.c.obj (.text:decompress:lzss:__TI_decompress_lzss)
                  00005340    00000064                                   : s_frexp.c.obj (.text:frexp)
                  000053a4    00000056                                   : _printfi.c.obj (.text:_pconv_f)
                  000053fa    00000054                                   : ltoa.c.obj (.text:ltoa)
                  0000544e    00000052                                   : _printfi.c.obj (.text:_ecpy)
                  000054a0    0000004c                                   : atoi.c.obj (.text:atoi)
                  000054ec    00000048                                   : fd_toi_t2.asm.obj (.text)
                  00005534    00000044                                   : autoinit.c.obj (.text:__TI_auto_init_nobinit_nopinit:__TI_auto_init_nobinit_nopinit)
                  00005578    00000040                                   : sprintf.c.obj (.text:sprintf)
                  000055b8    00000040                                   : strtok.c.obj (.text:strtok)
                  000055f8    0000003e                                   : _printfi.c.obj (.text:_fcpy)
                  00005636    00000002     --HOLE-- [fill = 0]
                  00005638    00000038                                   : boot_cortex_m.c.obj (.text:_c_int00_noargs:_c_int00_noargs)
                  00005670    00000038                                   : fs_tod_t2.asm.obj (.text)
                  000056a8    00000038                                   : sscanf.c.obj (.text:sscanf)
                  000056e0    0000002e                                   : i_tofd_t2.asm.obj (.text)
                  0000570e    0000002a                                   : strspn.c.obj (.text:strspn)
                  00005738    00000024                                   : strcspn.c.obj (.text:strcspn)
                  0000575c    0000001c                                   : memccpy.c.obj (.text:memccpy)
                  00005778    00000018                                   : sprintf.c.obj (.text:_outs)
                  00005790    00000018                                   : ll_mul_t2.asm.obj (.text)
                  000057a8    00000018                                   : strcmp.c.obj (.text:strcmp)
                  000057c0    00000018                                   : strrchr.c.obj (.text:strrchr)
                  000057d8    00000016                                   : strchr.c.obj (.text:strchr)
                  000057ee    00000014                                   : s_copysign.c.obj (.text:copysign)
                  00005802    00000014                                   : strcpy.c.obj (.text:strcpy)
                  00005816    00000014                                   : strlen.c.obj (.text:strlen)
                  0000582a    00000012                                   : sscanf.c.obj (.text:_inpchar)
                  0000583c    00000012                                   : copy_zero_init.c.obj (.text:decompress:ZI:__TI_zero_init_nomemset:__TI_zero_init_nomemset)
                  0000584e    00000012                                   : wcslen.c.obj (.text:wcslen)
                  00005860    00000010                                   : tolower.c.obj (.text:tolower)
                  00005870    0000000e                                   : copy_decompress_none.c.obj (.text:decompress:none:__TI_decompress_none)
                  0000587e    0000000c     startup_ccs.obj (.text)
                  0000588a    0000000a     rtsv7M4_T_le_v4SPD16_eabi.lib : sprintf.c.obj (.text:_outc)
                  00005894    00000008                                   : errno.c.obj (.text:__aeabi_errno_addr)
                  0000589c    00000008                                   : sscanf.c.obj (.text:_uninpchar)
                  000058a4    00000004                                   : pre_init.c.obj (.text:_system_pre_init)
                  000058a8    00000004                                   : exit.c.obj (.text:abort:abort)

.const     0    000058b0    000001f8     
                  000058b0    00000101     rtsv7M4_T_le_v4SPD16_eabi.lib : ctype.c.obj (.const:.string:_ctypes_)
                  000059b1    00000007     --HOLE-- [fill = 0]
                  000059b8    000000c8                                   : strtod.c.obj (.const:$O1$$)
                  00005a80    00000018     Utility.obj (.const:$P$T0$1)
                  00005a98    00000010     rtsv7M4_T_le_v4SPD16_eabi.lib : _scanfi.c.obj (.const:$O1$$)

.cinit     0    00005aa8    00000048     
                  00005aa8    00000021     (.cinit..data.load) [load image, compression = lzss]
                  00005ac9    00000003     --HOLE-- [fill = 0]
                  00005acc    0000000c     (__TI_handler_table)
                  00005ad8    00000008     (.cinit..bss.load) [load image, compression = zero_init]
                  00005ae0    00000010     (__TI_cinit_table)

.init_array 
*          0    00000000    00000000     UNINITIALIZED

.bss       0    20001fa0    000000a9     UNINITIALIZED
                  20001fa0    00000064     (.common:strinput)
                  20002004    00000028     (.common:tokens)
                  2000202c    00000008     UART0.obj (.bss)
                  20002034    00000006     (.common:storedDate)
                  2000203a    00000006     (.common:storedTime)
                  20002040    00000004     (.common:level)
                  20002044    00000004     (.common:state)
                  20002048    00000001     (.common:LTflag)

.data      0    2000204c    00000038     UNINITIALIZED
                  2000204c    00000018     main.obj (.data:daysOfEachMonth)
                  20002064    00000015     main.obj (.data)
                  20002079    00000003     --HOLE--
                  2000207c    00000004     rtsv7M4_T_le_v4SPD16_eabi.lib : errno.c.obj (.data)
                  20002080    00000004                                   : strtok.c.obj (.data)

.stack     0    20000000    00001fa0     UNINITIALIZED
                  20000000    00000004     rtsv7M4_T_le_v4SPD16_eabi.lib : boot_cortex_m.c.obj (.stack)
                  20000004    00001f9c     --HOLE--

MODULE SUMMARY

       Module                       code    ro data   rw data
       ------                       ----    -------   -------
    .\
       main.obj                     3152    0         206    
       Utility.obj                  2444    24        0      
       MPU.obj                      724     0         0      
       startup_ccs.obj              12      620       0      
       I2C0.obj                     628     0         0      
       UART0.obj                    608     0         8      
       RTC.obj                      376     0         0      
       Temp.obj                     164     0         0      
    +--+----------------------------+-------+---------+---------+
       Total:                       8108    644       214    
                                                             
    C:\ti\ccsv8\tools\compiler\ti-cgt-arm_18.1.4.LTS\lib\rtsv7M4_T_le_v4SPD16_eabi.lib
       _printfi.c.obj               4867    0         0      
       _scanfi.c.obj                2800    16        0      
       strtod.c.obj                 1120    200       0      
       strtoll.c.obj                476     0         0      
       fd_add_t2.asm.obj            438     0         0      
       strtoull.c.obj               348     0         0      
       e_sqrt.c.obj                 344     0         0      
       fd_div_t2.asm.obj            310     0         0      
       strtol.c.obj                 304     0         0      
       s_scalbn.c.obj               272     0         0      
       strtoul.c.obj                272     0         0      
       fd_cmp_t2.asm.obj            268     0         0      
       ctype.c.obj                  0       257       0      
       fd_mul_t2.asm.obj            252     0         0      
       sscanf.c.obj                 186     0         0      
       memcpy_t2.asm.obj            156     0         0      
       ull_div_t2.asm.obj           150     0         0      
       memset_t2.asm.obj            122     0         0      
       fd_tos_t2.asm.obj            110     0         0      
       copy_decompress_lzss.c.obj   104     0         0      
       s_frexp.c.obj                100     0         0      
       sprintf.c.obj                98      0         0      
       ltoa.c.obj                   84      0         0      
       atoi.c.obj                   76      0         0      
       fd_toi_t2.asm.obj            72      0         0      
       autoinit.c.obj               68      0         0      
       strtok.c.obj                 64      0         4      
       boot_cortex_m.c.obj          56      0         0      
       fs_tod_t2.asm.obj            56      0         0      
       i_tofd_t2.asm.obj            46      0         0      
       strspn.c.obj                 42      0         0      
       strcspn.c.obj                36      0         0      
       memccpy.c.obj                28      0         0      
       ll_mul_t2.asm.obj            24      0         0      
       strcmp.c.obj                 24      0         0      
       strrchr.c.obj                24      0         0      
       strchr.c.obj                 22      0         0      
       s_copysign.c.obj             20      0         0      
       strcpy.c.obj                 20      0         0      
       strlen.c.obj                 20      0         0      
       copy_zero_init.c.obj         18      0         0      
       wcslen.c.obj                 18      0         0      
       tolower.c.obj                16      0         0      
       copy_decompress_none.c.obj   14      0         0      
       errno.c.obj                  8       0         4      
       exit.c.obj                   4       0         0      
       pre_init.c.obj               4       0         0      
       div0.asm.obj                 2       0         0      
    +--+----------------------------+-------+---------+---------+
       Total:                       13963   473       8      
                                                             
       Stack:                       0       0         8096   
       Linker Generated:            0       69        0      
    +--+----------------------------+-------+---------+---------+
       Grand Total:                 22071   1186      8318   


LINKER GENERATED COPY TABLES

__TI_cinit_table @ 00005ae0 records: 2, size/record: 8, table size: 16
	.data: load addr=00005aa8, load size=00000021 bytes, run addr=2000204c, run size=00000038 bytes, compression=lzss
	.bss: load addr=00005ad8, load size=00000008 bytes, run addr=20001fa0, run size=000000a9 bytes, compression=zero_init


LINKER GENERATED HANDLER TABLE

__TI_handler_table @ 00005acc records: 3, size/record: 4, table size: 12
	index: 0, handler: __TI_decompress_lzss
	index: 1, handler: __TI_decompress_none
	index: 2, handler: __TI_zero_init


GLOBAL SYMBOLS: SORTED ALPHABETICALLY BY Name 

address   name                          
-------   ----                          
000058a9  C$$EXIT                       
20002074  H                             
20002072  Hflag                         
0000427f  HibIsr                        
20002048  LTflag                        
00002b81  MPUIsr                        
20002064  NArgs                         
20002070  NSamples                      
20002071  Para                          
20002068  RTC_Old                       
0000587f  ResetISR                      
00002685  Sample                        
00002779  SampleWrapper                 
00002c01  SetGating                     
2000206c  T                             
20001fa0  __STACK_END                   
00001fa0  __STACK_SIZE                  
20000200  __STACK_TOP                   
00005ae0  __TI_CINIT_Base               
00005af0  __TI_CINIT_Limit              
00005acc  __TI_Handler_Table_Base       
00005ad8  __TI_Handler_Table_Limit      
00005535  __TI_auto_init_nobinit_nopinit
000052d9  __TI_decompress_lzss          
00005871  __TI_decompress_none          
ffffffff  __TI_pprof_out_hndl           
000019ad  __TI_printfi                  
ffffffff  __TI_prof_data_size           
ffffffff  __TI_prof_data_start          
00000ebd  __TI_scanfi                   
00000000  __TI_static_base__            
0000583d  __TI_zero_init_nomemset       
0000500f  __aeabi_cdcmpeq               
0000500f  __aeabi_cdcmple               
00005095  __aeabi_cdrcmple              
00005203  __aeabi_d2f                   
000054ed  __aeabi_d2iz                  
00003fc7  __aeabi_dadd                  
000046dd  __aeabi_ddiv                  
00004c89  __aeabi_dmul                  
00003fbd  __aeabi_dsub                  
00005895  __aeabi_errno_addr            
00005671  __aeabi_f2d                   
000056e1  __aeabi_i2d                   
0000240b  __aeabi_idiv0                 
0000240b  __aeabi_ldiv0                 
00005791  __aeabi_lmul                  
0000511b  __aeabi_memclr                
0000511b  __aeabi_memclr4               
0000511b  __aeabi_memclr8               
00004edd  __aeabi_memcpy                
00004edd  __aeabi_memcpy4               
00004edd  __aeabi_memcpy8               
0000511d  __aeabi_memset                
0000511d  __aeabi_memset4               
0000511d  __aeabi_memset8               
00004f79  __aeabi_uldivmod              
ffffffff  __binit__                     
ffffffff  __c_args__                    
UNDEFED   __mpu_init                    
20000000  __stack                       
00005639  _c_int00_noargs               
000058b0  _ctypes_                      
UNDEFED   _system_post_cinit            
000058a5  _system_pre_init              
000058a9  abort                         
000024a7  abs                           
000024bf  absfloat                      
00002441  asciiToFloat                  
00002475  asciiToUint32                 
0000240d  asciiToUint8                  
000054a1  atoi                          
ffffffff  binit                         
000057ef  copysign                      
000057ef  copysignl                     
2000204c  daysOfEachMonth               
0000422d  endMatch                      
2000207c  errno                         
00002639  eucDis                        
00005341  frexp                         
00005341  frexpl                        
00000000  g_pfnVectors                  
000002f3  getString                     
00004e8f  getTemp                       
000002d7  getValue                      
00003a6d  getcUart0                     
00003b47  getsUart0                     
0000026d  initHw                        
000034cd  initI2c0                      
000031f9  initMPU9250                   
00004175  initRTC                       
00004e39  initTemp                      
000039b1  initUART0                     
0000030d  isCommand                     
000036e9  isI2c0Error                   
00004a69  ldexp                         
00004a69  ldexpl                        
20002040  level                         
20002078  logMask                       
000053fb  ltoa                          
00000689  main                          
0000575d  memccpy                       
00004edd  memcpy                        
00005123  memset                        
00000335  newDateFromDay                
00002d09  nextPage                      
00000297  parse_string                  
000036a3  pollI2c0Address               
00000519  printDate                     
00000487  printTime                     
00003a1f  putcUart0                     
00003a3b  putsUart0                     
00003237  readAccelData                 
000032b5  readGyroData                  
00003645  readI2c0Register              
00003333  readMagData                   
00004187  resetRTC                      
00004a69  scalbn                        
00004a69  scalbnl                       
00002c8f  setLogging                    
0000040d  setStoredTimeAndDate          
00005579  sprintf                       
00004449  sqrt                          
00004449  sqrtl                         
000056a9  sscanf                        
00004197  startMatch                    
00003401  startTrigger                  
20002044  state                         
00003481  stopTrigger                   
20002034  storedDate                    
2000203a  storedTime                    
000057d9  strchr                        
000057a9  strcmp                        
00005803  strcpy                        
00005739  strcspn                       
20001fa0  strinput                      
00005817  strlen                        
000057c1  strrchr                       
0000570f  strspn                        
00002d99  strtod                        
000055b9  strtok                        
00003a81  strtokk                       
00004815  strtol                        
00002d99  strtold                       
00003c11  strtoll                       
00004b79  strtoul                       
000042ed  strtoull                      
20002004  tokens                        
00005861  tolower                       
00002559  validateDate                  
00002ba7  validateInput                 
0000250f  validateTime                  
000024eb  waitMicrosecond               
0000584f  wcslen                        
00003535  writeI2c0Register             
0000358b  writeI2c0Registers            


GLOBAL SYMBOLS: SORTED BY Symbol Address 

address   name                          
-------   ----                          
00000000  __TI_static_base__            
00000000  g_pfnVectors                  
0000026d  initHw                        
00000297  parse_string                  
000002d7  getValue                      
000002f3  getString                     
0000030d  isCommand                     
00000335  newDateFromDay                
0000040d  setStoredTimeAndDate          
00000487  printTime                     
00000519  printDate                     
00000689  main                          
00000ebd  __TI_scanfi                   
000019ad  __TI_printfi                  
00001fa0  __STACK_SIZE                  
0000240b  __aeabi_idiv0                 
0000240b  __aeabi_ldiv0                 
0000240d  asciiToUint8                  
00002441  asciiToFloat                  
00002475  asciiToUint32                 
000024a7  abs                           
000024bf  absfloat                      
000024eb  waitMicrosecond               
0000250f  validateTime                  
00002559  validateDate                  
00002639  eucDis                        
00002685  Sample                        
00002779  SampleWrapper                 
00002b81  MPUIsr                        
00002ba7  validateInput                 
00002c01  SetGating                     
00002c8f  setLogging                    
00002d09  nextPage                      
00002d99  strtod                        
00002d99  strtold                       
000031f9  initMPU9250                   
00003237  readAccelData                 
000032b5  readGyroData                  
00003333  readMagData                   
00003401  startTrigger                  
00003481  stopTrigger                   
000034cd  initI2c0                      
00003535  writeI2c0Register             
0000358b  writeI2c0Registers            
00003645  readI2c0Register              
000036a3  pollI2c0Address               
000036e9  isI2c0Error                   
000039b1  initUART0                     
00003a1f  putcUart0                     
00003a3b  putsUart0                     
00003a6d  getcUart0                     
00003a81  strtokk                       
00003b47  getsUart0                     
00003c11  strtoll                       
00003fbd  __aeabi_dsub                  
00003fc7  __aeabi_dadd                  
00004175  initRTC                       
00004187  resetRTC                      
00004197  startMatch                    
0000422d  endMatch                      
0000427f  HibIsr                        
000042ed  strtoull                      
00004449  sqrt                          
00004449  sqrtl                         
000046dd  __aeabi_ddiv                  
00004815  strtol                        
00004a69  ldexp                         
00004a69  ldexpl                        
00004a69  scalbn                        
00004a69  scalbnl                       
00004b79  strtoul                       
00004c89  __aeabi_dmul                  
00004e39  initTemp                      
00004e8f  getTemp                       
00004edd  __aeabi_memcpy                
00004edd  __aeabi_memcpy4               
00004edd  __aeabi_memcpy8               
00004edd  memcpy                        
00004f79  __aeabi_uldivmod              
0000500f  __aeabi_cdcmpeq               
0000500f  __aeabi_cdcmple               
00005095  __aeabi_cdrcmple              
0000511b  __aeabi_memclr                
0000511b  __aeabi_memclr4               
0000511b  __aeabi_memclr8               
0000511d  __aeabi_memset                
0000511d  __aeabi_memset4               
0000511d  __aeabi_memset8               
00005123  memset                        
00005203  __aeabi_d2f                   
000052d9  __TI_decompress_lzss          
00005341  frexp                         
00005341  frexpl                        
000053fb  ltoa                          
000054a1  atoi                          
000054ed  __aeabi_d2iz                  
00005535  __TI_auto_init_nobinit_nopinit
00005579  sprintf                       
000055b9  strtok                        
00005639  _c_int00_noargs               
00005671  __aeabi_f2d                   
000056a9  sscanf                        
000056e1  __aeabi_i2d                   
0000570f  strspn                        
00005739  strcspn                       
0000575d  memccpy                       
00005791  __aeabi_lmul                  
000057a9  strcmp                        
000057c1  strrchr                       
000057d9  strchr                        
000057ef  copysign                      
000057ef  copysignl                     
00005803  strcpy                        
00005817  strlen                        
0000583d  __TI_zero_init_nomemset       
0000584f  wcslen                        
00005861  tolower                       
00005871  __TI_decompress_none          
0000587f  ResetISR                      
00005895  __aeabi_errno_addr            
000058a5  _system_pre_init              
000058a9  C$$EXIT                       
000058a9  abort                         
000058b0  _ctypes_                      
00005acc  __TI_Handler_Table_Base       
00005ad8  __TI_Handler_Table_Limit      
00005ae0  __TI_CINIT_Base               
00005af0  __TI_CINIT_Limit              
20000000  __stack                       
20000200  __STACK_TOP                   
20001fa0  __STACK_END                   
20001fa0  strinput                      
20002004  tokens                        
20002034  storedDate                    
2000203a  storedTime                    
20002040  level                         
20002044  state                         
20002048  LTflag                        
2000204c  daysOfEachMonth               
20002064  NArgs                         
20002068  RTC_Old                       
2000206c  T                             
20002070  NSamples                      
20002071  Para                          
20002072  Hflag                         
20002074  H                             
20002078  logMask                       
2000207c  errno                         
ffffffff  __TI_pprof_out_hndl           
ffffffff  __TI_prof_data_size           
ffffffff  __TI_prof_data_start          
ffffffff  __binit__                     
ffffffff  __c_args__                    
ffffffff  binit                         
UNDEFED   __mpu_init                    
UNDEFED   _system_post_cinit            

[156 symbols]
