******************************************************************************
                  TI ARM Linker PC v18.1.4                     
******************************************************************************
>> Linked Tue Nov 12 16:48:49 2019

OUTPUT FILE NAME:   <m.out>
ENTRY POINT SYMBOL: "_c_int00_noargs"  address: 000049fd


MEMORY CONFIGURATION

         name            origin    length      used     unused   attr    fill
----------------------  --------  ---------  --------  --------  ----  --------
  FLASH                 00000000   00040000  00004e70  0003b190  R  X
  SRAM                  20000000   00008000  00002068  00005f98  RW X


SEGMENT ALLOCATION MAP

run origin  load origin   length   init length attrs members
----------  ----------- ---------- ----------- ----- -------
00000000    00000000    00004e70   00004e70    r-x
  00000000    00000000    0000026c   0000026c    r-- .intvecs
  0000026c    0000026c    000049cc   000049cc    r-x .text
  00004c38    00004c38    000001f8   000001f8    r-- .const
  00004e30    00004e30    00000040   00000040    r-- .cinit
20000000    20000000    00002068   00000000    rw-
  20000000    20000000    00001fa0   00000000    rw- .stack
  20001fa0    20001fa0    000000a0   00000000    rw- .bss
  20002040    20002040    00000028   00000000    rw- .data


SECTION ALLOCATION MAP

 output                                  attributes/
section   page    origin      length       input sections
--------  ----  ----------  ----------   ----------------
.intvecs   0    00000000    0000026c     
                  00000000    0000026c     startup_ccs.obj (.intvecs)

.text      0    0000026c    000049cc     
                  0000026c    00000af0     rtsv7M4_T_le_v4SPD16_eabi.lib : _scanfi.c.obj (.text:__TI_scanfi)
                  00000d5c    00000a5e                                   : _printfi.c.obj (.text:__TI_printfi)
                  000017ba    00000002                                   : div0.asm.obj (.text)
                  000017bc    00000a0c     main.obj (.text)
                  000021c8    00000460     rtsv7M4_T_le_v4SPD16_eabi.lib : strtod.c.obj (.text:strtod)
                  00002628    00000274     I2C0.obj (.text)
                  0000289c    00000270     rtsv7M4_T_le_v4SPD16_eabi.lib : _printfi.c.obj (.text:_pconv_a)
                  00002b0c    00000260     UART0.obj (.text)
                  00002d6c    00000200     MPU.obj (.text)
                  00002f6c    000001e8     Utility.obj (.text)
                  00003154    000001dc     rtsv7M4_T_le_v4SPD16_eabi.lib : strtoll.c.obj (.text:strtoll)
                  00003330    000001d0                                   : _printfi.c.obj (.text:_pconv_g)
                  00003500    000001b6                                   : fd_add_t2.asm.obj (.text)
                  000036b6    00000002     --HOLE-- [fill = 0]
                  000036b8    0000015c                                   : strtoull.c.obj (.text:strtoull)
                  00003814    00000150     RTC.obj (.text)
                  00003964    0000013c     rtsv7M4_T_le_v4SPD16_eabi.lib : _printfi.c.obj (.text:_pconv_e)
                  00003aa0    00000136                                   : fd_div_t2.asm.obj (.text)
                  00003bd6    00000002     --HOLE-- [fill = 0]
                  00003bd8    00000130                                   : strtol.c.obj (.text:strtol)
                  00003d08    00000124                                   : _printfi.c.obj (.text:fcvt)
                  00003e2c    00000110                                   : s_scalbn.c.obj (.text:scalbn)
                  00003f3c    00000110                                   : strtoul.c.obj (.text:strtoul)
                  0000404c    000000fc                                   : fd_mul_t2.asm.obj (.text)
                  00004148    000000b1                                   : _printfi.c.obj (.text:_ltostr)
                  000041f9    00000003     --HOLE-- [fill = 0]
                  000041fc    000000a4     Temp.obj (.text)
                  000042a0    0000009c     rtsv7M4_T_le_v4SPD16_eabi.lib : memcpy_t2.asm.obj (.text)
                  0000433c    00000096                                   : ull_div_t2.asm.obj (.text)
                  000043d2    00000086                                   : fd_cmp_t2.asm.obj (.text:__aeabi_cdcmple)
                  00004458    00000086                                   : fd_cmp_t2.asm.obj (.text:__aeabi_cdrcmple)
                  000044de    0000007a                                   : memset_t2.asm.obj (.text)
                  00004558    0000006e                                   : _printfi.c.obj (.text:_mcpy)
                  000045c6    0000006e                                   : fd_tos_t2.asm.obj (.text)
                  00004634    00000068                                   : sscanf.c.obj (.text:_chkmbc)
                  0000469c    00000068                                   : copy_decompress_lzss.c.obj (.text:decompress:lzss:__TI_decompress_lzss)
                  00004704    00000064                                   : s_frexp.c.obj (.text:frexp)
                  00004768    00000056                                   : _printfi.c.obj (.text:_pconv_f)
                  000047be    00000054                                   : ltoa.c.obj (.text:ltoa)
                  00004812    00000052                                   : _printfi.c.obj (.text:_ecpy)
                  00004864    0000004c                                   : atoi.c.obj (.text:atoi)
                  000048b0    00000048                                   : fd_toi_t2.asm.obj (.text)
                  000048f8    00000044                                   : autoinit.c.obj (.text:__TI_auto_init_nobinit_nopinit:__TI_auto_init_nobinit_nopinit)
                  0000493c    00000040                                   : sprintf.c.obj (.text:sprintf)
                  0000497c    00000040                                   : strtok.c.obj (.text:strtok)
                  000049bc    0000003e                                   : _printfi.c.obj (.text:_fcpy)
                  000049fa    00000002     --HOLE-- [fill = 0]
                  000049fc    00000038                                   : boot_cortex_m.c.obj (.text:_c_int00_noargs:_c_int00_noargs)
                  00004a34    00000038                                   : sscanf.c.obj (.text:sscanf)
                  00004a6c    0000002e                                   : i_tofd_t2.asm.obj (.text)
                  00004a9a    0000002a                                   : strspn.c.obj (.text:strspn)
                  00004ac4    00000024                                   : strcspn.c.obj (.text:strcspn)
                  00004ae8    0000001c                                   : memccpy.c.obj (.text:memccpy)
                  00004b04    00000018                                   : sprintf.c.obj (.text:_outs)
                  00004b1c    00000018                                   : ll_mul_t2.asm.obj (.text)
                  00004b34    00000018                                   : strcmp.c.obj (.text:strcmp)
                  00004b4c    00000018                                   : strrchr.c.obj (.text:strrchr)
                  00004b64    00000016                                   : strchr.c.obj (.text:strchr)
                  00004b7a    00000014                                   : s_copysign.c.obj (.text:copysign)
                  00004b8e    00000014                                   : strcpy.c.obj (.text:strcpy)
                  00004ba2    00000014                                   : strlen.c.obj (.text:strlen)
                  00004bb6    00000012                                   : sscanf.c.obj (.text:_inpchar)
                  00004bc8    00000012                                   : copy_zero_init.c.obj (.text:decompress:ZI:__TI_zero_init_nomemset:__TI_zero_init_nomemset)
                  00004bda    00000012                                   : wcslen.c.obj (.text:wcslen)
                  00004bec    00000010                                   : tolower.c.obj (.text:tolower)
                  00004bfc    0000000e                                   : copy_decompress_none.c.obj (.text:decompress:none:__TI_decompress_none)
                  00004c0a    0000000c     startup_ccs.obj (.text)
                  00004c16    0000000a     rtsv7M4_T_le_v4SPD16_eabi.lib : sprintf.c.obj (.text:_outc)
                  00004c20    00000008                                   : errno.c.obj (.text:__aeabi_errno_addr)
                  00004c28    00000008                                   : sscanf.c.obj (.text:_uninpchar)
                  00004c30    00000004                                   : pre_init.c.obj (.text:_system_pre_init)
                  00004c34    00000004                                   : exit.c.obj (.text:abort:abort)

.const     0    00004c38    000001f8     
                  00004c38    00000101     rtsv7M4_T_le_v4SPD16_eabi.lib : ctype.c.obj (.const:.string:_ctypes_)
                  00004d39    00000007     --HOLE-- [fill = 0]
                  00004d40    000000c8                                   : strtod.c.obj (.const:$O1$$)
                  00004e08    00000018     Utility.obj (.const:$P$T0$1)
                  00004e20    00000010     rtsv7M4_T_le_v4SPD16_eabi.lib : _scanfi.c.obj (.const:$O1$$)

.cinit     0    00004e30    00000040     
                  00004e30    00000017     (.cinit..data.load) [load image, compression = lzss]
                  00004e47    00000001     --HOLE-- [fill = 0]
                  00004e48    0000000c     (__TI_handler_table)
                  00004e54    00000004     --HOLE-- [fill = 0]
                  00004e58    00000008     (.cinit..bss.load) [load image, compression = zero_init]
                  00004e60    00000010     (__TI_cinit_table)

.init_array 
*          0    00000000    00000000     UNINITIALIZED

.bss       0    20001fa0    000000a0     UNINITIALIZED
                  20001fa0    00000064     (.common:strinput)
                  20002004    00000028     (.common:tokens)
                  2000202c    00000008     UART0.obj (.bss)
                  20002034    00000006     (.common:storedDate)
                  2000203a    00000006     (.common:storedTime)

.data      0    20002040    00000028     UNINITIALIZED
                  20002040    00000018     main.obj (.data:daysOfEachMonth)
                  20002058    00000008     main.obj (.data)
                  20002060    00000004     rtsv7M4_T_le_v4SPD16_eabi.lib : errno.c.obj (.data)
                  20002064    00000004                                   : strtok.c.obj (.data)

.stack     0    20000000    00001fa0     UNINITIALIZED
                  20000000    00000004     rtsv7M4_T_le_v4SPD16_eabi.lib : boot_cortex_m.c.obj (.stack)
                  20000004    00001f9c     --HOLE--

MODULE SUMMARY

       Module                       code    ro data   rw data
       ------                       ----    -------   -------
    .\
       main.obj                     2572    0         184    
       startup_ccs.obj              12      620       0      
       I2C0.obj                     628     0         0      
       UART0.obj                    608     0         8      
       MPU.obj                      512     0         0      
       Utility.obj                  488     24        0      
       RTC.obj                      336     0         0      
       Temp.obj                     164     0         0      
    +--+----------------------------+-------+---------+---------+
       Total:                       5320    644       192    
                                                             
    C:\ti\ccsv8\tools\compiler\ti-cgt-arm_18.1.4.LTS\lib\rtsv7M4_T_le_v4SPD16_eabi.lib
       _printfi.c.obj               4867    0         0      
       _scanfi.c.obj                2800    16        0      
       strtod.c.obj                 1120    200       0      
       strtoll.c.obj                476     0         0      
       fd_add_t2.asm.obj            438     0         0      
       strtoull.c.obj               348     0         0      
       fd_div_t2.asm.obj            310     0         0      
       strtol.c.obj                 304     0         0      
       s_scalbn.c.obj               272     0         0      
       strtoul.c.obj                272     0         0      
       fd_cmp_t2.asm.obj            268     0         0      
       ctype.c.obj                  0       257       0      
       fd_mul_t2.asm.obj            252     0         0      
       sscanf.c.obj                 186     0         0      
       memcpy_t2.asm.obj            156     0         0      
       ull_div_t2.asm.obj           150     0         0      
       memset_t2.asm.obj            122     0         0      
       fd_tos_t2.asm.obj            110     0         0      
       copy_decompress_lzss.c.obj   104     0         0      
       s_frexp.c.obj                100     0         0      
       sprintf.c.obj                98      0         0      
       ltoa.c.obj                   84      0         0      
       atoi.c.obj                   76      0         0      
       fd_toi_t2.asm.obj            72      0         0      
       autoinit.c.obj               68      0         0      
       strtok.c.obj                 64      0         4      
       boot_cortex_m.c.obj          56      0         0      
       i_tofd_t2.asm.obj            46      0         0      
       strspn.c.obj                 42      0         0      
       strcspn.c.obj                36      0         0      
       memccpy.c.obj                28      0         0      
       ll_mul_t2.asm.obj            24      0         0      
       strcmp.c.obj                 24      0         0      
       strrchr.c.obj                24      0         0      
       strchr.c.obj                 22      0         0      
       s_copysign.c.obj             20      0         0      
       strcpy.c.obj                 20      0         0      
       strlen.c.obj                 20      0         0      
       copy_zero_init.c.obj         18      0         0      
       wcslen.c.obj                 18      0         0      
       tolower.c.obj                16      0         0      
       copy_decompress_none.c.obj   14      0         0      
       errno.c.obj                  8       0         4      
       exit.c.obj                   4       0         0      
       pre_init.c.obj               4       0         0      
       div0.asm.obj                 2       0         0      
    +--+----------------------------+-------+---------+---------+
       Total:                       13563   473       8      
                                                             
       Stack:                       0       0         8096   
       Linker Generated:            0       59        0      
    +--+----------------------------+-------+---------+---------+
       Grand Total:                 18883   1176      8296   


LINKER GENERATED COPY TABLES

__TI_cinit_table @ 00004e60 records: 2, size/record: 8, table size: 16
	.data: load addr=00004e30, load size=00000017 bytes, run addr=20002040, run size=00000028 bytes, compression=lzss
	.bss: load addr=00004e58, load size=00000008 bytes, run addr=20001fa0, run size=000000a0 bytes, compression=zero_init


LINKER GENERATED HANDLER TABLE

__TI_handler_table @ 00004e48 records: 3, size/record: 4, table size: 12
	index: 0, handler: __TI_decompress_lzss
	index: 1, handler: __TI_decompress_none
	index: 2, handler: __TI_zero_init


GLOBAL SYMBOLS: SORTED ALPHABETICALLY BY Name 

address   name                          
-------   ----                          
00004c35  C$$EXIT                       
000038d1  HibIsr                        
20002058  NArgs                         
2000205c  RTC_Old                       
00004c0b  ResetISR                      
20001fa0  __STACK_END                   
00001fa0  __STACK_SIZE                  
20000200  __STACK_TOP                   
00004e60  __TI_CINIT_Base               
00004e70  __TI_CINIT_Limit              
00004e48  __TI_Handler_Table_Base       
00004e54  __TI_Handler_Table_Limit      
000048f9  __TI_auto_init_nobinit_nopinit
0000469d  __TI_decompress_lzss          
00004bfd  __TI_decompress_none          
ffffffff  __TI_pprof_out_hndl           
00000d5d  __TI_printfi                  
ffffffff  __TI_prof_data_size           
ffffffff  __TI_prof_data_start          
0000026d  __TI_scanfi                   
00000000  __TI_static_base__            
00004bc9  __TI_zero_init_nomemset       
000043d3  __aeabi_cdcmpeq               
000043d3  __aeabi_cdcmple               
00004459  __aeabi_cdrcmple              
000045c7  __aeabi_d2f                   
000048b1  __aeabi_d2iz                  
0000350b  __aeabi_dadd                  
00003aa1  __aeabi_ddiv                  
0000404d  __aeabi_dmul                  
00003501  __aeabi_dsub                  
00004c21  __aeabi_errno_addr            
00004a6d  __aeabi_i2d                   
000017bb  __aeabi_idiv0                 
000017bb  __aeabi_ldiv0                 
00004b1d  __aeabi_lmul                  
000044df  __aeabi_memclr                
000044df  __aeabi_memclr4               
000044df  __aeabi_memclr8               
000042a1  __aeabi_memcpy                
000042a1  __aeabi_memcpy4               
000042a1  __aeabi_memcpy8               
000044e1  __aeabi_memset                
000044e1  __aeabi_memset4               
000044e1  __aeabi_memset8               
0000433d  __aeabi_uldivmod              
ffffffff  __binit__                     
ffffffff  __c_args__                    
UNDEFED   __mpu_init                    
20000000  __stack                       
000049fd  _c_int00_noargs               
00004c38  _ctypes_                      
UNDEFED   _system_post_cinit            
00004c31  _system_pre_init              
00004c35  abort                         
00002fd3  abs                           
00002fa1  asciiToUint32                 
00002f6d  asciiToUint8                  
00004865  atoi                          
ffffffff  binit                         
00004b7b  copysign                      
00004b7b  copysignl                     
20002040  daysOfEachMonth               
20002060  errno                         
00004705  frexp                         
00004705  frexpl                        
00000000  g_pfnVectors                  
00001843  getString                     
00004253  getTemp                       
00001827  getValue                      
00002bc9  getcUart0                     
00002ca3  getsUart0                     
000017bd  initHw                        
00002629  initI2c0                      
00002d6d  initMPU9250                   
00003815  initRTC                       
000041fd  initTemp                      
00002b0d  initUART0                     
0000185d  isCommand                     
00002845  isI2c0Error                   
00003e2d  ldexp                         
00003e2d  ldexpl                        
000047bf  ltoa                          
00001bd9  main                          
00004ae9  memccpy                       
000042a1  memcpy                        
000044e7  memset                        
00001885  newDateFromDay                
000017e7  parse_string                  
000027ff  pollI2c0Address               
00001a69  printDate                     
000019d7  printTime                     
00002b7b  putcUart0                     
00002b97  putsUart0                     
00002da3  readAccelData                 
00002e21  readGyroData                  
000027a1  readI2c0Register              
00002e9f  readMagData                   
00003827  resetRTC                      
00003e2d  scalbn                        
00003e2d  scalbnl                       
0000195d  setStoredTimeAndDate          
0000493d  sprintf                       
00004a35  sscanf                        
00003837  startMatch                    
20002034  storedDate                    
2000203a  storedTime                    
00004b65  strchr                        
00004b35  strcmp                        
00004b8f  strcpy                        
00004ac5  strcspn                       
20001fa0  strinput                      
00004ba3  strlen                        
00004b4d  strrchr                       
00004a9b  strspn                        
000021c9  strtod                        
0000497d  strtok                        
00002bdd  strtokk                       
00003bd9  strtol                        
000021c9  strtold                       
00003155  strtoll                       
00003f3d  strtoul                       
000036b9  strtoull                      
20002004  tokens                        
00004bed  tolower                       
00003059  validateDate                  
0000300f  validateTime                  
00002feb  waitMicrosecond               
00004bdb  wcslen                        
00002691  writeI2c0Register             
000026e7  writeI2c0Registers            


GLOBAL SYMBOLS: SORTED BY Symbol Address 

address   name                          
-------   ----                          
00000000  __TI_static_base__            
00000000  g_pfnVectors                  
0000026d  __TI_scanfi                   
00000d5d  __TI_printfi                  
000017bb  __aeabi_idiv0                 
000017bb  __aeabi_ldiv0                 
000017bd  initHw                        
000017e7  parse_string                  
00001827  getValue                      
00001843  getString                     
0000185d  isCommand                     
00001885  newDateFromDay                
0000195d  setStoredTimeAndDate          
000019d7  printTime                     
00001a69  printDate                     
00001bd9  main                          
00001fa0  __STACK_SIZE                  
000021c9  strtod                        
000021c9  strtold                       
00002629  initI2c0                      
00002691  writeI2c0Register             
000026e7  writeI2c0Registers            
000027a1  readI2c0Register              
000027ff  pollI2c0Address               
00002845  isI2c0Error                   
00002b0d  initUART0                     
00002b7b  putcUart0                     
00002b97  putsUart0                     
00002bc9  getcUart0                     
00002bdd  strtokk                       
00002ca3  getsUart0                     
00002d6d  initMPU9250                   
00002da3  readAccelData                 
00002e21  readGyroData                  
00002e9f  readMagData                   
00002f6d  asciiToUint8                  
00002fa1  asciiToUint32                 
00002fd3  abs                           
00002feb  waitMicrosecond               
0000300f  validateTime                  
00003059  validateDate                  
00003155  strtoll                       
00003501  __aeabi_dsub                  
0000350b  __aeabi_dadd                  
000036b9  strtoull                      
00003815  initRTC                       
00003827  resetRTC                      
00003837  startMatch                    
000038d1  HibIsr                        
00003aa1  __aeabi_ddiv                  
00003bd9  strtol                        
00003e2d  ldexp                         
00003e2d  ldexpl                        
00003e2d  scalbn                        
00003e2d  scalbnl                       
00003f3d  strtoul                       
0000404d  __aeabi_dmul                  
000041fd  initTemp                      
00004253  getTemp                       
000042a1  __aeabi_memcpy                
000042a1  __aeabi_memcpy4               
000042a1  __aeabi_memcpy8               
000042a1  memcpy                        
0000433d  __aeabi_uldivmod              
000043d3  __aeabi_cdcmpeq               
000043d3  __aeabi_cdcmple               
00004459  __aeabi_cdrcmple              
000044df  __aeabi_memclr                
000044df  __aeabi_memclr4               
000044df  __aeabi_memclr8               
000044e1  __aeabi_memset                
000044e1  __aeabi_memset4               
000044e1  __aeabi_memset8               
000044e7  memset                        
000045c7  __aeabi_d2f                   
0000469d  __TI_decompress_lzss          
00004705  frexp                         
00004705  frexpl                        
000047bf  ltoa                          
00004865  atoi                          
000048b1  __aeabi_d2iz                  
000048f9  __TI_auto_init_nobinit_nopinit
0000493d  sprintf                       
0000497d  strtok                        
000049fd  _c_int00_noargs               
00004a35  sscanf                        
00004a6d  __aeabi_i2d                   
00004a9b  strspn                        
00004ac5  strcspn                       
00004ae9  memccpy                       
00004b1d  __aeabi_lmul                  
00004b35  strcmp                        
00004b4d  strrchr                       
00004b65  strchr                        
00004b7b  copysign                      
00004b7b  copysignl                     
00004b8f  strcpy                        
00004ba3  strlen                        
00004bc9  __TI_zero_init_nomemset       
00004bdb  wcslen                        
00004bed  tolower                       
00004bfd  __TI_decompress_none          
00004c0b  ResetISR                      
00004c21  __aeabi_errno_addr            
00004c31  _system_pre_init              
00004c35  C$$EXIT                       
00004c35  abort                         
00004c38  _ctypes_                      
00004e48  __TI_Handler_Table_Base       
00004e54  __TI_Handler_Table_Limit      
00004e60  __TI_CINIT_Base               
00004e70  __TI_CINIT_Limit              
20000000  __stack                       
20000200  __STACK_TOP                   
20001fa0  __STACK_END                   
20001fa0  strinput                      
20002004  tokens                        
20002034  storedDate                    
2000203a  storedTime                    
20002040  daysOfEachMonth               
20002058  NArgs                         
2000205c  RTC_Old                       
20002060  errno                         
ffffffff  __TI_pprof_out_hndl           
ffffffff  __TI_prof_data_size           
ffffffff  __TI_prof_data_start          
ffffffff  __binit__                     
ffffffff  __c_args__                    
ffffffff  binit                         
UNDEFED   __mpu_init                    
UNDEFED   _system_post_cinit            

[131 symbols]
