******************************************************************************
                  TI ARM Linker Unix v18.12.3                  
******************************************************************************
>> Linked Thu Nov 14 03:22:32 2019

OUTPUT FILE NAME:   <m.out>
ENTRY POINT SYMBOL: "_c_int00_noargs"  address: 00004f65


MEMORY CONFIGURATION

         name            origin    length      used     unused   attr    fill
----------------------  --------  ---------  --------  --------  ----  --------
  FLASH                 00000000   00040000  000053b4  0003ac4c  R  X
  SRAM                  20000000   00008000  00002079  00005f87  RW X


SEGMENT ALLOCATION MAP

run origin  load origin   length   init length attrs members
----------  ----------- ---------- ----------- ----- -------
00000000    00000000    000053b8   000053b8    r-x
  00000000    00000000    0000026c   0000026c    r-- .intvecs
  0000026c    0000026c    00004f08   00004f08    r-x .text
  00005178    00005178    000001f8   000001f8    r-- .const
  00005370    00005370    00000048   00000048    r-- .cinit
20000000    20000000    0000207c   00000000    rw-
  20000000    20000000    00001fa0   00000000    rw- .stack
  20001fa0    20001fa0    000000a9   00000000    rw- .bss
  2000204c    2000204c    00000030   00000000    rw- .data


SECTION ALLOCATION MAP

 output                                  attributes/
section   page    origin      length       input sections
--------  ----  ----------  ----------   ----------------
.intvecs   0    00000000    0000026c     
                  00000000    0000026c     startup_ccs.obj (.intvecs)

.text      0    0000026c    00004f08     
                  0000026c    00000af0     rtsv7M4_T_le_v4SPD16_eabi.lib : _scanfi.c.obj (.text:__TI_scanfi)
                  00000d5c    00000ae8     main.obj (.text)
                  00001844    00000a4e     rtsv7M4_T_le_v4SPD16_eabi.lib : _printfi.c.obj (.text:__TI_printfi)
                  00002292    00000002                                   : div0.asm.obj (.text)
                  00002294    00000460                                   : strtod.c.obj (.text:strtod)
                  000026f4    00000388     Utility.obj (.text)
                  00002a7c    00000280     RTC.obj (.text)
                  00002cfc    00000274     I2C0.obj (.text)
                  00002f70    00000270     rtsv7M4_T_le_v4SPD16_eabi.lib : _printfi.c.obj (.text:_pconv_a)
                  000031e0    00000260     UART0.obj (.text)
                  00003440    0000023c     MPU.obj (.text)
                  0000367c    000001dc     rtsv7M4_T_le_v4SPD16_eabi.lib : strtoll.c.obj (.text:strtoll)
                  00003858    000001d0                                   : _printfi.c.obj (.text:_pconv_g)
                  00003a28    000001b6                                   : fd_add_t2.asm.obj (.text)
                  00003bde    00000002     --HOLE-- [fill = 0]
                  00003be0    0000015c                                   : strtoull.c.obj (.text:strtoull)
                  00003d3c    00000158                                   : e_sqrt.c.obj (.text:sqrt)
                  00003e94    0000013c                                   : _printfi.c.obj (.text:_pconv_e)
                  00003fd0    00000136                                   : fd_div_t2.asm.obj (.text)
                  00004106    00000002     --HOLE-- [fill = 0]
                  00004108    00000130                                   : strtol.c.obj (.text:strtol)
                  00004238    00000124                                   : _printfi.c.obj (.text:fcvt)
                  0000435c    00000110                                   : s_scalbn.c.obj (.text:scalbn)
                  0000446c    00000110                                   : strtoul.c.obj (.text:strtoul)
                  0000457c    000000fc                                   : fd_mul_t2.asm.obj (.text)
                  00004678    000000b1                                   : _printfi.c.obj (.text:_ltostr)
                  00004729    00000003     --HOLE-- [fill = 0]
                  0000472c    000000a4     Temp.obj (.text)
                  000047d0    0000009c     rtsv7M4_T_le_v4SPD16_eabi.lib : memcpy_t2.asm.obj (.text)
                  0000486c    00000096                                   : ull_div_t2.asm.obj (.text)
                  00004902    00000086                                   : fd_cmp_t2.asm.obj (.text:__aeabi_cdcmple)
                  00004988    00000086                                   : fd_cmp_t2.asm.obj (.text:__aeabi_cdrcmple)
                  00004a0e    0000007a                                   : memset_t2.asm.obj (.text)
                  00004a88    0000006e                                   : _printfi.c.obj (.text:_mcpy)
                  00004af6    0000006e                                   : fd_tos_t2.asm.obj (.text)
                  00004b64    00000068                                   : sscanf.c.obj (.text:_chkmbc)
                  00004bcc    00000068                                   : copy_decompress_lzss.c.obj (.text:decompress:lzss:__TI_decompress_lzss)
                  00004c34    00000064                                   : s_frexp.c.obj (.text:frexp)
                  00004c98    00000056                                   : _printfi.c.obj (.text:_pconv_f)
                  00004cee    00000054                                   : ltoa.c.obj (.text:ltoa)
                  00004d42    00000052                                   : _printfi.c.obj (.text:_ecpy)
                  00004d94    0000004c                                   : atoi.c.obj (.text:atoi)
                  00004de0    00000048                                   : fd_toi_t2.asm.obj (.text)
                  00004e28    00000044                                   : autoinit.c.obj (.text:__TI_auto_init_nobinit_nopinit:__TI_auto_init_nobinit_nopinit)
                  00004e6c    00000040                                   : sprintf.c.obj (.text:sprintf)
                  00004eac    00000040                                   : strtok.c.obj (.text:strtok)
                  00004eec    0000003e                                   : _printfi.c.obj (.text:_fcpy)
                  00004f2a    00000002     --HOLE-- [fill = 0]
                  00004f2c    00000038                                   : sscanf.c.obj (.text:sscanf)
                  00004f64    00000034                                   : boot_cortex_m.c.obj (.text:_c_int00_noargs:_c_int00_noargs)
                  00004f98    0000002e                                   : i_tofd_t2.asm.obj (.text)
                  00004fc6    0000002a                                   : strspn.c.obj (.text:strspn)
                  00004ff0    00000024                                   : strcspn.c.obj (.text:strcspn)
                  00005014    0000001c                                   : copy_zero_init.c.obj (.text:decompress:ZI:__TI_zero_init_nomemset:__TI_zero_init_nomemset)
                  00005030    0000001c                                   : memccpy.c.obj (.text:memccpy)
                  0000504c    0000001a                                   : s_copysign.c.obj (.text:copysign)
                  00005066    00000018                                   : sprintf.c.obj (.text:_outs)
                  0000507e    00000018                                   : ll_mul_t2.asm.obj (.text)
                  00005096    00000018                                   : strcmp.c.obj (.text:strcmp)
                  000050ae    00000018                                   : strrchr.c.obj (.text:strrchr)
                  000050c6    00000016                                   : strchr.c.obj (.text:strchr)
                  000050dc    00000014                                   : strcpy.c.obj (.text:strcpy)
                  000050f0    00000014                                   : strlen.c.obj (.text:strlen)
                  00005104    00000012                                   : sscanf.c.obj (.text:_inpchar)
                  00005116    00000012                                   : wcslen.c.obj (.text:wcslen)
                  00005128    00000010                                   : tolower.c.obj (.text:tolower)
                  00005138    0000000e                                   : copy_decompress_none.c.obj (.text:decompress:none:__TI_decompress_none)
                  00005146    0000000c     startup_ccs.obj (.text)
                  00005152    0000000a     rtsv7M4_T_le_v4SPD16_eabi.lib : sprintf.c.obj (.text:_outc)
                  0000515c    00000008                                   : errno.c.obj (.text:__aeabi_errno_addr)
                  00005164    00000008                                   : sscanf.c.obj (.text:_uninpchar)
                  0000516c    00000004                                   : pre_init.c.obj (.text:_system_pre_init)
                  00005170    00000004                                   : exit.c.obj (.text:abort:abort)

.const     0    00005178    000001f8     
                  00005178    00000101     rtsv7M4_T_le_v4SPD16_eabi.lib : ctype.c.obj (.const:.string:_ctypes_)
                  00005279    00000007     --HOLE-- [fill = 0]
                  00005280    000000c8                                   : strtod.c.obj (.const:$O1$$)
                  00005348    00000018     Utility.obj (.const:$P$T0$1)
                  00005360    00000010     rtsv7M4_T_le_v4SPD16_eabi.lib : _scanfi.c.obj (.const:$O1$$)

.cinit     0    00005370    00000048     
                  00005370    00000024     (.cinit..data.load) [load image, compression = lzss]
                  00005394    0000000c     (__TI_handler_table)
                  000053a0    00000008     (.cinit..bss.load) [load image, compression = zero_init]
                  000053a8    00000010     (__TI_cinit_table)

.init_array 
*          0    00000000    00000000     UNINITIALIZED

.bss       0    20001fa0    000000a9     UNINITIALIZED
                  20001fa0    00000064     (.common:strinput)
                  20002004    00000028     (.common:tokens)
                  2000202c    00000008     UART0.obj (.bss)
                  20002034    00000006     (.common:storedDate)
                  2000203a    00000006     (.common:storedTime)
                  20002040    00000004     (.common:T)
                  20002044    00000004     (.common:level)
                  20002048    00000001     (.common:LTflag)

.data      0    2000204c    00000030     UNINITIALIZED
                  2000204c    00000018     main.obj (.data:daysOfEachMonth)
                  20002064    00000010     main.obj (.data)
                  20002074    00000004     rtsv7M4_T_le_v4SPD16_eabi.lib : errno.c.obj (.data)
                  20002078    00000004                                   : strtok.c.obj (.data)

.stack     0    20000000    00001fa0     UNINITIALIZED
                  20000000    00000004     rtsv7M4_T_le_v4SPD16_eabi.lib : boot_cortex_m.c.obj (.stack)
                  20000004    00001f9c     --HOLE--

MODULE SUMMARY

       Module                       code    ro data   rw data
       ------                       ----    -------   -------
    ./
       main.obj                     2792    0         201    
       Utility.obj                  904     24        0      
       RTC.obj                      640     0         0      
       startup_ccs.obj              12      620       0      
       I2C0.obj                     628     0         0      
       UART0.obj                    608     0         8      
       MPU.obj                      572     0         0      
       Temp.obj                     164     0         0      
    +--+----------------------------+-------+---------+---------+
       Total:                       6320    644       209    
                                                             
    /home/bashar/ti/ccs920/ccs/tools/compiler/ti-cgt-arm_18.12.3.LTS/lib/rtsv7M4_T_le_v4SPD16_eabi.lib
       _printfi.c.obj               4851    0         0      
       _scanfi.c.obj                2800    16        0      
       strtod.c.obj                 1120    200       0      
       strtoll.c.obj                476     0         0      
       fd_add_t2.asm.obj            438     0         0      
       strtoull.c.obj               348     0         0      
       e_sqrt.c.obj                 344     0         0      
       fd_div_t2.asm.obj            310     0         0      
       strtol.c.obj                 304     0         0      
       s_scalbn.c.obj               272     0         0      
       strtoul.c.obj                272     0         0      
       fd_cmp_t2.asm.obj            268     0         0      
       ctype.c.obj                  0       257       0      
       fd_mul_t2.asm.obj            252     0         0      
       sscanf.c.obj                 186     0         0      
       memcpy_t2.asm.obj            156     0         0      
       ull_div_t2.asm.obj           150     0         0      
       memset_t2.asm.obj            122     0         0      
       fd_tos_t2.asm.obj            110     0         0      
       copy_decompress_lzss.c.obj   104     0         0      
       s_frexp.c.obj                100     0         0      
       sprintf.c.obj                98      0         0      
       ltoa.c.obj                   84      0         0      
       atoi.c.obj                   76      0         0      
       fd_toi_t2.asm.obj            72      0         0      
       autoinit.c.obj               68      0         0      
       strtok.c.obj                 64      0         4      
       boot_cortex_m.c.obj          52      0         0      
       i_tofd_t2.asm.obj            46      0         0      
       strspn.c.obj                 42      0         0      
       strcspn.c.obj                36      0         0      
       copy_zero_init.c.obj         28      0         0      
       memccpy.c.obj                28      0         0      
       s_copysign.c.obj             26      0         0      
       ll_mul_t2.asm.obj            24      0         0      
       strcmp.c.obj                 24      0         0      
       strrchr.c.obj                24      0         0      
       strchr.c.obj                 22      0         0      
       strcpy.c.obj                 20      0         0      
       strlen.c.obj                 20      0         0      
       wcslen.c.obj                 18      0         0      
       tolower.c.obj                16      0         0      
       copy_decompress_none.c.obj   14      0         0      
       errno.c.obj                  8       0         4      
       exit.c.obj                   4       0         0      
       pre_init.c.obj               4       0         0      
       div0.asm.obj                 2       0         0      
    +--+----------------------------+-------+---------+---------+
       Total:                       13903   473       8      
                                                             
       Stack:                       0       0         8096   
       Linker Generated:            0       72        0      
    +--+----------------------------+-------+---------+---------+
       Grand Total:                 20223   1189      8313   


LINKER GENERATED COPY TABLES

__TI_cinit_table @ 000053a8 records: 2, size/record: 8, table size: 16
	.data: load addr=00005370, load size=00000024 bytes, run addr=2000204c, run size=00000030 bytes, compression=lzss
	.bss: load addr=000053a0, load size=00000008 bytes, run addr=20001fa0, run size=000000a9 bytes, compression=zero_init


LINKER GENERATED HANDLER TABLE

__TI_handler_table @ 00005394 records: 3, size/record: 4, table size: 12
	index: 0, handler: __TI_decompress_lzss
	index: 1, handler: __TI_decompress_none
	index: 2, handler: __TI_zero_init


GLOBAL SYMBOLS: SORTED ALPHABETICALLY BY Name 

address   name                          
-------   ----                          
00005171  C$$EXIT                       
20002070  H                             
00002b87  HibIsr                        
20002048  LTflag                        
0000293f  MPUIsr                        
20002064  NArgs                         
2000206c  NSamples                      
2000206d  Para                          
20002068  RTC_Old                       
00005147  ResetISR                      
20002040  T                             
20001fa0  __STACK_END                   
00001fa0  __STACK_SIZE                  
20000200  __STACK_TOP                   
000053a8  __TI_CINIT_Base               
000053b8  __TI_CINIT_Limit              
00005394  __TI_Handler_Table_Base       
000053a0  __TI_Handler_Table_Limit      
00004e29  __TI_auto_init_nobinit_nopinit
00004bcd  __TI_decompress_lzss          
00005139  __TI_decompress_none          
ffffffff  __TI_pprof_out_hndl           
00001845  __TI_printfi                  
ffffffff  __TI_prof_data_size           
ffffffff  __TI_prof_data_start          
0000026d  __TI_scanfi                   
00000000  __TI_static_base__            
00005015  __TI_zero_init_nomemset       
00004903  __aeabi_cdcmpeq               
00004903  __aeabi_cdcmple               
00004989  __aeabi_cdrcmple              
00004af7  __aeabi_d2f                   
00004de1  __aeabi_d2iz                  
00003a33  __aeabi_dadd                  
00003fd1  __aeabi_ddiv                  
0000457d  __aeabi_dmul                  
00003a29  __aeabi_dsub                  
0000515d  __aeabi_errno_addr            
00004f99  __aeabi_i2d                   
00002293  __aeabi_idiv0                 
00002293  __aeabi_ldiv0                 
0000507f  __aeabi_lmul                  
00004a0f  __aeabi_memclr                
00004a0f  __aeabi_memclr4               
00004a0f  __aeabi_memclr8               
000047d1  __aeabi_memcpy                
000047d1  __aeabi_memcpy4               
000047d1  __aeabi_memcpy8               
00004a11  __aeabi_memset                
00004a11  __aeabi_memset4               
00004a11  __aeabi_memset8               
0000486d  __aeabi_uldivmod              
ffffffff  __binit__                     
ffffffff  __c_args__                    
UNDEFED   __mpu_init                    
20000000  __stack                       
00004f65  _c_int00_noargs               
00005178  _ctypes_                      
UNDEFED   _system_post_cinit            
0000516d  _system_pre_init              
00005171  abort                         
0000278f  abs                           
00002729  asciiToFloat                  
0000275d  asciiToUint32                 
000026f5  asciiToUint8                  
00004d95  atoi                          
ffffffff  binit                         
0000504d  copysign                      
0000504d  copysignl                     
2000204c  daysOfEachMonth               
00002b35  endMatch                      
20002074  errno                         
000028f5  eucDis                        
00004c35  frexp                         
00004c35  frexpl                        
00000000  g_pfnVectors                  
00000e0d  getString                     
00004783  getTemp                       
00000df1  getValue                      
0000329d  getcUart0                     
00003377  getsUart0                     
00000d5d  initHw                        
00002cfd  initI2c0                      
00003441  initMPU9250                   
00002a7d  initRTC                       
0000472d  initTemp                      
000031e1  initUART0                     
00000e27  isCommand                     
00002f19  isI2c0Error                   
0000435d  ldexp                         
0000435d  ldexpl                        
20002044  level                         
00004cef  ltoa                          
000011c1  main                          
00005031  memccpy                       
000047d1  memcpy                        
00004a17  memset                        
00000e4f  newDateFromDay                
00000db1  parse_string                  
00002ed3  pollI2c0Address               
0000104d  printDate                     
00000fa1  printTime                     
0000324f  putcUart0                     
0000326b  putsUart0                     
00003477  readAccelData                 
000034f5  readGyroData                  
00002e75  readI2c0Register              
00003573  readMagData                   
00002a8f  resetRTC                      
0000435d  scalbn                        
0000435d  scalbnl                       
00000f27  setStoredTimeAndDate          
00004e6d  sprintf                       
00003d3d  sqrt                          
00003d3d  sqrtl                         
00004f2d  sscanf                        
00002a9f  startMatch                    
00003641  startTrigger                  
00003661  stopTrigger                   
20002034  storedDate                    
2000203a  storedTime                    
000050c7  strchr                        
00005097  strcmp                        
000050dd  strcpy                        
00004ff1  strcspn                       
20001fa0  strinput                      
000050f1  strlen                        
000050af  strrchr                       
00004fc7  strspn                        
00002295  strtod                        
00004ead  strtok                        
000032b1  strtokk                       
00004109  strtol                        
00002295  strtold                       
0000367d  strtoll                       
0000446d  strtoul                       
00003be1  strtoull                      
20002004  tokens                        
00005129  tolower                       
00002815  validateDate                  
000027cb  validateTime                  
000027a7  waitMicrosecond               
00005117  wcslen                        
00002d65  writeI2c0Register             
00002dbb  writeI2c0Registers            


GLOBAL SYMBOLS: SORTED BY Symbol Address 

address   name                          
-------   ----                          
00000000  __TI_static_base__            
00000000  g_pfnVectors                  
0000026d  __TI_scanfi                   
00000d5d  initHw                        
00000db1  parse_string                  
00000df1  getValue                      
00000e0d  getString                     
00000e27  isCommand                     
00000e4f  newDateFromDay                
00000f27  setStoredTimeAndDate          
00000fa1  printTime                     
0000104d  printDate                     
000011c1  main                          
00001845  __TI_printfi                  
00001fa0  __STACK_SIZE                  
00002293  __aeabi_idiv0                 
00002293  __aeabi_ldiv0                 
00002295  strtod                        
00002295  strtold                       
000026f5  asciiToUint8                  
00002729  asciiToFloat                  
0000275d  asciiToUint32                 
0000278f  abs                           
000027a7  waitMicrosecond               
000027cb  validateTime                  
00002815  validateDate                  
000028f5  eucDis                        
0000293f  MPUIsr                        
00002a7d  initRTC                       
00002a8f  resetRTC                      
00002a9f  startMatch                    
00002b35  endMatch                      
00002b87  HibIsr                        
00002cfd  initI2c0                      
00002d65  writeI2c0Register             
00002dbb  writeI2c0Registers            
00002e75  readI2c0Register              
00002ed3  pollI2c0Address               
00002f19  isI2c0Error                   
000031e1  initUART0                     
0000324f  putcUart0                     
0000326b  putsUart0                     
0000329d  getcUart0                     
000032b1  strtokk                       
00003377  getsUart0                     
00003441  initMPU9250                   
00003477  readAccelData                 
000034f5  readGyroData                  
00003573  readMagData                   
00003641  startTrigger                  
00003661  stopTrigger                   
0000367d  strtoll                       
00003a29  __aeabi_dsub                  
00003a33  __aeabi_dadd                  
00003be1  strtoull                      
00003d3d  sqrt                          
00003d3d  sqrtl                         
00003fd1  __aeabi_ddiv                  
00004109  strtol                        
0000435d  ldexp                         
0000435d  ldexpl                        
0000435d  scalbn                        
0000435d  scalbnl                       
0000446d  strtoul                       
0000457d  __aeabi_dmul                  
0000472d  initTemp                      
00004783  getTemp                       
000047d1  __aeabi_memcpy                
000047d1  __aeabi_memcpy4               
000047d1  __aeabi_memcpy8               
000047d1  memcpy                        
0000486d  __aeabi_uldivmod              
00004903  __aeabi_cdcmpeq               
00004903  __aeabi_cdcmple               
00004989  __aeabi_cdrcmple              
00004a0f  __aeabi_memclr                
00004a0f  __aeabi_memclr4               
00004a0f  __aeabi_memclr8               
00004a11  __aeabi_memset                
00004a11  __aeabi_memset4               
00004a11  __aeabi_memset8               
00004a17  memset                        
00004af7  __aeabi_d2f                   
00004bcd  __TI_decompress_lzss          
00004c35  frexp                         
00004c35  frexpl                        
00004cef  ltoa                          
00004d95  atoi                          
00004de1  __aeabi_d2iz                  
00004e29  __TI_auto_init_nobinit_nopinit
00004e6d  sprintf                       
00004ead  strtok                        
00004f2d  sscanf                        
00004f65  _c_int00_noargs               
00004f99  __aeabi_i2d                   
00004fc7  strspn                        
00004ff1  strcspn                       
00005015  __TI_zero_init_nomemset       
00005031  memccpy                       
0000504d  copysign                      
0000504d  copysignl                     
0000507f  __aeabi_lmul                  
00005097  strcmp                        
000050af  strrchr                       
000050c7  strchr                        
000050dd  strcpy                        
000050f1  strlen                        
00005117  wcslen                        
00005129  tolower                       
00005139  __TI_decompress_none          
00005147  ResetISR                      
0000515d  __aeabi_errno_addr            
0000516d  _system_pre_init              
00005171  C$$EXIT                       
00005171  abort                         
00005178  _ctypes_                      
00005394  __TI_Handler_Table_Base       
000053a0  __TI_Handler_Table_Limit      
000053a8  __TI_CINIT_Base               
000053b8  __TI_CINIT_Limit              
20000000  __stack                       
20000200  __STACK_TOP                   
20001fa0  __STACK_END                   
20001fa0  strinput                      
20002004  tokens                        
20002034  storedDate                    
2000203a  storedTime                    
20002040  T                             
20002044  level                         
20002048  LTflag                        
2000204c  daysOfEachMonth               
20002064  NArgs                         
20002068  RTC_Old                       
2000206c  NSamples                      
2000206d  Para                          
20002070  H                             
20002074  errno                         
ffffffff  __TI_pprof_out_hndl           
ffffffff  __TI_prof_data_size           
ffffffff  __TI_prof_data_start          
ffffffff  __binit__                     
ffffffff  __c_args__                    
ffffffff  binit                         
UNDEFED   __mpu_init                    
UNDEFED   _system_post_cinit            

[145 symbols]
