******************************************************************************
                  TI ARM Linker PC v18.1.4                     
******************************************************************************
>> Linked Wed Nov 27 18:19:02 2019

OUTPUT FILE NAME:   <m.out>
ENTRY POINT SYMBOL: "_c_int00_noargs"  address: 00005bd1


MEMORY CONFIGURATION

         name            origin    length      used     unused   attr    fill
----------------------  --------  ---------  --------  --------  ----  --------
  FLASH                 00000000   00040000  00006084  00039f7c  R  X
  SRAM                  20000000   00008000  00002087  00005f79  RW X


SEGMENT ALLOCATION MAP

run origin  load origin   length   init length attrs members
----------  ----------- ---------- ----------- ----- -------
00000000    00000000    00006088   00006088    r-x
  00000000    00000000    0000026c   0000026c    r-- .intvecs
  0000026c    0000026c    00005bd8   00005bd8    r-x .text
  00005e48    00005e48    000001f8   000001f8    r-- .const
  00006040    00006040    00000048   00000048    r-- .cinit
20000000    20000000    00002088   00000000    rw-
  20000000    20000000    00001fa0   00000000    rw- .stack
  20001fa0    20001fa0    000000a7   00000000    rw- .bss
  20002048    20002048    00000040   00000000    rw- .data


SECTION ALLOCATION MAP

 output                                  attributes/
section   page    origin      length       input sections
--------  ----  ----------  ----------   ----------------
.intvecs   0    00000000    0000026c     
                  00000000    0000026c     startup_ccs.obj (.intvecs)

.text      0    0000026c    00005bd8     
                  0000026c    00000dac     Utility.obj (.text)
                  00001018    00000d30     main.obj (.text)
                  00001d48    00000af0     rtsv7M4_T_le_v4SPD16_eabi.lib : _scanfi.c.obj (.text:__TI_scanfi)
                  00002838    00000a5e                                   : _printfi.c.obj (.text:__TI_printfi)
                  00003296    00000002                                   : div0.asm.obj (.text)
                  00003298    00000460                                   : strtod.c.obj (.text:strtod)
                  000036f8    000002d4     MPU.obj (.text)
                  000039cc    00000274     I2C0.obj (.text)
                  00003c40    00000270     rtsv7M4_T_le_v4SPD16_eabi.lib : _printfi.c.obj (.text:_pconv_a)
                  00003eb0    00000260     UART0.obj (.text)
                  00004110    000001dc     rtsv7M4_T_le_v4SPD16_eabi.lib : strtoll.c.obj (.text:strtoll)
                  000042ec    000001d0                                   : _printfi.c.obj (.text:_pconv_g)
                  000044bc    000001b6                                   : fd_add_t2.asm.obj (.text)
                  00004672    00000002     --HOLE-- [fill = 0]
                  00004674    00000178     RTC.obj (.text)
                  000047ec    0000015c     rtsv7M4_T_le_v4SPD16_eabi.lib : strtoull.c.obj (.text:strtoull)
                  00004948    00000158                                   : e_sqrt.c.obj (.text:sqrt)
                  00004aa0    0000013c     Temp.obj (.text)
                  00004bdc    0000013c     rtsv7M4_T_le_v4SPD16_eabi.lib : _printfi.c.obj (.text:_pconv_e)
                  00004d18    00000136                                   : fd_div_t2.asm.obj (.text)
                  00004e4e    00000002     --HOLE-- [fill = 0]
                  00004e50    00000130                                   : strtol.c.obj (.text:strtol)
                  00004f80    00000124                                   : _printfi.c.obj (.text:fcvt)
                  000050a4    00000110                                   : s_scalbn.c.obj (.text:scalbn)
                  000051b4    00000110                                   : strtoul.c.obj (.text:strtoul)
                  000052c4    000000fc                                   : fd_mul_t2.asm.obj (.text)
                  000053c0    000000b1                                   : _printfi.c.obj (.text:_ltostr)
                  00005471    00000001     --HOLE-- [fill = 0]
                  00005472    0000009c                                   : memcpy_t2.asm.obj (.text)
                  0000550e    00000096                                   : ull_div_t2.asm.obj (.text)
                  000055a4    00000086                                   : fd_cmp_t2.asm.obj (.text:__aeabi_cdcmple)
                  0000562a    00000086                                   : fd_cmp_t2.asm.obj (.text:__aeabi_cdrcmple)
                  000056b0    0000007a                                   : memset_t2.asm.obj (.text)
                  0000572a    0000006e                                   : _printfi.c.obj (.text:_mcpy)
                  00005798    0000006e                                   : fd_tos_t2.asm.obj (.text)
                  00005806    00000002     --HOLE-- [fill = 0]
                  00005808    00000068                                   : sscanf.c.obj (.text:_chkmbc)
                  00005870    00000068                                   : copy_decompress_lzss.c.obj (.text:decompress:lzss:__TI_decompress_lzss)
                  000058d8    00000064                                   : s_frexp.c.obj (.text:frexp)
                  0000593c    00000056                                   : _printfi.c.obj (.text:_pconv_f)
                  00005992    00000054                                   : ltoa.c.obj (.text:ltoa)
                  000059e6    00000052                                   : _printfi.c.obj (.text:_ecpy)
                  00005a38    0000004c                                   : atoi.c.obj (.text:atoi)
                  00005a84    00000048                                   : fd_toi_t2.asm.obj (.text)
                  00005acc    00000044                                   : autoinit.c.obj (.text:__TI_auto_init_nobinit_nopinit:__TI_auto_init_nobinit_nopinit)
                  00005b10    00000040                                   : sprintf.c.obj (.text:sprintf)
                  00005b50    00000040                                   : strtok.c.obj (.text:strtok)
                  00005b90    0000003e                                   : _printfi.c.obj (.text:_fcpy)
                  00005bce    00000002     --HOLE-- [fill = 0]
                  00005bd0    00000038                                   : boot_cortex_m.c.obj (.text:_c_int00_noargs:_c_int00_noargs)
                  00005c08    00000038                                   : fs_tod_t2.asm.obj (.text)
                  00005c40    00000038                                   : sscanf.c.obj (.text:sscanf)
                  00005c78    0000002e                                   : i_tofd_t2.asm.obj (.text)
                  00005ca6    0000002a                                   : strspn.c.obj (.text:strspn)
                  00005cd0    00000024                                   : strcspn.c.obj (.text:strcspn)
                  00005cf4    0000001c                                   : memccpy.c.obj (.text:memccpy)
                  00005d10    00000018                                   : sprintf.c.obj (.text:_outs)
                  00005d28    00000018                                   : ll_mul_t2.asm.obj (.text)
                  00005d40    00000018                                   : strcmp.c.obj (.text:strcmp)
                  00005d58    00000018                                   : strrchr.c.obj (.text:strrchr)
                  00005d70    00000016                                   : strchr.c.obj (.text:strchr)
                  00005d86    00000014                                   : s_copysign.c.obj (.text:copysign)
                  00005d9a    00000014                                   : strcpy.c.obj (.text:strcpy)
                  00005dae    00000014                                   : strlen.c.obj (.text:strlen)
                  00005dc2    00000012                                   : sscanf.c.obj (.text:_inpchar)
                  00005dd4    00000012                                   : copy_zero_init.c.obj (.text:decompress:ZI:__TI_zero_init_nomemset:__TI_zero_init_nomemset)
                  00005de6    00000012                                   : wcslen.c.obj (.text:wcslen)
                  00005df8    00000010                                   : tolower.c.obj (.text:tolower)
                  00005e08    0000000e                                   : copy_decompress_none.c.obj (.text:decompress:none:__TI_decompress_none)
                  00005e16    0000000c     startup_ccs.obj (.text)
                  00005e22    0000000a     rtsv7M4_T_le_v4SPD16_eabi.lib : sprintf.c.obj (.text:_outc)
                  00005e2c    00000008                                   : errno.c.obj (.text:__aeabi_errno_addr)
                  00005e34    00000008                                   : sscanf.c.obj (.text:_uninpchar)
                  00005e3c    00000004                                   : pre_init.c.obj (.text:_system_pre_init)
                  00005e40    00000004                                   : exit.c.obj (.text:abort:abort)

.const     0    00005e48    000001f8     
                  00005e48    00000101     rtsv7M4_T_le_v4SPD16_eabi.lib : ctype.c.obj (.const:.string:_ctypes_)
                  00005f49    00000007     --HOLE-- [fill = 0]
                  00005f50    000000c8                                   : strtod.c.obj (.const:$O1$$)
                  00006018    00000018     Utility.obj (.const:$P$T0$1)
                  00006030    00000010     rtsv7M4_T_le_v4SPD16_eabi.lib : _scanfi.c.obj (.const:$O1$$)

.cinit     0    00006040    00000048     
                  00006040    00000020     (.cinit..data.load) [load image, compression = lzss]
                  00006060    0000000c     (__TI_handler_table)
                  0000606c    00000004     --HOLE-- [fill = 0]
                  00006070    00000008     (.cinit..bss.load) [load image, compression = zero_init]
                  00006078    00000010     (__TI_cinit_table)

.init_array 
*          0    00000000    00000000     UNINITIALIZED

.bss       0    20001fa0    000000a7     UNINITIALIZED
                  20001fa0    00000064     (.common:strinput)
                  20002004    00000028     (.common:tokens)
                  2000202c    00000008     UART0.obj (.bss)
                  20002034    00000006     (.common:storedDate)
                  2000203a    00000006     (.common:storedTime)
                  20002040    00000004     (.common:level)
                  20002044    00000002     (.common:currOffset)
                  20002046    00000001     (.common:LTflag)

.data      0    20002048    00000040     UNINITIALIZED
                  20002048    0000001d     main.obj (.data)
                  20002065    00000001     --HOLE--
                  20002066    00000018     main.obj (.data:daysOfEachMonth)
                  2000207e    00000002     --HOLE--
                  20002080    00000004     rtsv7M4_T_le_v4SPD16_eabi.lib : errno.c.obj (.data)
                  20002084    00000004                                   : strtok.c.obj (.data)

.stack     0    20000000    00001fa0     UNINITIALIZED
                  20000000    00000004     rtsv7M4_T_le_v4SPD16_eabi.lib : boot_cortex_m.c.obj (.stack)
                  20000004    00001f9c     --HOLE--

MODULE SUMMARY

       Module                       code    ro data   rw data
       ------                       ----    -------   -------
    .\
       main.obj                     3376    0         212    
       Utility.obj                  3500    24        0      
       MPU.obj                      724     0         0      
       startup_ccs.obj              12      620       0      
       I2C0.obj                     628     0         0      
       UART0.obj                    608     0         8      
       RTC.obj                      376     0         0      
       Temp.obj                     316     0         0      
    +--+----------------------------+-------+---------+---------+
       Total:                       9540    644       220    
                                                             
    C:\ti\ccsv8\tools\compiler\ti-cgt-arm_18.1.4.LTS\lib\rtsv7M4_T_le_v4SPD16_eabi.lib
       _printfi.c.obj               4867    0         0      
       _scanfi.c.obj                2800    16        0      
       strtod.c.obj                 1120    200       0      
       strtoll.c.obj                476     0         0      
       fd_add_t2.asm.obj            438     0         0      
       strtoull.c.obj               348     0         0      
       e_sqrt.c.obj                 344     0         0      
       fd_div_t2.asm.obj            310     0         0      
       strtol.c.obj                 304     0         0      
       s_scalbn.c.obj               272     0         0      
       strtoul.c.obj                272     0         0      
       fd_cmp_t2.asm.obj            268     0         0      
       ctype.c.obj                  0       257       0      
       fd_mul_t2.asm.obj            252     0         0      
       sscanf.c.obj                 186     0         0      
       memcpy_t2.asm.obj            156     0         0      
       ull_div_t2.asm.obj           150     0         0      
       memset_t2.asm.obj            122     0         0      
       fd_tos_t2.asm.obj            110     0         0      
       copy_decompress_lzss.c.obj   104     0         0      
       s_frexp.c.obj                100     0         0      
       sprintf.c.obj                98      0         0      
       ltoa.c.obj                   84      0         0      
       atoi.c.obj                   76      0         0      
       fd_toi_t2.asm.obj            72      0         0      
       autoinit.c.obj               68      0         0      
       strtok.c.obj                 64      0         4      
       boot_cortex_m.c.obj          56      0         0      
       fs_tod_t2.asm.obj            56      0         0      
       i_tofd_t2.asm.obj            46      0         0      
       strspn.c.obj                 42      0         0      
       strcspn.c.obj                36      0         0      
       memccpy.c.obj                28      0         0      
       ll_mul_t2.asm.obj            24      0         0      
       strcmp.c.obj                 24      0         0      
       strrchr.c.obj                24      0         0      
       strchr.c.obj                 22      0         0      
       s_copysign.c.obj             20      0         0      
       strcpy.c.obj                 20      0         0      
       strlen.c.obj                 20      0         0      
       copy_zero_init.c.obj         18      0         0      
       wcslen.c.obj                 18      0         0      
       tolower.c.obj                16      0         0      
       copy_decompress_none.c.obj   14      0         0      
       errno.c.obj                  8       0         4      
       exit.c.obj                   4       0         0      
       pre_init.c.obj               4       0         0      
       div0.asm.obj                 2       0         0      
    +--+----------------------------+-------+---------+---------+
       Total:                       13963   473       8      
                                                             
       Stack:                       0       0         8096   
       Linker Generated:            0       68        0      
    +--+----------------------------+-------+---------+---------+
       Grand Total:                 23503   1185      8324   


LINKER GENERATED COPY TABLES

__TI_cinit_table @ 00006078 records: 2, size/record: 8, table size: 16
	.data: load addr=00006040, load size=00000020 bytes, run addr=20002048, run size=00000040 bytes, compression=lzss
	.bss: load addr=00006070, load size=00000008 bytes, run addr=20001fa0, run size=000000a7 bytes, compression=zero_init


LINKER GENERATED HANDLER TABLE

__TI_handler_table @ 00006060 records: 3, size/record: 4, table size: 12
	index: 0, handler: __TI_decompress_lzss
	index: 1, handler: __TI_decompress_none
	index: 2, handler: __TI_zero_init


GLOBAL SYMBOLS: SORTED ALPHABETICALLY BY Name 

address   name                          
-------   ----                          
00005e41  C$$EXIT                       
20002060  H                             
2000205e  Hflag                         
0000477f  HibIsr                        
20002046  LTflag                        
00000b0d  MPUIsr                        
20002048  NArgs                         
2000205c  NSamples                      
2000205d  Para                          
2000204c  RTC_Old                       
00005e17  ResetISR                      
00000501  Sample                        
00000705  SampleWrapper                 
00000b8d  SetGating                     
20002058  T                             
20001fa0  __STACK_END                   
00001fa0  __STACK_SIZE                  
20000200  __STACK_TOP                   
00006078  __TI_CINIT_Base               
00006088  __TI_CINIT_Limit              
00006060  __TI_Handler_Table_Base       
0000606c  __TI_Handler_Table_Limit      
00005acd  __TI_auto_init_nobinit_nopinit
00005871  __TI_decompress_lzss          
00005e09  __TI_decompress_none          
ffffffff  __TI_pprof_out_hndl           
00002839  __TI_printfi                  
ffffffff  __TI_prof_data_size           
ffffffff  __TI_prof_data_start          
00001d49  __TI_scanfi                   
00000000  __TI_static_base__            
00005dd5  __TI_zero_init_nomemset       
000055a5  __aeabi_cdcmpeq               
000055a5  __aeabi_cdcmple               
0000562b  __aeabi_cdrcmple              
00005799  __aeabi_d2f                   
00005a85  __aeabi_d2iz                  
000044c7  __aeabi_dadd                  
00004d19  __aeabi_ddiv                  
000052c5  __aeabi_dmul                  
000044bd  __aeabi_dsub                  
00005e2d  __aeabi_errno_addr            
00005c09  __aeabi_f2d                   
00005c79  __aeabi_i2d                   
00003297  __aeabi_idiv0                 
00003297  __aeabi_ldiv0                 
00005d29  __aeabi_lmul                  
000056b1  __aeabi_memclr                
000056b1  __aeabi_memclr4               
000056b1  __aeabi_memclr8               
00005473  __aeabi_memcpy                
00005473  __aeabi_memcpy4               
00005473  __aeabi_memcpy8               
000056b3  __aeabi_memset                
000056b3  __aeabi_memset4               
000056b3  __aeabi_memset8               
0000550f  __aeabi_uldivmod              
ffffffff  __binit__                     
ffffffff  __c_args__                    
UNDEFED   __mpu_init                    
20000000  __stack                       
00005bd1  _c_int00_noargs               
00005e48  _ctypes_                      
UNDEFED   _system_post_cinit            
00005e3d  _system_pre_init              
00005e41  abort                         
00000307  abs                           
0000031f  absfloat                      
000002a1  asciiToFloat                  
000002d5  asciiToUint32                 
0000026d  asciiToUint8                  
00005a39  atoi                          
ffffffff  binit                         
00005d87  copysign                      
00005d87  copysignl                     
20002044  currOffset                    
20002066  daysOfEachMonth               
0000472d  endMatch                      
00000ca1  eraseFlash                    
20002080  errno                         
00000499  eucDis                        
000058d9  frexp                         
000058d9  frexpl                        
00000000  g_pfnVectors                  
00004b23  getRandomStart                
0000109f  getString                     
00004af7  getTemp                       
00001083  getValue                      
00003f6d  getcUart0                     
00004047  getsUart0                     
00001019  initHw                        
000039cd  initI2c0                      
000036f9  initMPU9250                   
00004675  initRTC                       
00004aa1  initTemp                      
00003eb1  initUART0                     
000010b9  isCommand                     
00003be9  isI2c0Error                   
000050a5  ldexp                         
000050a5  ldexpl                        
20002040  level                         
20002064  logMask                       
00005993  ltoa                          
00001435  main                          
00005cf5  memccpy                       
00005473  memcpy                        
000056b9  memset                        
000010e1  newDateFromDay                
00000d7d  nextPage                      
00001043  parse_string                  
00003ba3  pollI2c0Address               
00000eb1  printData                     
000012c5  printDate                     
00001233  printTime                     
00003f1f  putcUart0                     
00003f3b  putsUart0                     
00003737  readAccelData                 
00000dfd  readFlash                     
000037b5  readGyroData                  
00003b45  readI2c0Register              
00003833  readMagData                   
00004687  resetRTC                      
000050a5  scalbn                        
000050a5  scalbnl                       
00000c1b  setLogging                    
000011b9  setStoredTimeAndDate          
00005b11  sprintf                       
00004949  sqrt                          
00004949  sqrtl                         
00005c41  sscanf                        
00004697  startMatch                    
00003901  startTrigger                  
20002054  startingState                 
20002050  state                         
00003981  stopTrigger                   
20002034  storedDate                    
2000203a  storedTime                    
00005d71  strchr                        
00005d41  strcmp                        
00005d9b  strcpy                        
00005cd1  strcspn                       
20001fa0  strinput                      
00005daf  strlen                        
00005d59  strrchr                       
00005ca7  strspn                        
00003299  strtod                        
00005b51  strtok                        
00003f81  strtokk                       
00004e51  strtol                        
00003299  strtold                       
00004111  strtoll                       
000051b5  strtoul                       
000047ed  strtoull                      
20002004  tokens                        
00005df9  tolower                       
000003b9  validateDate                  
00000b33  validateInput                 
0000036f  validateTime                  
0000034b  waitMicrosecond               
00005de7  wcslen                        
00000ce9  writeFlash                    
00003a35  writeI2c0Register             
00003a8b  writeI2c0Registers            


GLOBAL SYMBOLS: SORTED BY Symbol Address 

address   name                          
-------   ----                          
00000000  __TI_static_base__            
00000000  g_pfnVectors                  
0000026d  asciiToUint8                  
000002a1  asciiToFloat                  
000002d5  asciiToUint32                 
00000307  abs                           
0000031f  absfloat                      
0000034b  waitMicrosecond               
0000036f  validateTime                  
000003b9  validateDate                  
00000499  eucDis                        
00000501  Sample                        
00000705  SampleWrapper                 
00000b0d  MPUIsr                        
00000b33  validateInput                 
00000b8d  SetGating                     
00000c1b  setLogging                    
00000ca1  eraseFlash                    
00000ce9  writeFlash                    
00000d7d  nextPage                      
00000dfd  readFlash                     
00000eb1  printData                     
00001019  initHw                        
00001043  parse_string                  
00001083  getValue                      
0000109f  getString                     
000010b9  isCommand                     
000010e1  newDateFromDay                
000011b9  setStoredTimeAndDate          
00001233  printTime                     
000012c5  printDate                     
00001435  main                          
00001d49  __TI_scanfi                   
00001fa0  __STACK_SIZE                  
00002839  __TI_printfi                  
00003297  __aeabi_idiv0                 
00003297  __aeabi_ldiv0                 
00003299  strtod                        
00003299  strtold                       
000036f9  initMPU9250                   
00003737  readAccelData                 
000037b5  readGyroData                  
00003833  readMagData                   
00003901  startTrigger                  
00003981  stopTrigger                   
000039cd  initI2c0                      
00003a35  writeI2c0Register             
00003a8b  writeI2c0Registers            
00003b45  readI2c0Register              
00003ba3  pollI2c0Address               
00003be9  isI2c0Error                   
00003eb1  initUART0                     
00003f1f  putcUart0                     
00003f3b  putsUart0                     
00003f6d  getcUart0                     
00003f81  strtokk                       
00004047  getsUart0                     
00004111  strtoll                       
000044bd  __aeabi_dsub                  
000044c7  __aeabi_dadd                  
00004675  initRTC                       
00004687  resetRTC                      
00004697  startMatch                    
0000472d  endMatch                      
0000477f  HibIsr                        
000047ed  strtoull                      
00004949  sqrt                          
00004949  sqrtl                         
00004aa1  initTemp                      
00004af7  getTemp                       
00004b23  getRandomStart                
00004d19  __aeabi_ddiv                  
00004e51  strtol                        
000050a5  ldexp                         
000050a5  ldexpl                        
000050a5  scalbn                        
000050a5  scalbnl                       
000051b5  strtoul                       
000052c5  __aeabi_dmul                  
00005473  __aeabi_memcpy                
00005473  __aeabi_memcpy4               
00005473  __aeabi_memcpy8               
00005473  memcpy                        
0000550f  __aeabi_uldivmod              
000055a5  __aeabi_cdcmpeq               
000055a5  __aeabi_cdcmple               
0000562b  __aeabi_cdrcmple              
000056b1  __aeabi_memclr                
000056b1  __aeabi_memclr4               
000056b1  __aeabi_memclr8               
000056b3  __aeabi_memset                
000056b3  __aeabi_memset4               
000056b3  __aeabi_memset8               
000056b9  memset                        
00005799  __aeabi_d2f                   
00005871  __TI_decompress_lzss          
000058d9  frexp                         
000058d9  frexpl                        
00005993  ltoa                          
00005a39  atoi                          
00005a85  __aeabi_d2iz                  
00005acd  __TI_auto_init_nobinit_nopinit
00005b11  sprintf                       
00005b51  strtok                        
00005bd1  _c_int00_noargs               
00005c09  __aeabi_f2d                   
00005c41  sscanf                        
00005c79  __aeabi_i2d                   
00005ca7  strspn                        
00005cd1  strcspn                       
00005cf5  memccpy                       
00005d29  __aeabi_lmul                  
00005d41  strcmp                        
00005d59  strrchr                       
00005d71  strchr                        
00005d87  copysign                      
00005d87  copysignl                     
00005d9b  strcpy                        
00005daf  strlen                        
00005dd5  __TI_zero_init_nomemset       
00005de7  wcslen                        
00005df9  tolower                       
00005e09  __TI_decompress_none          
00005e17  ResetISR                      
00005e2d  __aeabi_errno_addr            
00005e3d  _system_pre_init              
00005e41  C$$EXIT                       
00005e41  abort                         
00005e48  _ctypes_                      
00006060  __TI_Handler_Table_Base       
0000606c  __TI_Handler_Table_Limit      
00006078  __TI_CINIT_Base               
00006088  __TI_CINIT_Limit              
20000000  __stack                       
20000200  __STACK_TOP                   
20001fa0  __STACK_END                   
20001fa0  strinput                      
20002004  tokens                        
20002034  storedDate                    
2000203a  storedTime                    
20002040  level                         
20002044  currOffset                    
20002046  LTflag                        
20002048  NArgs                         
2000204c  RTC_Old                       
20002050  state                         
20002054  startingState                 
20002058  T                             
2000205c  NSamples                      
2000205d  Para                          
2000205e  Hflag                         
20002060  H                             
20002064  logMask                       
20002066  daysOfEachMonth               
20002080  errno                         
ffffffff  __TI_pprof_out_hndl           
ffffffff  __TI_prof_data_size           
ffffffff  __TI_prof_data_start          
ffffffff  __binit__                     
ffffffff  __c_args__                    
ffffffff  binit                         
UNDEFED   __mpu_init                    
UNDEFED   _system_post_cinit            

[163 symbols]
