******************************************************************************
                  TI ARM Linker PC v18.1.4                     
******************************************************************************
>> Linked Thu Oct  3 11:54:38 2019

OUTPUT FILE NAME:   <m.out>
ENTRY POINT SYMBOL: "_c_int00_noargs"  address: 00002595


MEMORY CONFIGURATION

         name            origin    length      used     unused   attr    fill
----------------------  --------  ---------  --------  --------  ----  --------
  FLASH                 00000000   00040000  00002865  0003d79b  R  X
  SRAM                  20000000   00008000  00002061  00005f9f  RW X


SEGMENT ALLOCATION MAP

run origin  load origin   length   init length attrs members
----------  ----------- ---------- ----------- ----- -------
00000000    00000000    00002868   00002868    r-x
  00000000    00000000    0000026c   0000026c    r-- .intvecs
  0000026c    0000026c    000024c0   000024c0    r-x .text
  0000272c    0000272c    00000101   00000101    r-- .const
  00002830    00002830    00000038   00000038    r-- .cinit
20000000    20000000    00002061   00000000    rw-
  20000000    20000000    00001fa0   00000000    rw- .stack
  20001fa0    20001fa0    000000a0   00000000    rw- .bss
  20002040    20002040    00000021   00000000    rw- .data


SECTION ALLOCATION MAP

 output                                  attributes/
section   page    origin      length       input sections
--------  ----  ----------  ----------   ----------------
.intvecs   0    00000000    0000026c     
                  00000000    0000026c     startup_ccs.obj (.intvecs)

.text      0    0000026c    000024c0     
                  0000026c    00000a5e     rtsv7M4_T_le_v4SPD16_eabi.lib : _printfi.c.obj (.text:__TI_printfi)
                  00000cca    00000002                                   : div0.asm.obj (.text)
                  00000ccc    000005f4     main.obj (.text)
                  000012c0    00000270     rtsv7M4_T_le_v4SPD16_eabi.lib : _printfi.c.obj (.text:_pconv_a)
                  00001530    000001d0                                   : _printfi.c.obj (.text:_pconv_g)
                  00001700    000001b6                                   : fd_add_t2.asm.obj (.text)
                  000018b6    00000002     --HOLE-- [fill = 0]
                  000018b8    0000013c                                   : _printfi.c.obj (.text:_pconv_e)
                  000019f4    00000136                                   : fd_div_t2.asm.obj (.text)
                  00001b2a    00000002     --HOLE-- [fill = 0]
                  00001b2c    00000124                                   : _printfi.c.obj (.text:fcvt)
                  00001c50    00000110                                   : s_scalbn.c.obj (.text:scalbn)
                  00001d60    000000fc                                   : fd_mul_t2.asm.obj (.text)
                  00001e5c    000000b1                                   : _printfi.c.obj (.text:_ltostr)
                  00001f0d    00000001     --HOLE-- [fill = 0]
                  00001f0e    0000009c                                   : memcpy_t2.asm.obj (.text)
                  00001faa    00000096                                   : ull_div_t2.asm.obj (.text)
                  00002040    00000086                                   : fd_cmp_t2.asm.obj (.text:__aeabi_cdcmple)
                  000020c6    00000086                                   : fd_cmp_t2.asm.obj (.text:__aeabi_cdrcmple)
                  0000214c    0000007a                                   : memset_t2.asm.obj (.text)
                  000021c6    0000006e                                   : _printfi.c.obj (.text:_mcpy)
                  00002234    00000068                                   : copy_decompress_lzss.c.obj (.text:decompress:lzss:__TI_decompress_lzss)
                  0000229c    00000064                                   : s_frexp.c.obj (.text:frexp)
                  00002300    00000056                                   : _printfi.c.obj (.text:_pconv_f)
                  00002356    00000054                                   : ltoa.c.obj (.text:ltoa)
                  000023aa    00000052                                   : _printfi.c.obj (.text:_ecpy)
                  000023fc    0000004c                                   : atoi.c.obj (.text:atoi)
                  00002448    00000048                                   : fd_toi_t2.asm.obj (.text)
                  00002490    00000044                                   : autoinit.c.obj (.text:__TI_auto_init_nobinit_nopinit:__TI_auto_init_nobinit_nopinit)
                  000024d4    00000040                                   : sprintf.c.obj (.text:sprintf)
                  00002514    00000040                                   : strtok.c.obj (.text:strtok)
                  00002554    0000003e                                   : _printfi.c.obj (.text:_fcpy)
                  00002592    00000002     --HOLE-- [fill = 0]
                  00002594    00000038                                   : boot_cortex_m.c.obj (.text:_c_int00_noargs:_c_int00_noargs)
                  000025cc    0000002e                                   : i_tofd_t2.asm.obj (.text)
                  000025fa    0000002a                                   : strspn.c.obj (.text:strspn)
                  00002624    00000024                                   : strcspn.c.obj (.text:strcspn)
                  00002648    0000001c                                   : memccpy.c.obj (.text:memccpy)
                  00002664    00000018                                   : sprintf.c.obj (.text:_outs)
                  0000267c    00000018                                   : strcmp.c.obj (.text:strcmp)
                  00002694    00000016                                   : strchr.c.obj (.text:strchr)
                  000026aa    00000014                                   : s_copysign.c.obj (.text:copysign)
                  000026be    00000014                                   : strlen.c.obj (.text:strlen)
                  000026d2    00000012                                   : copy_zero_init.c.obj (.text:decompress:ZI:__TI_zero_init_nomemset:__TI_zero_init_nomemset)
                  000026e4    00000012                                   : wcslen.c.obj (.text:wcslen)
                  000026f6    0000000e                                   : copy_decompress_none.c.obj (.text:decompress:none:__TI_decompress_none)
                  00002704    0000000c     startup_ccs.obj (.text)
                  00002710    0000000a     rtsv7M4_T_le_v4SPD16_eabi.lib : sprintf.c.obj (.text:_outc)
                  0000271a    00000002     --HOLE-- [fill = 0]
                  0000271c    00000008                                   : errno.c.obj (.text:__aeabi_errno_addr)
                  00002724    00000004                                   : pre_init.c.obj (.text:_system_pre_init)
                  00002728    00000004                                   : exit.c.obj (.text:abort:abort)

.const     0    0000272c    00000101     
                  0000272c    00000101     rtsv7M4_T_le_v4SPD16_eabi.lib : ctype.c.obj (.const:.string:_ctypes_)

.cinit     0    00002830    00000038     
                  00002830    00000012     (.cinit..data.load) [load image, compression = lzss]
                  00002842    00000002     --HOLE-- [fill = 0]
                  00002844    0000000c     (__TI_handler_table)
                  00002850    00000008     (.cinit..bss.load) [load image, compression = zero_init]
                  00002858    00000010     (__TI_cinit_table)

.init_array 
*          0    00000000    00000000     UNINITIALIZED

.bss       0    20001fa0    000000a0     UNINITIALIZED
                  20001fa0    00000064     (.common:strinput)
                  20002004    00000028     (.common:tokens)
                  2000202c    00000008     main.obj (.bss)
                  20002034    00000006     (.common:storedDate)
                  2000203a    00000006     (.common:storedTime)

.data      0    20002040    00000021     UNINITIALIZED
                  20002040    00000018     main.obj (.data:daysOfEachMonth)
                  20002058    00000004     rtsv7M4_T_le_v4SPD16_eabi.lib : errno.c.obj (.data)
                  2000205c    00000004                                   : strtok.c.obj (.data)
                  20002060    00000001     main.obj (.data)

.stack     0    20000000    00001fa0     UNINITIALIZED
                  20000000    00000004     rtsv7M4_T_le_v4SPD16_eabi.lib : boot_cortex_m.c.obj (.stack)
                  20000004    00001f9c     --HOLE--

MODULE SUMMARY

       Module                       code   ro data   rw data
       ------                       ----   -------   -------
    .\
       main.obj                     1524   0         185    
       startup_ccs.obj              12     620       0      
    +--+----------------------------+------+---------+---------+
       Total:                       1536   620       185    
                                                            
    C:\ti\ccsv8\tools\compiler\ti-cgt-arm_18.1.4.LTS\lib\rtsv7M4_T_le_v4SPD16_eabi.lib
       _printfi.c.obj               4867   0         0      
       fd_add_t2.asm.obj            438    0         0      
       fd_div_t2.asm.obj            310    0         0      
       s_scalbn.c.obj               272    0         0      
       fd_cmp_t2.asm.obj            268    0         0      
       ctype.c.obj                  0      257       0      
       fd_mul_t2.asm.obj            252    0         0      
       memcpy_t2.asm.obj            156    0         0      
       ull_div_t2.asm.obj           150    0         0      
       memset_t2.asm.obj            122    0         0      
       copy_decompress_lzss.c.obj   104    0         0      
       s_frexp.c.obj                100    0         0      
       sprintf.c.obj                98     0         0      
       ltoa.c.obj                   84     0         0      
       atoi.c.obj                   76     0         0      
       fd_toi_t2.asm.obj            72     0         0      
       autoinit.c.obj               68     0         0      
       strtok.c.obj                 64     0         4      
       boot_cortex_m.c.obj          56     0         0      
       i_tofd_t2.asm.obj            46     0         0      
       strspn.c.obj                 42     0         0      
       strcspn.c.obj                36     0         0      
       memccpy.c.obj                28     0         0      
       strcmp.c.obj                 24     0         0      
       strchr.c.obj                 22     0         0      
       s_copysign.c.obj             20     0         0      
       strlen.c.obj                 20     0         0      
       copy_zero_init.c.obj         18     0         0      
       wcslen.c.obj                 18     0         0      
       copy_decompress_none.c.obj   14     0         0      
       errno.c.obj                  8      0         4      
       exit.c.obj                   4      0         0      
       pre_init.c.obj               4      0         0      
       div0.asm.obj                 2      0         0      
    +--+----------------------------+------+---------+---------+
       Total:                       7863   257       8      
                                                            
       Stack:                       0      0         8096   
       Linker Generated:            0      54        0      
    +--+----------------------------+------+---------+---------+
       Grand Total:                 9399   931       8289   


LINKER GENERATED COPY TABLES

__TI_cinit_table @ 00002858 records: 2, size/record: 8, table size: 16
	.data: load addr=00002830, load size=00000012 bytes, run addr=20002040, run size=00000021 bytes, compression=lzss
	.bss: load addr=00002850, load size=00000008 bytes, run addr=20001fa0, run size=000000a0 bytes, compression=zero_init


LINKER GENERATED HANDLER TABLE

__TI_handler_table @ 00002844 records: 3, size/record: 4, table size: 12
	index: 0, handler: __TI_decompress_lzss
	index: 1, handler: __TI_decompress_none
	index: 2, handler: __TI_zero_init


GLOBAL SYMBOLS: SORTED ALPHABETICALLY BY Name 

address   name                          
-------   ----                          
00002729  C$$EXIT                       
20002060  NArgs                         
00002705  ResetISR                      
20001fa0  __STACK_END                   
00001fa0  __STACK_SIZE                  
20000200  __STACK_TOP                   
00002858  __TI_CINIT_Base               
00002868  __TI_CINIT_Limit              
00002844  __TI_Handler_Table_Base       
00002850  __TI_Handler_Table_Limit      
00002491  __TI_auto_init_nobinit_nopinit
00002235  __TI_decompress_lzss          
000026f7  __TI_decompress_none          
ffffffff  __TI_pprof_out_hndl           
0000026d  __TI_printfi                  
ffffffff  __TI_prof_data_size           
ffffffff  __TI_prof_data_start          
00000000  __TI_static_base__            
000026d3  __TI_zero_init_nomemset       
00002041  __aeabi_cdcmpeq               
00002041  __aeabi_cdcmple               
000020c7  __aeabi_cdrcmple              
00002449  __aeabi_d2iz                  
0000170b  __aeabi_dadd                  
000019f5  __aeabi_ddiv                  
00001d61  __aeabi_dmul                  
00001701  __aeabi_dsub                  
0000271d  __aeabi_errno_addr            
000025cd  __aeabi_i2d                   
00000ccb  __aeabi_idiv0                 
00000ccb  __aeabi_ldiv0                 
0000214d  __aeabi_memclr                
0000214d  __aeabi_memclr4               
0000214d  __aeabi_memclr8               
00001f0f  __aeabi_memcpy                
00001f0f  __aeabi_memcpy4               
00001f0f  __aeabi_memcpy8               
0000214f  __aeabi_memset                
0000214f  __aeabi_memset4               
0000214f  __aeabi_memset8               
00001fab  __aeabi_uldivmod              
ffffffff  __binit__                     
ffffffff  __c_args__                    
UNDEFED   __mpu_init                    
20000000  __stack                       
00002595  _c_int00_noargs               
0000272c  _ctypes_                      
UNDEFED   _system_post_cinit            
00002725  _system_pre_init              
00002729  abort                         
00000d49  abs                           
000023fd  atoi                          
ffffffff  binit                         
000026ab  copysign                      
000026ab  copysignl                     
20002040  daysOfEachMonth               
20002058  errno                         
0000229d  frexp                         
0000229d  frexpl                        
00000000  g_pfnVectors                  
00000f71  getString                     
00000f55  getValue                      
00000daf  getcUart0                     
00000e89  getsUart0                     
00000ccd  initHw                        
00000fa5  isCommand                     
00001c51  ldexp                         
00001c51  ldexpl                        
00002357  ltoa                          
00001161  main                          
00002649  memccpy                       
00001f0f  memcpy                        
00002155  memset                        
00001025  newDateFromDay                
00000f15  parse_string                  
00000d61  putcUart0                     
00000d7d  putsUart0                     
00001c51  scalbn                        
00001c51  scalbnl                       
000010fd  setStoredTimeAndDate          
000024d5  sprintf                       
20002034  storedDate                    
2000203a  storedTime                    
00002695  strchr                        
0000267d  strcmp                        
00002625  strcspn                       
20001fa0  strinput                      
000026bf  strlen                        
000025fb  strspn                        
00002515  strtok                        
00000dc3  strtokk                       
20002004  tokens                        
00000ff1  waitMicrosecond               
000026e5  wcslen                        


GLOBAL SYMBOLS: SORTED BY Symbol Address 

address   name                          
-------   ----                          
00000000  __TI_static_base__            
00000000  g_pfnVectors                  
0000026d  __TI_printfi                  
00000ccb  __aeabi_idiv0                 
00000ccb  __aeabi_ldiv0                 
00000ccd  initHw                        
00000d49  abs                           
00000d61  putcUart0                     
00000d7d  putsUart0                     
00000daf  getcUart0                     
00000dc3  strtokk                       
00000e89  getsUart0                     
00000f15  parse_string                  
00000f55  getValue                      
00000f71  getString                     
00000fa5  isCommand                     
00000ff1  waitMicrosecond               
00001025  newDateFromDay                
000010fd  setStoredTimeAndDate          
00001161  main                          
00001701  __aeabi_dsub                  
0000170b  __aeabi_dadd                  
000019f5  __aeabi_ddiv                  
00001c51  ldexp                         
00001c51  ldexpl                        
00001c51  scalbn                        
00001c51  scalbnl                       
00001d61  __aeabi_dmul                  
00001f0f  __aeabi_memcpy                
00001f0f  __aeabi_memcpy4               
00001f0f  __aeabi_memcpy8               
00001f0f  memcpy                        
00001fa0  __STACK_SIZE                  
00001fab  __aeabi_uldivmod              
00002041  __aeabi_cdcmpeq               
00002041  __aeabi_cdcmple               
000020c7  __aeabi_cdrcmple              
0000214d  __aeabi_memclr                
0000214d  __aeabi_memclr4               
0000214d  __aeabi_memclr8               
0000214f  __aeabi_memset                
0000214f  __aeabi_memset4               
0000214f  __aeabi_memset8               
00002155  memset                        
00002235  __TI_decompress_lzss          
0000229d  frexp                         
0000229d  frexpl                        
00002357  ltoa                          
000023fd  atoi                          
00002449  __aeabi_d2iz                  
00002491  __TI_auto_init_nobinit_nopinit
000024d5  sprintf                       
00002515  strtok                        
00002595  _c_int00_noargs               
000025cd  __aeabi_i2d                   
000025fb  strspn                        
00002625  strcspn                       
00002649  memccpy                       
0000267d  strcmp                        
00002695  strchr                        
000026ab  copysign                      
000026ab  copysignl                     
000026bf  strlen                        
000026d3  __TI_zero_init_nomemset       
000026e5  wcslen                        
000026f7  __TI_decompress_none          
00002705  ResetISR                      
0000271d  __aeabi_errno_addr            
00002725  _system_pre_init              
00002729  C$$EXIT                       
00002729  abort                         
0000272c  _ctypes_                      
00002844  __TI_Handler_Table_Base       
00002850  __TI_Handler_Table_Limit      
00002858  __TI_CINIT_Base               
00002868  __TI_CINIT_Limit              
20000000  __stack                       
20000200  __STACK_TOP                   
20001fa0  __STACK_END                   
20001fa0  strinput                      
20002004  tokens                        
20002034  storedDate                    
2000203a  storedTime                    
20002040  daysOfEachMonth               
20002058  errno                         
20002060  NArgs                         
ffffffff  __TI_pprof_out_hndl           
ffffffff  __TI_prof_data_size           
ffffffff  __TI_prof_data_start          
ffffffff  __binit__                     
ffffffff  __c_args__                    
ffffffff  binit                         
UNDEFED   __mpu_init                    
UNDEFED   _system_post_cinit            

[94 symbols]
