<?xml version="1.0" encoding="ISO-8859-1" ?>
<link_info>
   <banner>TI ARM Linker PC v18.1.4.LTS</banner>
   <copyright>Copyright (c) 1996-2018 Texas Instruments Incorporated</copyright>
   <link_time>0x5dd747df</link_time>
   <link_errors>0x0</link_errors>
   <output_file>m.out</output_file>
   <entry_point>
      <name>_c_int00_noargs</name>
      <address>0x5639</address>
   </entry_point>
   <input_file_list>
      <input_file id="fl-2">
         <path>.\</path>
         <kind>object</kind>
         <file>I2C0.obj</file>
         <name>I2C0.obj</name>
      </input_file>
      <input_file id="fl-3">
         <path>.\</path>
         <kind>object</kind>
         <file>MPU.obj</file>
         <name>MPU.obj</name>
      </input_file>
      <input_file id="fl-4">
         <path>.\</path>
         <kind>object</kind>
         <file>RTC.obj</file>
         <name>RTC.obj</name>
      </input_file>
      <input_file id="fl-5">
         <path>.\</path>
         <kind>object</kind>
         <file>Temp.obj</file>
         <name>Temp.obj</name>
      </input_file>
      <input_file id="fl-6">
         <path>.\</path>
         <kind>object</kind>
         <file>UART0.obj</file>
         <name>UART0.obj</name>
      </input_file>
      <input_file id="fl-7">
         <path>.\</path>
         <kind>object</kind>
         <file>Utility.obj</file>
         <name>Utility.obj</name>
      </input_file>
      <input_file id="fl-8">
         <path>.\</path>
         <kind>object</kind>
         <file>main.obj</file>
         <name>main.obj</name>
      </input_file>
      <input_file id="fl-9">
         <path>.\</path>
         <kind>object</kind>
         <file>startup_ccs.obj</file>
         <name>startup_ccs.obj</name>
      </input_file>
      <input_file id="fl-d">
         <kind>object</kind>
         <file>&lt;internal&gt;</file>
         <name>&lt;internal&gt;</name>
      </input_file>
      <input_file id="fl-c3">
         <path>C:\ti\ccsv8\tools\compiler\ti-cgt-arm_18.1.4.LTS\lib\</path>
         <kind>archive</kind>
         <file>rtsv7M4_T_le_v4SPD16_eabi.lib</file>
         <name>e_sqrt.c.obj</name>
      </input_file>
      <input_file id="fl-c4">
         <path>C:\ti\ccsv8\tools\compiler\ti-cgt-arm_18.1.4.LTS\lib\</path>
         <kind>archive</kind>
         <file>rtsv7M4_T_le_v4SPD16_eabi.lib</file>
         <name>fd_add_t2.asm.obj</name>
      </input_file>
      <input_file id="fl-c5">
         <path>C:\ti\ccsv8\tools\compiler\ti-cgt-arm_18.1.4.LTS\lib\</path>
         <kind>archive</kind>
         <file>rtsv7M4_T_le_v4SPD16_eabi.lib</file>
         <name>fd_mul_t2.asm.obj</name>
      </input_file>
      <input_file id="fl-c6">
         <path>C:\ti\ccsv8\tools\compiler\ti-cgt-arm_18.1.4.LTS\lib\</path>
         <kind>archive</kind>
         <file>rtsv7M4_T_le_v4SPD16_eabi.lib</file>
         <name>fd_tos_t2.asm.obj</name>
      </input_file>
      <input_file id="fl-c7">
         <path>C:\ti\ccsv8\tools\compiler\ti-cgt-arm_18.1.4.LTS\lib\</path>
         <kind>archive</kind>
         <file>rtsv7M4_T_le_v4SPD16_eabi.lib</file>
         <name>fs_tod_t2.asm.obj</name>
      </input_file>
      <input_file id="fl-c8">
         <path>C:\ti\ccsv8\tools\compiler\ti-cgt-arm_18.1.4.LTS\lib\</path>
         <kind>archive</kind>
         <file>rtsv7M4_T_le_v4SPD16_eabi.lib</file>
         <name>i_tofd_t2.asm.obj</name>
      </input_file>
      <input_file id="fl-c9">
         <path>C:\ti\ccsv8\tools\compiler\ti-cgt-arm_18.1.4.LTS\lib\</path>
         <kind>archive</kind>
         <file>rtsv7M4_T_le_v4SPD16_eabi.lib</file>
         <name>memcpy_t2.asm.obj</name>
      </input_file>
      <input_file id="fl-ca">
         <path>C:\ti\ccsv8\tools\compiler\ti-cgt-arm_18.1.4.LTS\lib\</path>
         <kind>archive</kind>
         <file>rtsv7M4_T_le_v4SPD16_eabi.lib</file>
         <name>copy_zero_init.c.obj</name>
      </input_file>
      <input_file id="fl-cb">
         <path>C:\ti\ccsv8\tools\compiler\ti-cgt-arm_18.1.4.LTS\lib\</path>
         <kind>archive</kind>
         <file>rtsv7M4_T_le_v4SPD16_eabi.lib</file>
         <name>copy_decompress_none.c.obj</name>
      </input_file>
      <input_file id="fl-cc">
         <path>C:\ti\ccsv8\tools\compiler\ti-cgt-arm_18.1.4.LTS\lib\</path>
         <kind>archive</kind>
         <file>rtsv7M4_T_le_v4SPD16_eabi.lib</file>
         <name>copy_decompress_lzss.c.obj</name>
      </input_file>
      <input_file id="fl-cd">
         <path>C:\ti\ccsv8\tools\compiler\ti-cgt-arm_18.1.4.LTS\lib\</path>
         <kind>archive</kind>
         <file>rtsv7M4_T_le_v4SPD16_eabi.lib</file>
         <name>errno.c.obj</name>
      </input_file>
      <input_file id="fl-ce">
         <path>C:\ti\ccsv8\tools\compiler\ti-cgt-arm_18.1.4.LTS\lib\</path>
         <kind>archive</kind>
         <file>rtsv7M4_T_le_v4SPD16_eabi.lib</file>
         <name>boot_cortex_m.c.obj</name>
      </input_file>
      <input_file id="fl-cf">
         <path>C:\ti\ccsv8\tools\compiler\ti-cgt-arm_18.1.4.LTS\lib\</path>
         <kind>archive</kind>
         <file>rtsv7M4_T_le_v4SPD16_eabi.lib</file>
         <name>exit.c.obj</name>
      </input_file>
      <input_file id="fl-d0">
         <path>C:\ti\ccsv8\tools\compiler\ti-cgt-arm_18.1.4.LTS\lib\</path>
         <kind>archive</kind>
         <file>rtsv7M4_T_le_v4SPD16_eabi.lib</file>
         <name>_lock.c.obj</name>
      </input_file>
      <input_file id="fl-d1">
         <path>C:\ti\ccsv8\tools\compiler\ti-cgt-arm_18.1.4.LTS\lib\</path>
         <kind>archive</kind>
         <file>rtsv7M4_T_le_v4SPD16_eabi.lib</file>
         <name>args_main.c.obj</name>
      </input_file>
      <input_file id="fl-d2">
         <path>C:\ti\ccsv8\tools\compiler\ti-cgt-arm_18.1.4.LTS\lib\</path>
         <kind>archive</kind>
         <file>rtsv7M4_T_le_v4SPD16_eabi.lib</file>
         <name>atoi.c.obj</name>
      </input_file>
      <input_file id="fl-d3">
         <path>C:\ti\ccsv8\tools\compiler\ti-cgt-arm_18.1.4.LTS\lib\</path>
         <kind>archive</kind>
         <file>rtsv7M4_T_le_v4SPD16_eabi.lib</file>
         <name>ctype.c.obj</name>
      </input_file>
      <input_file id="fl-d4">
         <path>C:\ti\ccsv8\tools\compiler\ti-cgt-arm_18.1.4.LTS\lib\</path>
         <kind>archive</kind>
         <file>rtsv7M4_T_le_v4SPD16_eabi.lib</file>
         <name>sprintf.c.obj</name>
      </input_file>
      <input_file id="fl-d5">
         <path>C:\ti\ccsv8\tools\compiler\ti-cgt-arm_18.1.4.LTS\lib\</path>
         <kind>archive</kind>
         <file>rtsv7M4_T_le_v4SPD16_eabi.lib</file>
         <name>sscanf.c.obj</name>
      </input_file>
      <input_file id="fl-d6">
         <path>C:\ti\ccsv8\tools\compiler\ti-cgt-arm_18.1.4.LTS\lib\</path>
         <kind>archive</kind>
         <file>rtsv7M4_T_le_v4SPD16_eabi.lib</file>
         <name>strcmp.c.obj</name>
      </input_file>
      <input_file id="fl-d7">
         <path>C:\ti\ccsv8\tools\compiler\ti-cgt-arm_18.1.4.LTS\lib\</path>
         <kind>archive</kind>
         <file>rtsv7M4_T_le_v4SPD16_eabi.lib</file>
         <name>strlen.c.obj</name>
      </input_file>
      <input_file id="fl-d8">
         <path>C:\ti\ccsv8\tools\compiler\ti-cgt-arm_18.1.4.LTS\lib\</path>
         <kind>archive</kind>
         <file>rtsv7M4_T_le_v4SPD16_eabi.lib</file>
         <name>strtok.c.obj</name>
      </input_file>
      <input_file id="fl-d9">
         <path>C:\ti\ccsv8\tools\compiler\ti-cgt-arm_18.1.4.LTS\lib\</path>
         <kind>archive</kind>
         <file>rtsv7M4_T_le_v4SPD16_eabi.lib</file>
         <name>tolower.c.obj</name>
      </input_file>
      <input_file id="fl-da">
         <path>C:\ti\ccsv8\tools\compiler\ti-cgt-arm_18.1.4.LTS\lib\</path>
         <kind>archive</kind>
         <file>rtsv7M4_T_le_v4SPD16_eabi.lib</file>
         <name>memset_t2.asm.obj</name>
      </input_file>
      <input_file id="fl-db">
         <path>C:\ti\ccsv8\tools\compiler\ti-cgt-arm_18.1.4.LTS\lib\</path>
         <kind>archive</kind>
         <file>rtsv7M4_T_le_v4SPD16_eabi.lib</file>
         <name>autoinit.c.obj</name>
      </input_file>
      <input_file id="fl-dc">
         <path>C:\ti\ccsv8\tools\compiler\ti-cgt-arm_18.1.4.LTS\lib\</path>
         <kind>archive</kind>
         <file>rtsv7M4_T_le_v4SPD16_eabi.lib</file>
         <name>pre_init.c.obj</name>
      </input_file>
      <input_file id="fl-dd">
         <path>C:\ti\ccsv8\tools\compiler\ti-cgt-arm_18.1.4.LTS\lib\</path>
         <kind>archive</kind>
         <file>rtsv7M4_T_le_v4SPD16_eabi.lib</file>
         <name>cpy_tbl.c.obj</name>
      </input_file>
      <input_file id="fl-de">
         <path>C:\ti\ccsv8\tools\compiler\ti-cgt-arm_18.1.4.LTS\lib\</path>
         <kind>archive</kind>
         <file>rtsv7M4_T_le_v4SPD16_eabi.lib</file>
         <name>_printfi.c.obj</name>
      </input_file>
      <input_file id="fl-df">
         <path>C:\ti\ccsv8\tools\compiler\ti-cgt-arm_18.1.4.LTS\lib\</path>
         <kind>archive</kind>
         <file>rtsv7M4_T_le_v4SPD16_eabi.lib</file>
         <name>_scanfi.c.obj</name>
      </input_file>
      <input_file id="fl-e0">
         <path>C:\ti\ccsv8\tools\compiler\ti-cgt-arm_18.1.4.LTS\lib\</path>
         <kind>archive</kind>
         <file>rtsv7M4_T_le_v4SPD16_eabi.lib</file>
         <name>ltoa.c.obj</name>
      </input_file>
      <input_file id="fl-e1">
         <path>C:\ti\ccsv8\tools\compiler\ti-cgt-arm_18.1.4.LTS\lib\</path>
         <kind>archive</kind>
         <file>rtsv7M4_T_le_v4SPD16_eabi.lib</file>
         <name>memccpy.c.obj</name>
      </input_file>
      <input_file id="fl-e2">
         <path>C:\ti\ccsv8\tools\compiler\ti-cgt-arm_18.1.4.LTS\lib\</path>
         <kind>archive</kind>
         <file>rtsv7M4_T_le_v4SPD16_eabi.lib</file>
         <name>strchr.c.obj</name>
      </input_file>
      <input_file id="fl-e3">
         <path>C:\ti\ccsv8\tools\compiler\ti-cgt-arm_18.1.4.LTS\lib\</path>
         <kind>archive</kind>
         <file>rtsv7M4_T_le_v4SPD16_eabi.lib</file>
         <name>strcpy.c.obj</name>
      </input_file>
      <input_file id="fl-e4">
         <path>C:\ti\ccsv8\tools\compiler\ti-cgt-arm_18.1.4.LTS\lib\</path>
         <kind>archive</kind>
         <file>rtsv7M4_T_le_v4SPD16_eabi.lib</file>
         <name>strcspn.c.obj</name>
      </input_file>
      <input_file id="fl-e5">
         <path>C:\ti\ccsv8\tools\compiler\ti-cgt-arm_18.1.4.LTS\lib\</path>
         <kind>archive</kind>
         <file>rtsv7M4_T_le_v4SPD16_eabi.lib</file>
         <name>strrchr.c.obj</name>
      </input_file>
      <input_file id="fl-e6">
         <path>C:\ti\ccsv8\tools\compiler\ti-cgt-arm_18.1.4.LTS\lib\</path>
         <kind>archive</kind>
         <file>rtsv7M4_T_le_v4SPD16_eabi.lib</file>
         <name>strspn.c.obj</name>
      </input_file>
      <input_file id="fl-e7">
         <path>C:\ti\ccsv8\tools\compiler\ti-cgt-arm_18.1.4.LTS\lib\</path>
         <kind>archive</kind>
         <file>rtsv7M4_T_le_v4SPD16_eabi.lib</file>
         <name>strtod.c.obj</name>
      </input_file>
      <input_file id="fl-e8">
         <path>C:\ti\ccsv8\tools\compiler\ti-cgt-arm_18.1.4.LTS\lib\</path>
         <kind>archive</kind>
         <file>rtsv7M4_T_le_v4SPD16_eabi.lib</file>
         <name>strtol.c.obj</name>
      </input_file>
      <input_file id="fl-e9">
         <path>C:\ti\ccsv8\tools\compiler\ti-cgt-arm_18.1.4.LTS\lib\</path>
         <kind>archive</kind>
         <file>rtsv7M4_T_le_v4SPD16_eabi.lib</file>
         <name>strtoll.c.obj</name>
      </input_file>
      <input_file id="fl-ea">
         <path>C:\ti\ccsv8\tools\compiler\ti-cgt-arm_18.1.4.LTS\lib\</path>
         <kind>archive</kind>
         <file>rtsv7M4_T_le_v4SPD16_eabi.lib</file>
         <name>strtoul.c.obj</name>
      </input_file>
      <input_file id="fl-eb">
         <path>C:\ti\ccsv8\tools\compiler\ti-cgt-arm_18.1.4.LTS\lib\</path>
         <kind>archive</kind>
         <file>rtsv7M4_T_le_v4SPD16_eabi.lib</file>
         <name>strtoull.c.obj</name>
      </input_file>
      <input_file id="fl-ec">
         <path>C:\ti\ccsv8\tools\compiler\ti-cgt-arm_18.1.4.LTS\lib\</path>
         <kind>archive</kind>
         <file>rtsv7M4_T_le_v4SPD16_eabi.lib</file>
         <name>wcslen.c.obj</name>
      </input_file>
      <input_file id="fl-ed">
         <path>C:\ti\ccsv8\tools\compiler\ti-cgt-arm_18.1.4.LTS\lib\</path>
         <kind>archive</kind>
         <file>rtsv7M4_T_le_v4SPD16_eabi.lib</file>
         <name>s_frexp.c.obj</name>
      </input_file>
      <input_file id="fl-ee">
         <path>C:\ti\ccsv8\tools\compiler\ti-cgt-arm_18.1.4.LTS\lib\</path>
         <kind>archive</kind>
         <file>rtsv7M4_T_le_v4SPD16_eabi.lib</file>
         <name>s_scalbn.c.obj</name>
      </input_file>
      <input_file id="fl-ef">
         <path>C:\ti\ccsv8\tools\compiler\ti-cgt-arm_18.1.4.LTS\lib\</path>
         <kind>archive</kind>
         <file>rtsv7M4_T_le_v4SPD16_eabi.lib</file>
         <name>fd_cmp_t2.asm.obj</name>
      </input_file>
      <input_file id="fl-f0">
         <path>C:\ti\ccsv8\tools\compiler\ti-cgt-arm_18.1.4.LTS\lib\</path>
         <kind>archive</kind>
         <file>rtsv7M4_T_le_v4SPD16_eabi.lib</file>
         <name>fd_div_t2.asm.obj</name>
      </input_file>
      <input_file id="fl-f1">
         <path>C:\ti\ccsv8\tools\compiler\ti-cgt-arm_18.1.4.LTS\lib\</path>
         <kind>archive</kind>
         <file>rtsv7M4_T_le_v4SPD16_eabi.lib</file>
         <name>fd_toi_t2.asm.obj</name>
      </input_file>
      <input_file id="fl-f2">
         <path>C:\ti\ccsv8\tools\compiler\ti-cgt-arm_18.1.4.LTS\lib\</path>
         <kind>archive</kind>
         <file>rtsv7M4_T_le_v4SPD16_eabi.lib</file>
         <name>ll_mul_t2.asm.obj</name>
      </input_file>
      <input_file id="fl-f3">
         <path>C:\ti\ccsv8\tools\compiler\ti-cgt-arm_18.1.4.LTS\lib\</path>
         <kind>archive</kind>
         <file>rtsv7M4_T_le_v4SPD16_eabi.lib</file>
         <name>ull_div_t2.asm.obj</name>
      </input_file>
      <input_file id="fl-f4">
         <path>C:\ti\ccsv8\tools\compiler\ti-cgt-arm_18.1.4.LTS\lib\</path>
         <kind>archive</kind>
         <file>rtsv7M4_T_le_v4SPD16_eabi.lib</file>
         <name>s_copysign.c.obj</name>
      </input_file>
      <input_file id="fl-f5">
         <path>C:\ti\ccsv8\tools\compiler\ti-cgt-arm_18.1.4.LTS\lib\</path>
         <kind>archive</kind>
         <file>rtsv7M4_T_le_v4SPD16_eabi.lib</file>
         <name>div0.asm.obj</name>
      </input_file>
   </input_file_list>
   <object_component_list>
      <object_component id="oc-f">
         <name>.intvecs</name>
         <load_address>0x0</load_address>
         <run_address>0x0</run_address>
         <size>0x26c</size>
         <input_file_ref idref="fl-9"/>
      </object_component>
      <object_component id="oc-f3">
         <name>.text</name>
         <load_address>0x26c</load_address>
         <run_address>0x26c</run_address>
         <size>0xc50</size>
         <input_file_ref idref="fl-8"/>
      </object_component>
      <object_component id="oc-10a">
         <name>.text:__TI_scanfi</name>
         <load_address>0xebc</load_address>
         <run_address>0xebc</run_address>
         <size>0xaf0</size>
         <input_file_ref idref="fl-df"/>
      </object_component>
      <object_component id="oc-144">
         <name>.text:__TI_printfi</name>
         <load_address>0x19ac</load_address>
         <run_address>0x19ac</run_address>
         <size>0xa5e</size>
         <input_file_ref idref="fl-de"/>
      </object_component>
      <object_component id="oc-362">
         <name>.text</name>
         <load_address>0x240a</load_address>
         <run_address>0x240a</run_address>
         <size>0x2</size>
         <input_file_ref idref="fl-f5"/>
      </object_component>
      <object_component id="oc-2a">
         <name>.text</name>
         <load_address>0x240c</load_address>
         <run_address>0x240c</run_address>
         <size>0x98c</size>
         <input_file_ref idref="fl-7"/>
      </object_component>
      <object_component id="oc-1fa">
         <name>.text:strtod</name>
         <load_address>0x2d98</load_address>
         <run_address>0x2d98</run_address>
         <size>0x460</size>
         <input_file_ref idref="fl-e7"/>
      </object_component>
      <object_component id="oc-93">
         <name>.text</name>
         <load_address>0x31f8</load_address>
         <run_address>0x31f8</run_address>
         <size>0x2d4</size>
         <input_file_ref idref="fl-3"/>
      </object_component>
      <object_component id="oc-b5">
         <name>.text</name>
         <load_address>0x34cc</load_address>
         <run_address>0x34cc</run_address>
         <size>0x274</size>
         <input_file_ref idref="fl-2"/>
      </object_component>
      <object_component id="oc-253">
         <name>.text:_pconv_a</name>
         <load_address>0x3740</load_address>
         <run_address>0x3740</run_address>
         <size>0x270</size>
         <input_file_ref idref="fl-de"/>
      </object_component>
      <object_component id="oc-9f">
         <name>.text</name>
         <load_address>0x39b0</load_address>
         <run_address>0x39b0</run_address>
         <size>0x260</size>
         <input_file_ref idref="fl-6"/>
      </object_component>
      <object_component id="oc-206">
         <name>.text:strtoll</name>
         <load_address>0x3c10</load_address>
         <run_address>0x3c10</run_address>
         <size>0x1dc</size>
         <input_file_ref idref="fl-e9"/>
      </object_component>
      <object_component id="oc-241">
         <name>.text:_pconv_g</name>
         <load_address>0x3dec</load_address>
         <run_address>0x3dec</run_address>
         <size>0x1d0</size>
         <input_file_ref idref="fl-de"/>
      </object_component>
      <object_component id="oc-12f">
         <name>.text</name>
         <load_address>0x3fbc</load_address>
         <run_address>0x3fbc</run_address>
         <size>0x1b6</size>
         <input_file_ref idref="fl-c4"/>
      </object_component>
      <object_component id="oc-30">
         <name>.text</name>
         <load_address>0x4174</load_address>
         <run_address>0x4174</run_address>
         <size>0x178</size>
         <input_file_ref idref="fl-4"/>
      </object_component>
      <object_component id="oc-1ee">
         <name>.text:strtoull</name>
         <load_address>0x42ec</load_address>
         <run_address>0x42ec</run_address>
         <size>0x15c</size>
         <input_file_ref idref="fl-eb"/>
      </object_component>
      <object_component id="oc-88">
         <name>.text:sqrt</name>
         <load_address>0x4448</load_address>
         <run_address>0x4448</run_address>
         <size>0x158</size>
         <input_file_ref idref="fl-c3"/>
      </object_component>
      <object_component id="oc-24d">
         <name>.text:_pconv_e</name>
         <load_address>0x45a0</load_address>
         <run_address>0x45a0</run_address>
         <size>0x13c</size>
         <input_file_ref idref="fl-de"/>
      </object_component>
      <object_component id="oc-2c5">
         <name>.text</name>
         <load_address>0x46dc</load_address>
         <run_address>0x46dc</run_address>
         <size>0x136</size>
         <input_file_ref idref="fl-f0"/>
      </object_component>
      <object_component id="oc-200">
         <name>.text:strtol</name>
         <load_address>0x4814</load_address>
         <run_address>0x4814</run_address>
         <size>0x130</size>
         <input_file_ref idref="fl-e8"/>
      </object_component>
      <object_component id="oc-30d">
         <name>.text:fcvt</name>
         <load_address>0x4944</load_address>
         <run_address>0x4944</run_address>
         <size>0x124</size>
         <input_file_ref idref="fl-de"/>
      </object_component>
      <object_component id="oc-2ca">
         <name>.text:scalbn</name>
         <load_address>0x4a68</load_address>
         <run_address>0x4a68</run_address>
         <size>0x110</size>
         <input_file_ref idref="fl-ee"/>
      </object_component>
      <object_component id="oc-1f4">
         <name>.text:strtoul</name>
         <load_address>0x4b78</load_address>
         <run_address>0x4b78</run_address>
         <size>0x110</size>
         <input_file_ref idref="fl-ea"/>
      </object_component>
      <object_component id="oc-12a">
         <name>.text</name>
         <load_address>0x4c88</load_address>
         <run_address>0x4c88</run_address>
         <size>0xfc</size>
         <input_file_ref idref="fl-c5"/>
      </object_component>
      <object_component id="oc-236">
         <name>.text:_ltostr</name>
         <load_address>0x4d84</load_address>
         <run_address>0x4d84</run_address>
         <size>0xb1</size>
         <input_file_ref idref="fl-de"/>
      </object_component>
      <object_component id="oc-af">
         <name>.text</name>
         <load_address>0x4e38</load_address>
         <run_address>0x4e38</run_address>
         <size>0xa4</size>
         <input_file_ref idref="fl-5"/>
      </object_component>
      <object_component id="oc-44">
         <name>.text</name>
         <load_address>0x4edc</load_address>
         <run_address>0x4edc</run_address>
         <size>0x9c</size>
         <input_file_ref idref="fl-c9"/>
      </object_component>
      <object_component id="oc-2bc">
         <name>.text</name>
         <load_address>0x4f78</load_address>
         <run_address>0x4f78</run_address>
         <size>0x96</size>
         <input_file_ref idref="fl-f3"/>
      </object_component>
      <object_component id="oc-23c">
         <name>.text:__aeabi_cdcmple</name>
         <load_address>0x500e</load_address>
         <run_address>0x500e</run_address>
         <size>0x86</size>
         <input_file_ref idref="fl-ef"/>
      </object_component>
      <object_component id="oc-2f0">
         <name>.text:__aeabi_cdrcmple</name>
         <load_address>0x5094</load_address>
         <run_address>0x5094</run_address>
         <size>0x86</size>
         <input_file_ref idref="fl-ef"/>
      </object_component>
      <object_component id="oc-e7">
         <name>.text</name>
         <load_address>0x511a</load_address>
         <run_address>0x511a</run_address>
         <size>0x7a</size>
         <input_file_ref idref="fl-da"/>
      </object_component>
      <object_component id="oc-306">
         <name>.text:_mcpy</name>
         <load_address>0x5194</load_address>
         <run_address>0x5194</run_address>
         <size>0x6e</size>
         <input_file_ref idref="fl-de"/>
      </object_component>
      <object_component id="oc-8e">
         <name>.text</name>
         <load_address>0x5202</load_address>
         <run_address>0x5202</run_address>
         <size>0x6e</size>
         <input_file_ref idref="fl-c6"/>
      </object_component>
      <object_component id="oc-11c">
         <name>.text:_chkmbc</name>
         <load_address>0x5270</load_address>
         <run_address>0x5270</run_address>
         <size>0x68</size>
         <input_file_ref idref="fl-d5"/>
      </object_component>
      <object_component id="oc-12">
         <name>.text:decompress:lzss:__TI_decompress_lzss</name>
         <load_address>0x52d8</load_address>
         <run_address>0x52d8</run_address>
         <size>0x68</size>
         <input_file_ref idref="fl-cc"/>
      </object_component>
      <object_component id="oc-31b">
         <name>.text:frexp</name>
         <load_address>0x5340</load_address>
         <run_address>0x5340</run_address>
         <size>0x64</size>
         <input_file_ref idref="fl-ed"/>
      </object_component>
      <object_component id="oc-247">
         <name>.text:_pconv_f</name>
         <load_address>0x53a4</load_address>
         <run_address>0x53a4</run_address>
         <size>0x56</size>
         <input_file_ref idref="fl-de"/>
      </object_component>
      <object_component id="oc-2fa">
         <name>.text:ltoa</name>
         <load_address>0x53fa</load_address>
         <run_address>0x53fa</run_address>
         <size>0x54</size>
         <input_file_ref idref="fl-e0"/>
      </object_component>
      <object_component id="oc-300">
         <name>.text:_ecpy</name>
         <load_address>0x544e</load_address>
         <run_address>0x544e</run_address>
         <size>0x52</size>
         <input_file_ref idref="fl-de"/>
      </object_component>
      <object_component id="oc-193">
         <name>.text:atoi</name>
         <load_address>0x54a0</load_address>
         <run_address>0x54a0</run_address>
         <size>0x4c</size>
         <input_file_ref idref="fl-d2"/>
      </object_component>
      <object_component id="oc-2f5">
         <name>.text</name>
         <load_address>0x54ec</load_address>
         <run_address>0x54ec</run_address>
         <size>0x48</size>
         <input_file_ref idref="fl-f1"/>
      </object_component>
      <object_component id="oc-1b1">
         <name>.text:__TI_auto_init_nobinit_nopinit:__TI_auto_init_nobinit_nopinit</name>
         <load_address>0x5534</load_address>
         <run_address>0x5534</run_address>
         <size>0x44</size>
         <input_file_ref idref="fl-db"/>
      </object_component>
      <object_component id="oc-99">
         <name>.text:sprintf</name>
         <load_address>0x5578</load_address>
         <run_address>0x5578</run_address>
         <size>0x40</size>
         <input_file_ref idref="fl-d4"/>
      </object_component>
      <object_component id="oc-18d">
         <name>.text:strtok</name>
         <load_address>0x55b8</load_address>
         <run_address>0x55b8</run_address>
         <size>0x40</size>
         <input_file_ref idref="fl-d8"/>
      </object_component>
      <object_component id="oc-313">
         <name>.text:_fcpy</name>
         <load_address>0x55f8</load_address>
         <run_address>0x55f8</run_address>
         <size>0x3e</size>
         <input_file_ref idref="fl-de"/>
      </object_component>
      <object_component id="oc-62">
         <name>.text:_c_int00_noargs:_c_int00_noargs</name>
         <load_address>0x5638</load_address>
         <run_address>0x5638</run_address>
         <size>0x38</size>
         <input_file_ref idref="fl-ce"/>
      </object_component>
      <object_component id="oc-19f">
         <name>.text</name>
         <load_address>0x5670</load_address>
         <run_address>0x5670</run_address>
         <size>0x38</size>
         <input_file_ref idref="fl-c7"/>
      </object_component>
      <object_component id="oc-7d">
         <name>.text:sscanf</name>
         <load_address>0x56a8</load_address>
         <run_address>0x56a8</run_address>
         <size>0x38</size>
         <input_file_ref idref="fl-d5"/>
      </object_component>
      <object_component id="oc-83">
         <name>.text</name>
         <load_address>0x56e0</load_address>
         <run_address>0x56e0</run_address>
         <size>0x2e</size>
         <input_file_ref idref="fl-c8"/>
      </object_component>
      <object_component id="oc-27d">
         <name>.text:strspn</name>
         <load_address>0x570e</load_address>
         <run_address>0x570e</run_address>
         <size>0x2a</size>
         <input_file_ref idref="fl-e6"/>
      </object_component>
      <object_component id="oc-283">
         <name>.text:strcspn</name>
         <load_address>0x5738</load_address>
         <run_address>0x5738</run_address>
         <size>0x24</size>
         <input_file_ref idref="fl-e4"/>
      </object_component>
      <object_component id="oc-259">
         <name>.text:memccpy</name>
         <load_address>0x575c</load_address>
         <run_address>0x575c</run_address>
         <size>0x1c</size>
         <input_file_ref idref="fl-e1"/>
      </object_component>
      <object_component id="oc-14a">
         <name>.text:_outs</name>
         <load_address>0x5778</load_address>
         <run_address>0x5778</run_address>
         <size>0x18</size>
         <input_file_ref idref="fl-d4"/>
      </object_component>
      <object_component id="oc-2b7">
         <name>.text</name>
         <load_address>0x5790</load_address>
         <run_address>0x5790</run_address>
         <size>0x18</size>
         <input_file_ref idref="fl-f2"/>
      </object_component>
      <object_component id="oc-bb">
         <name>.text:strcmp</name>
         <load_address>0x57a8</load_address>
         <run_address>0x57a8</run_address>
         <size>0x18</size>
         <input_file_ref idref="fl-d6"/>
      </object_component>
      <object_component id="oc-20c">
         <name>.text:strrchr</name>
         <load_address>0x57c0</load_address>
         <run_address>0x57c0</run_address>
         <size>0x18</size>
         <input_file_ref idref="fl-e5"/>
      </object_component>
      <object_component id="oc-212">
         <name>.text:strchr</name>
         <load_address>0x57d8</load_address>
         <run_address>0x57d8</run_address>
         <size>0x16</size>
         <input_file_ref idref="fl-e2"/>
      </object_component>
      <object_component id="oc-36d">
         <name>.text:copysign</name>
         <load_address>0x57ee</load_address>
         <run_address>0x57ee</run_address>
         <size>0x14</size>
         <input_file_ref idref="fl-f4"/>
      </object_component>
      <object_component id="oc-1e8">
         <name>.text:strcpy</name>
         <load_address>0x5802</load_address>
         <run_address>0x5802</run_address>
         <size>0x14</size>
         <input_file_ref idref="fl-e3"/>
      </object_component>
      <object_component id="oc-158">
         <name>.text:strlen</name>
         <load_address>0x5816</load_address>
         <run_address>0x5816</run_address>
         <size>0x14</size>
         <input_file_ref idref="fl-d7"/>
      </object_component>
      <object_component id="oc-110">
         <name>.text:_inpchar</name>
         <load_address>0x582a</load_address>
         <run_address>0x582a</run_address>
         <size>0x12</size>
         <input_file_ref idref="fl-d5"/>
      </object_component>
      <object_component id="oc-50">
         <name>.text:decompress:ZI:__TI_zero_init_nomemset:__TI_zero_init_nomemset</name>
         <load_address>0x583c</load_address>
         <run_address>0x583c</run_address>
         <size>0x12</size>
         <input_file_ref idref="fl-ca"/>
      </object_component>
      <object_component id="oc-25f">
         <name>.text:wcslen</name>
         <load_address>0x584e</load_address>
         <run_address>0x584e</run_address>
         <size>0x12</size>
         <input_file_ref idref="fl-ec"/>
      </object_component>
      <object_component id="oc-77">
         <name>.text:tolower</name>
         <load_address>0x5860</load_address>
         <run_address>0x5860</run_address>
         <size>0x10</size>
         <input_file_ref idref="fl-d9"/>
      </object_component>
      <object_component id="oc-18">
         <name>.text:decompress:none:__TI_decompress_none</name>
         <load_address>0x5870</load_address>
         <run_address>0x5870</run_address>
         <size>0xe</size>
         <input_file_ref idref="fl-cb"/>
      </object_component>
      <object_component id="oc-24">
         <name>.text</name>
         <load_address>0x587e</load_address>
         <run_address>0x587e</run_address>
         <size>0xc</size>
         <input_file_ref idref="fl-9"/>
      </object_component>
      <object_component id="oc-150">
         <name>.text:_outc</name>
         <load_address>0x588a</load_address>
         <run_address>0x588a</run_address>
         <size>0xa</size>
         <input_file_ref idref="fl-d4"/>
      </object_component>
      <object_component id="oc-134">
         <name>.text:__aeabi_errno_addr</name>
         <load_address>0x5894</load_address>
         <run_address>0x5894</run_address>
         <size>0x8</size>
         <input_file_ref idref="fl-cd"/>
      </object_component>
      <object_component id="oc-116">
         <name>.text:_uninpchar</name>
         <load_address>0x589c</load_address>
         <run_address>0x589c</run_address>
         <size>0x8</size>
         <input_file_ref idref="fl-d5"/>
      </object_component>
      <object_component id="oc-ed">
         <name>.text:_system_pre_init</name>
         <load_address>0x58a4</load_address>
         <run_address>0x58a4</run_address>
         <size>0x4</size>
         <input_file_ref idref="fl-dc"/>
      </object_component>
      <object_component id="oc-1a5">
         <name>.text:abort:abort</name>
         <load_address>0x58a8</load_address>
         <run_address>0x58a8</run_address>
         <size>0x4</size>
         <input_file_ref idref="fl-cf"/>
      </object_component>
      <object_component id="oc-105">
         <name>.const:.string:_ctypes_</name>
         <load_address>0x58b0</load_address>
         <run_address>0x58b0</run_address>
         <size>0x101</size>
         <input_file_ref idref="fl-d3"/>
      </object_component>
      <object_component id="oc-2d0">
         <name>.const:$O1$$</name>
         <load_address>0x59b8</load_address>
         <run_address>0x59b8</run_address>
         <size>0xc8</size>
         <input_file_ref idref="fl-e7"/>
      </object_component>
      <object_component id="oc-a5">
         <name>.const:$P$T0$1</name>
         <load_address>0x5a80</load_address>
         <run_address>0x5a80</run_address>
         <size>0x18</size>
         <input_file_ref idref="fl-7"/>
      </object_component>
      <object_component id="oc-218">
         <name>.const:$O1$$</name>
         <load_address>0x5a98</load_address>
         <run_address>0x5a98</run_address>
         <size>0x10</size>
         <input_file_ref idref="fl-df"/>
      </object_component>
      <object_component id="oc-3e7">
         <name>.cinit..data.load</name>
         <load_address>0x5aa8</load_address>
         <run_address>0x5aa8</run_address>
         <size>0x21</size>
      </object_component>
      <object_component id="oc-3e5">
         <name>__TI_handler_table</name>
         <load_address>0x5acc</load_address>
         <run_address>0x5acc</run_address>
         <size>0xc</size>
      </object_component>
      <object_component id="oc-3e8">
         <name>.cinit..bss.load</name>
         <load_address>0x5ad8</load_address>
         <run_address>0x5ad8</run_address>
         <size>0x8</size>
      </object_component>
      <object_component id="oc-3e6">
         <name>__TI_cinit_table</name>
         <load_address>0x5ae0</load_address>
         <run_address>0x5ae0</run_address>
         <size>0x10</size>
      </object_component>
      <object_component id="oc-a8">
         <name>.data</name>
         <load_address>0x20002064</load_address>
         <run_address>0x20002064</run_address>
         <size>0x15</size>
         <input_file_ref idref="fl-8"/>
      </object_component>
      <object_component id="oc-19b">
         <name>.data:daysOfEachMonth</name>
         <load_address>0x2000204c</load_address>
         <run_address>0x2000204c</run_address>
         <size>0x18</size>
         <input_file_ref idref="fl-8"/>
      </object_component>
      <object_component id="oc-228">
         <name>.data</name>
         <load_address>0x2000207c</load_address>
         <run_address>0x2000207c</run_address>
         <size>0x4</size>
         <input_file_ref idref="fl-cd"/>
      </object_component>
      <object_component id="oc-289">
         <name>.data</name>
         <load_address>0x20002080</load_address>
         <run_address>0x20002080</run_address>
         <size>0x4</size>
         <input_file_ref idref="fl-d8"/>
      </object_component>
      <object_component id="oc-15e">
         <name>.bss</name>
         <uninitialized>true</uninitialized>
         <run_address>0x2000202c</run_address>
         <size>0x8</size>
         <input_file_ref idref="fl-6"/>
      </object_component>
      <object_component id="oc-199">
         <name>.common:strinput</name>
         <uninitialized>true</uninitialized>
         <run_address>0x20001fa0</run_address>
         <size>0x64</size>
      </object_component>
      <object_component id="oc-c1">
         <name>.common:tokens</name>
         <uninitialized>true</uninitialized>
         <run_address>0x20002004</run_address>
         <size>0x28</size>
      </object_component>
      <object_component id="oc-c2">
         <name>.common:state</name>
         <uninitialized>true</uninitialized>
         <run_address>0x20002044</run_address>
         <size>0x4</size>
      </object_component>
      <object_component id="oc-19e">
         <name>.common:storedTime</name>
         <uninitialized>true</uninitialized>
         <run_address>0x2000203a</run_address>
         <size>0x6</size>
      </object_component>
      <object_component id="oc-19a">
         <name>.common:storedDate</name>
         <uninitialized>true</uninitialized>
         <run_address>0x20002034</run_address>
         <size>0x6</size>
      </object_component>
      <object_component id="oc-ae">
         <name>.common:LTflag</name>
         <uninitialized>true</uninitialized>
         <run_address>0x20002048</run_address>
         <size>0x1</size>
      </object_component>
      <object_component id="oc-ab">
         <name>.common:level</name>
         <uninitialized>true</uninitialized>
         <run_address>0x20002040</run_address>
         <size>0x4</size>
      </object_component>
      <object_component id="oc-21">
         <name>.stack</name>
         <uninitialized>true</uninitialized>
         <run_address>0x20000000</run_address>
         <size>0x4</size>
         <input_file_ref idref="fl-ce"/>
      </object_component>
      <object_component id="oc-3e9">
         <name>.stack</name>
         <uninitialized>true</uninitialized>
         <run_address>0x20000000</run_address>
         <size>0x0</size>
      </object_component>
      <object_component id="oc-173">
         <name>.debug_info</name>
         <load_address>0x0</load_address>
         <run_address>0x0</run_address>
         <size>0x25c</size>
         <input_file_ref idref="fl-2"/>
      </object_component>
      <object_component id="oc-b6">
         <name>.debug_info</name>
         <load_address>0x25c</load_address>
         <run_address>0x25c</run_address>
         <size>0x3e8</size>
         <input_file_ref idref="fl-2"/>
      </object_component>
      <object_component id="oc-cd">
         <name>.debug_info</name>
         <load_address>0x644</load_address>
         <run_address>0x644</run_address>
         <size>0x26b</size>
         <input_file_ref idref="fl-2"/>
      </object_component>
      <object_component id="oc-165">
         <name>.debug_info</name>
         <load_address>0x8af</load_address>
         <run_address>0x8af</run_address>
         <size>0x8b</size>
         <input_file_ref idref="fl-2"/>
      </object_component>
      <object_component id="oc-176">
         <name>.debug_info</name>
         <load_address>0x93a</load_address>
         <run_address>0x93a</run_address>
         <size>0x297</size>
         <input_file_ref idref="fl-2"/>
      </object_component>
      <object_component id="oc-c4">
         <name>.debug_info</name>
         <load_address>0xbd1</load_address>
         <run_address>0xbd1</run_address>
         <size>0xbb</size>
         <input_file_ref idref="fl-2"/>
      </object_component>
      <object_component id="oc-143">
         <name>.debug_info</name>
         <load_address>0xc8c</load_address>
         <run_address>0xc8c</run_address>
         <size>0x320</size>
         <input_file_ref idref="fl-3"/>
      </object_component>
      <object_component id="oc-94">
         <name>.debug_info</name>
         <load_address>0xfac</load_address>
         <run_address>0xfac</run_address>
         <size>0x648</size>
         <input_file_ref idref="fl-3"/>
      </object_component>
      <object_component id="oc-3f">
         <name>.debug_info</name>
         <load_address>0x15f4</load_address>
         <run_address>0x15f4</run_address>
         <size>0x84</size>
         <input_file_ref idref="fl-3"/>
      </object_component>
      <object_component id="oc-16c">
         <name>.debug_info</name>
         <load_address>0x1678</load_address>
         <run_address>0x1678</run_address>
         <size>0xb3</size>
         <input_file_ref idref="fl-3"/>
      </object_component>
      <object_component id="oc-31">
         <name>.debug_info</name>
         <load_address>0x172b</load_address>
         <run_address>0x172b</run_address>
         <size>0x23e</size>
         <input_file_ref idref="fl-4"/>
      </object_component>
      <object_component id="oc-124">
         <name>.debug_info</name>
         <load_address>0x1969</load_address>
         <run_address>0x1969</run_address>
         <size>0x2c</size>
         <input_file_ref idref="fl-4"/>
      </object_component>
      <object_component id="oc-b1">
         <name>.debug_info</name>
         <load_address>0x1995</load_address>
         <run_address>0x1995</run_address>
         <size>0x19c</size>
         <input_file_ref idref="fl-5"/>
      </object_component>
      <object_component id="oc-160">
         <name>.debug_info</name>
         <load_address>0x1b31</load_address>
         <run_address>0x1b31</run_address>
         <size>0x28a</size>
         <input_file_ref idref="fl-6"/>
      </object_component>
      <object_component id="oc-a0">
         <name>.debug_info</name>
         <load_address>0x1dbb</load_address>
         <run_address>0x1dbb</run_address>
         <size>0x3dc</size>
         <input_file_ref idref="fl-6"/>
      </object_component>
      <object_component id="oc-184">
         <name>.debug_info</name>
         <load_address>0x2197</load_address>
         <run_address>0x2197</run_address>
         <size>0x2c</size>
         <input_file_ref idref="fl-6"/>
      </object_component>
      <object_component id="oc-c9">
         <name>.debug_info</name>
         <load_address>0x21c3</load_address>
         <run_address>0x21c3</run_address>
         <size>0x54c</size>
         <input_file_ref idref="fl-7"/>
      </object_component>
      <object_component id="oc-a6">
         <name>.debug_info</name>
         <load_address>0x270f</load_address>
         <run_address>0x270f</run_address>
         <size>0xcb</size>
         <input_file_ref idref="fl-7"/>
      </object_component>
      <object_component id="oc-2c">
         <name>.debug_info</name>
         <load_address>0x27da</load_address>
         <run_address>0x27da</run_address>
         <size>0xbbb</size>
         <input_file_ref idref="fl-7"/>
      </object_component>
      <object_component id="oc-ac">
         <name>.debug_info</name>
         <load_address>0x3395</load_address>
         <run_address>0x3395</run_address>
         <size>0x88b</size>
         <input_file_ref idref="fl-8"/>
      </object_component>
      <object_component id="oc-a9">
         <name>.debug_info</name>
         <load_address>0x3c20</load_address>
         <run_address>0x3c20</run_address>
         <size>0x17e</size>
         <input_file_ref idref="fl-8"/>
      </object_component>
      <object_component id="oc-19c">
         <name>.debug_info</name>
         <load_address>0x3d9e</load_address>
         <run_address>0x3d9e</run_address>
         <size>0xd9</size>
         <input_file_ref idref="fl-8"/>
      </object_component>
      <object_component id="oc-f4">
         <name>.debug_info</name>
         <load_address>0x3e77</load_address>
         <run_address>0x3e77</run_address>
         <size>0xd5d</size>
         <input_file_ref idref="fl-8"/>
      </object_component>
      <object_component id="oc-38">
         <name>.debug_info</name>
         <load_address>0x4bd4</load_address>
         <run_address>0x4bd4</run_address>
         <size>0x2c3</size>
         <input_file_ref idref="fl-9"/>
      </object_component>
      <object_component id="oc-10">
         <name>.debug_info</name>
         <load_address>0x4e97</load_address>
         <run_address>0x4e97</run_address>
         <size>0xda</size>
         <input_file_ref idref="fl-9"/>
      </object_component>
      <object_component id="oc-27">
         <name>.debug_info</name>
         <load_address>0x4f71</load_address>
         <run_address>0x4f71</run_address>
         <size>0x1ec</size>
         <input_file_ref idref="fl-9"/>
      </object_component>
      <object_component id="oc-140">
         <name>.debug_info</name>
         <load_address>0x515d</load_address>
         <run_address>0x515d</run_address>
         <size>0x2ca</size>
         <input_file_ref idref="fl-c3"/>
      </object_component>
      <object_component id="oc-89">
         <name>.debug_info</name>
         <load_address>0x5427</load_address>
         <run_address>0x5427</run_address>
         <size>0x24d</size>
         <input_file_ref idref="fl-c3"/>
      </object_component>
      <object_component id="oc-22d">
         <name>.debug_info</name>
         <load_address>0x5674</load_address>
         <run_address>0x5674</run_address>
         <size>0x46</size>
         <input_file_ref idref="fl-c3"/>
      </object_component>
      <object_component id="oc-13b">
         <name>.debug_info</name>
         <load_address>0x56ba</load_address>
         <run_address>0x56ba</run_address>
         <size>0x39</size>
         <input_file_ref idref="fl-c3"/>
      </object_component>
      <object_component id="oc-130">
         <name>.debug_info</name>
         <load_address>0x56f3</load_address>
         <run_address>0x56f3</run_address>
         <size>0x14f</size>
         <input_file_ref idref="fl-c4"/>
      </object_component>
      <object_component id="oc-12d">
         <name>.debug_info</name>
         <load_address>0x5842</load_address>
         <run_address>0x5842</run_address>
         <size>0x13d</size>
         <input_file_ref idref="fl-c5"/>
      </object_component>
      <object_component id="oc-8f">
         <name>.debug_info</name>
         <load_address>0x597f</load_address>
         <run_address>0x597f</run_address>
         <size>0x141</size>
         <input_file_ref idref="fl-c6"/>
      </object_component>
      <object_component id="oc-1a2">
         <name>.debug_info</name>
         <load_address>0x5ac0</load_address>
         <run_address>0x5ac0</run_address>
         <size>0x12f</size>
         <input_file_ref idref="fl-c7"/>
      </object_component>
      <object_component id="oc-84">
         <name>.debug_info</name>
         <load_address>0x5bef</load_address>
         <run_address>0x5bef</run_address>
         <size>0x12f</size>
         <input_file_ref idref="fl-c8"/>
      </object_component>
      <object_component id="oc-45">
         <name>.debug_info</name>
         <load_address>0x5d1e</load_address>
         <run_address>0x5d1e</run_address>
         <size>0x11c</size>
         <input_file_ref idref="fl-c9"/>
      </object_component>
      <object_component id="oc-e6">
         <name>.debug_info</name>
         <load_address>0x5e3a</load_address>
         <run_address>0x5e3a</run_address>
         <size>0x31e</size>
         <input_file_ref idref="fl-ca"/>
      </object_component>
      <object_component id="oc-51">
         <name>.debug_info</name>
         <load_address>0x6158</load_address>
         <run_address>0x6158</run_address>
         <size>0x1bf</size>
         <input_file_ref idref="fl-ca"/>
      </object_component>
      <object_component id="oc-e1">
         <name>.debug_info</name>
         <load_address>0x6317</load_address>
         <run_address>0x6317</run_address>
         <size>0x46</size>
         <input_file_ref idref="fl-ca"/>
      </object_component>
      <object_component id="oc-4f">
         <name>.debug_info</name>
         <load_address>0x635d</load_address>
         <run_address>0x635d</run_address>
         <size>0x2a8</size>
         <input_file_ref idref="fl-cb"/>
      </object_component>
      <object_component id="oc-1c">
         <name>.debug_info</name>
         <load_address>0x6605</load_address>
         <run_address>0x6605</run_address>
         <size>0x1ea</size>
         <input_file_ref idref="fl-cb"/>
      </object_component>
      <object_component id="oc-4a">
         <name>.debug_info</name>
         <load_address>0x67ef</load_address>
         <run_address>0x67ef</run_address>
         <size>0x46</size>
         <input_file_ref idref="fl-cb"/>
      </object_component>
      <object_component id="oc-d9">
         <name>.debug_info</name>
         <load_address>0x6835</load_address>
         <run_address>0x6835</run_address>
         <size>0x2c</size>
         <input_file_ref idref="fl-cb"/>
      </object_component>
      <object_component id="oc-d7">
         <name>.debug_info</name>
         <load_address>0x6861</load_address>
         <run_address>0x6861</run_address>
         <size>0x29e</size>
         <input_file_ref idref="fl-cc"/>
      </object_component>
      <object_component id="oc-15">
         <name>.debug_info</name>
         <load_address>0x6aff</load_address>
         <run_address>0x6aff</run_address>
         <size>0x250</size>
         <input_file_ref idref="fl-cc"/>
      </object_component>
      <object_component id="oc-3a">
         <name>.debug_info</name>
         <load_address>0x6d4f</load_address>
         <run_address>0x6d4f</run_address>
         <size>0x60</size>
         <input_file_ref idref="fl-cc"/>
      </object_component>
      <object_component id="oc-17d">
         <name>.debug_info</name>
         <load_address>0x6daf</load_address>
         <run_address>0x6daf</run_address>
         <size>0x46</size>
         <input_file_ref idref="fl-cc"/>
      </object_component>
      <object_component id="oc-d2">
         <name>.debug_info</name>
         <load_address>0x6df5</load_address>
         <run_address>0x6df5</run_address>
         <size>0x39</size>
         <input_file_ref idref="fl-cc"/>
      </object_component>
      <object_component id="oc-22c">
         <name>.debug_info</name>
         <load_address>0x6e2e</load_address>
         <run_address>0x6e2e</run_address>
         <size>0x289</size>
         <input_file_ref idref="fl-cd"/>
      </object_component>
      <object_component id="oc-229">
         <name>.debug_info</name>
         <load_address>0x70b7</load_address>
         <run_address>0x70b7</run_address>
         <size>0x10e</size>
         <input_file_ref idref="fl-cd"/>
      </object_component>
      <object_component id="oc-137">
         <name>.debug_info</name>
         <load_address>0x71c5</load_address>
         <run_address>0x71c5</run_address>
         <size>0x14e</size>
         <input_file_ref idref="fl-cd"/>
      </object_component>
      <object_component id="oc-22">
         <name>.debug_info</name>
         <load_address>0x7313</load_address>
         <run_address>0x7313</run_address>
         <size>0x10b</size>
         <input_file_ref idref="fl-ce"/>
      </object_component>
      <object_component id="oc-64">
         <name>.debug_info</name>
         <load_address>0x741e</load_address>
         <run_address>0x741e</run_address>
         <size>0x1af</size>
         <input_file_ref idref="fl-ce"/>
      </object_component>
      <object_component id="oc-1a8">
         <name>.debug_info</name>
         <load_address>0x75cd</load_address>
         <run_address>0x75cd</run_address>
         <size>0x122</size>
         <input_file_ref idref="fl-cf"/>
      </object_component>
      <object_component id="oc-28f">
         <name>.debug_info</name>
         <load_address>0x76ef</load_address>
         <run_address>0x76ef</run_address>
         <size>0x2b9</size>
         <input_file_ref idref="fl-d2"/>
      </object_component>
      <object_component id="oc-195">
         <name>.debug_info</name>
         <load_address>0x79a8</load_address>
         <run_address>0x79a8</run_address>
         <size>0x17c</size>
         <input_file_ref idref="fl-d2"/>
      </object_component>
      <object_component id="oc-1e5">
         <name>.debug_info</name>
         <load_address>0x7b24</load_address>
         <run_address>0x7b24</run_address>
         <size>0xf9</size>
         <input_file_ref idref="fl-d3"/>
      </object_component>
      <object_component id="oc-106">
         <name>.debug_info</name>
         <load_address>0x7c1d</load_address>
         <run_address>0x7c1d</run_address>
         <size>0x105</size>
         <input_file_ref idref="fl-d3"/>
      </object_component>
      <object_component id="oc-157">
         <name>.debug_info</name>
         <load_address>0x7d22</load_address>
         <run_address>0x7d22</run_address>
         <size>0x333</size>
         <input_file_ref idref="fl-d4"/>
      </object_component>
      <object_component id="oc-9c">
         <name>.debug_info</name>
         <load_address>0x8055</load_address>
         <run_address>0x8055</run_address>
         <size>0x1d1</size>
         <input_file_ref idref="fl-d4"/>
      </object_component>
      <object_component id="oc-14d">
         <name>.debug_info</name>
         <load_address>0x8226</load_address>
         <run_address>0x8226</run_address>
         <size>0x18d</size>
         <input_file_ref idref="fl-d4"/>
      </object_component>
      <object_component id="oc-153">
         <name>.debug_info</name>
         <load_address>0x83b3</load_address>
         <run_address>0x83b3</run_address>
         <size>0x16d</size>
         <input_file_ref idref="fl-d4"/>
      </object_component>
      <object_component id="oc-2e0">
         <name>.debug_info</name>
         <load_address>0x8520</load_address>
         <run_address>0x8520</run_address>
         <size>0x2c</size>
         <input_file_ref idref="fl-d4"/>
      </object_component>
      <object_component id="oc-123">
         <name>.debug_info</name>
         <load_address>0x854c</load_address>
         <run_address>0x854c</run_address>
         <size>0x39e</size>
         <input_file_ref idref="fl-d5"/>
      </object_component>
      <object_component id="oc-7f">
         <name>.debug_info</name>
         <load_address>0x88ea</load_address>
         <run_address>0x88ea</run_address>
         <size>0x17e</size>
         <input_file_ref idref="fl-d5"/>
      </object_component>
      <object_component id="oc-119">
         <name>.debug_info</name>
         <load_address>0x8a68</load_address>
         <run_address>0x8a68</run_address>
         <size>0x171</size>
         <input_file_ref idref="fl-d5"/>
      </object_component>
      <object_component id="oc-113">
         <name>.debug_info</name>
         <load_address>0x8bd9</load_address>
         <run_address>0x8bd9</run_address>
         <size>0x17e</size>
         <input_file_ref idref="fl-d5"/>
      </object_component>
      <object_component id="oc-11f">
         <name>.debug_info</name>
         <load_address>0x8d57</load_address>
         <run_address>0x8d57</run_address>
         <size>0x1de</size>
         <input_file_ref idref="fl-d5"/>
      </object_component>
      <object_component id="oc-175">
         <name>.debug_info</name>
         <load_address>0x8f35</load_address>
         <run_address>0x8f35</run_address>
         <size>0x28a</size>
         <input_file_ref idref="fl-d6"/>
      </object_component>
      <object_component id="oc-bd">
         <name>.debug_info</name>
         <load_address>0x91bf</load_address>
         <run_address>0x91bf</run_address>
         <size>0x279</size>
         <input_file_ref idref="fl-d6"/>
      </object_component>
      <object_component id="oc-276">
         <name>.debug_info</name>
         <load_address>0x9438</load_address>
         <run_address>0x9438</run_address>
         <size>0x28f</size>
         <input_file_ref idref="fl-d7"/>
      </object_component>
      <object_component id="oc-15b">
         <name>.debug_info</name>
         <load_address>0x96c7</load_address>
         <run_address>0x96c7</run_address>
         <size>0x24b</size>
         <input_file_ref idref="fl-d7"/>
      </object_component>
      <object_component id="oc-28d">
         <name>.debug_info</name>
         <load_address>0x9912</load_address>
         <run_address>0x9912</run_address>
         <size>0x2fe</size>
         <input_file_ref idref="fl-d8"/>
      </object_component>
      <object_component id="oc-28a">
         <name>.debug_info</name>
         <load_address>0x9c10</load_address>
         <run_address>0x9c10</run_address>
         <size>0x105</size>
         <input_file_ref idref="fl-d8"/>
      </object_component>
      <object_component id="oc-18f">
         <name>.debug_info</name>
         <load_address>0x9d15</load_address>
         <run_address>0x9d15</run_address>
         <size>0x1ab</size>
         <input_file_ref idref="fl-d8"/>
      </object_component>
      <object_component id="oc-109">
         <name>.debug_info</name>
         <load_address>0x9ec0</load_address>
         <run_address>0x9ec0</run_address>
         <size>0x2b6</size>
         <input_file_ref idref="fl-d9"/>
      </object_component>
      <object_component id="oc-78">
         <name>.debug_info</name>
         <load_address>0xa176</load_address>
         <run_address>0xa176</run_address>
         <size>0x154</size>
         <input_file_ref idref="fl-d9"/>
      </object_component>
      <object_component id="oc-e9">
         <name>.debug_info</name>
         <load_address>0xa2ca</load_address>
         <run_address>0xa2ca</run_address>
         <size>0x14a</size>
         <input_file_ref idref="fl-da"/>
      </object_component>
      <object_component id="oc-29e">
         <name>.debug_info</name>
         <load_address>0xa414</load_address>
         <run_address>0xa414</run_address>
         <size>0x552</size>
         <input_file_ref idref="fl-db"/>
      </object_component>
      <object_component id="oc-1b2">
         <name>.debug_info</name>
         <load_address>0xa966</load_address>
         <run_address>0xa966</run_address>
         <size>0x1a6</size>
         <input_file_ref idref="fl-db"/>
      </object_component>
      <object_component id="oc-34e">
         <name>.debug_info</name>
         <load_address>0xab0c</load_address>
         <run_address>0xab0c</run_address>
         <size>0x39</size>
         <input_file_ref idref="fl-db"/>
      </object_component>
      <object_component id="oc-3a5">
         <name>.debug_info</name>
         <load_address>0xab45</load_address>
         <run_address>0xab45</run_address>
         <size>0x39</size>
         <input_file_ref idref="fl-db"/>
      </object_component>
      <object_component id="oc-353">
         <name>.debug_info</name>
         <load_address>0xab7e</load_address>
         <run_address>0xab7e</run_address>
         <size>0x39</size>
         <input_file_ref idref="fl-db"/>
      </object_component>
      <object_component id="oc-358">
         <name>.debug_info</name>
         <load_address>0xabb7</load_address>
         <run_address>0xabb7</run_address>
         <size>0xcd</size>
         <input_file_ref idref="fl-db"/>
      </object_component>
      <object_component id="oc-f1">
         <name>.debug_info</name>
         <load_address>0xac84</load_address>
         <run_address>0xac84</run_address>
         <size>0x153</size>
         <input_file_ref idref="fl-dc"/>
      </object_component>
      <object_component id="oc-266">
         <name>.debug_info</name>
         <load_address>0xadd7</load_address>
         <run_address>0xadd7</run_address>
         <size>0x8b1</size>
         <input_file_ref idref="fl-de"/>
      </object_component>
      <object_component id="oc-237">
         <name>.debug_info</name>
         <load_address>0xb688</load_address>
         <run_address>0xb688</run_address>
         <size>0x21e</size>
         <input_file_ref idref="fl-de"/>
      </object_component>
      <object_component id="oc-301">
         <name>.debug_info</name>
         <load_address>0xb8a6</load_address>
         <run_address>0xb8a6</run_address>
         <size>0x1b3</size>
         <input_file_ref idref="fl-de"/>
      </object_component>
      <object_component id="oc-307">
         <name>.debug_info</name>
         <load_address>0xba59</load_address>
         <run_address>0xba59</run_address>
         <size>0x21b</size>
         <input_file_ref idref="fl-de"/>
      </object_component>
      <object_component id="oc-242">
         <name>.debug_info</name>
         <load_address>0xbc74</load_address>
         <run_address>0xbc74</run_address>
         <size>0x3bb</size>
         <input_file_ref idref="fl-de"/>
      </object_component>
      <object_component id="oc-30e">
         <name>.debug_info</name>
         <load_address>0xc02f</load_address>
         <run_address>0xc02f</run_address>
         <size>0x305</size>
         <input_file_ref idref="fl-de"/>
      </object_component>
      <object_component id="oc-314">
         <name>.debug_info</name>
         <load_address>0xc334</load_address>
         <run_address>0xc334</run_address>
         <size>0x215</size>
         <input_file_ref idref="fl-de"/>
      </object_component>
      <object_component id="oc-248">
         <name>.debug_info</name>
         <load_address>0xc549</load_address>
         <run_address>0xc549</run_address>
         <size>0x215</size>
         <input_file_ref idref="fl-de"/>
      </object_component>
      <object_component id="oc-24e">
         <name>.debug_info</name>
         <load_address>0xc75e</load_address>
         <run_address>0xc75e</run_address>
         <size>0x304</size>
         <input_file_ref idref="fl-de"/>
      </object_component>
      <object_component id="oc-254">
         <name>.debug_info</name>
         <load_address>0xca62</load_address>
         <run_address>0xca62</run_address>
         <size>0x4b0</size>
         <input_file_ref idref="fl-de"/>
      </object_component>
      <object_component id="oc-145">
         <name>.debug_info</name>
         <load_address>0xcf12</load_address>
         <run_address>0xcf12</run_address>
         <size>0x5d8</size>
         <input_file_ref idref="fl-de"/>
      </object_component>
      <object_component id="oc-267">
         <name>.debug_info</name>
         <load_address>0xd4ea</load_address>
         <run_address>0xd4ea</run_address>
         <size>0x86</size>
         <input_file_ref idref="fl-de"/>
      </object_component>
      <object_component id="oc-2e5">
         <name>.debug_info</name>
         <load_address>0xd570</load_address>
         <run_address>0xd570</run_address>
         <size>0x39</size>
         <input_file_ref idref="fl-de"/>
      </object_component>
      <object_component id="oc-399">
         <name>.debug_info</name>
         <load_address>0xd5a9</load_address>
         <run_address>0xd5a9</run_address>
         <size>0xb6</size>
         <input_file_ref idref="fl-de"/>
      </object_component>
      <object_component id="oc-32d">
         <name>.debug_info</name>
         <load_address>0xd65f</load_address>
         <run_address>0xd65f</run_address>
         <size>0x46</size>
         <input_file_ref idref="fl-de"/>
      </object_component>
      <object_component id="oc-26c">
         <name>.debug_info</name>
         <load_address>0xd6a5</load_address>
         <run_address>0xd6a5</run_address>
         <size>0x46</size>
         <input_file_ref idref="fl-de"/>
      </object_component>
      <object_component id="oc-21a">
         <name>.debug_info</name>
         <load_address>0xd6eb</load_address>
         <run_address>0xd6eb</run_address>
         <size>0x86d</size>
         <input_file_ref idref="fl-df"/>
      </object_component>
      <object_component id="oc-10b">
         <name>.debug_info</name>
         <load_address>0xdf58</load_address>
         <run_address>0xdf58</run_address>
         <size>0x983</size>
         <input_file_ref idref="fl-df"/>
      </object_component>
      <object_component id="oc-21c">
         <name>.debug_info</name>
         <load_address>0xe8db</load_address>
         <run_address>0xe8db</run_address>
         <size>0x9a</size>
         <input_file_ref idref="fl-df"/>
      </object_component>
      <object_component id="oc-389">
         <name>.debug_info</name>
         <load_address>0xe975</load_address>
         <run_address>0xe975</run_address>
         <size>0x29b</size>
         <input_file_ref idref="fl-e0"/>
      </object_component>
      <object_component id="oc-2fb">
         <name>.debug_info</name>
         <load_address>0xec10</load_address>
         <run_address>0xec10</run_address>
         <size>0x1cd</size>
         <input_file_ref idref="fl-e0"/>
      </object_component>
      <object_component id="oc-323">
         <name>.debug_info</name>
         <load_address>0xeddd</load_address>
         <run_address>0xeddd</run_address>
         <size>0x296</size>
         <input_file_ref idref="fl-e1"/>
      </object_component>
      <object_component id="oc-25b">
         <name>.debug_info</name>
         <load_address>0xf073</load_address>
         <run_address>0xf073</run_address>
         <size>0x1b6</size>
         <input_file_ref idref="fl-e1"/>
      </object_component>
      <object_component id="oc-2dd">
         <name>.debug_info</name>
         <load_address>0xf229</load_address>
         <run_address>0xf229</run_address>
         <size>0x29a</size>
         <input_file_ref idref="fl-e2"/>
      </object_component>
      <object_component id="oc-213">
         <name>.debug_info</name>
         <load_address>0xf4c3</load_address>
         <run_address>0xf4c3</run_address>
         <size>0x268</size>
         <input_file_ref idref="fl-e2"/>
      </object_component>
      <object_component id="oc-2b6">
         <name>.debug_info</name>
         <load_address>0xf72b</load_address>
         <run_address>0xf72b</run_address>
         <size>0x2a4</size>
         <input_file_ref idref="fl-e3"/>
      </object_component>
      <object_component id="oc-1ec">
         <name>.debug_info</name>
         <load_address>0xf9cf</load_address>
         <run_address>0xf9cf</run_address>
         <size>0x252</size>
         <input_file_ref idref="fl-e3"/>
      </object_component>
      <object_component id="oc-337">
         <name>.debug_info</name>
         <load_address>0xfc21</load_address>
         <run_address>0xfc21</run_address>
         <size>0x290</size>
         <input_file_ref idref="fl-e4"/>
      </object_component>
      <object_component id="oc-285">
         <name>.debug_info</name>
         <load_address>0xfeb1</load_address>
         <run_address>0xfeb1</run_address>
         <size>0x198</size>
         <input_file_ref idref="fl-e4"/>
      </object_component>
      <object_component id="oc-2db">
         <name>.debug_info</name>
         <load_address>0x10049</load_address>
         <run_address>0x10049</run_address>
         <size>0x296</size>
         <input_file_ref idref="fl-e5"/>
      </object_component>
      <object_component id="oc-20f">
         <name>.debug_info</name>
         <load_address>0x102df</load_address>
         <run_address>0x102df</run_address>
         <size>0x26b</size>
         <input_file_ref idref="fl-e5"/>
      </object_component>
      <object_component id="oc-335">
         <name>.debug_info</name>
         <load_address>0x1054a</load_address>
         <run_address>0x1054a</run_address>
         <size>0x295</size>
         <input_file_ref idref="fl-e6"/>
      </object_component>
      <object_component id="oc-27e">
         <name>.debug_info</name>
         <load_address>0x107df</load_address>
         <run_address>0x107df</run_address>
         <size>0x1c3</size>
         <input_file_ref idref="fl-e6"/>
      </object_component>
      <object_component id="oc-2d4">
         <name>.debug_info</name>
         <load_address>0x109a2</load_address>
         <run_address>0x109a2</run_address>
         <size>0x3da</size>
         <input_file_ref idref="fl-e7"/>
      </object_component>
      <object_component id="oc-2d1">
         <name>.debug_info</name>
         <load_address>0x10d7c</load_address>
         <run_address>0x10d7c</run_address>
         <size>0x123</size>
         <input_file_ref idref="fl-e7"/>
      </object_component>
      <object_component id="oc-1fb">
         <name>.debug_info</name>
         <load_address>0x10e9f</load_address>
         <run_address>0x10e9f</run_address>
         <size>0x4e0</size>
         <input_file_ref idref="fl-e7"/>
      </object_component>
      <object_component id="oc-2d7">
         <name>.debug_info</name>
         <load_address>0x1137f</load_address>
         <run_address>0x1137f</run_address>
         <size>0x321</size>
         <input_file_ref idref="fl-e8"/>
      </object_component>
      <object_component id="oc-201">
         <name>.debug_info</name>
         <load_address>0x116a0</load_address>
         <run_address>0x116a0</run_address>
         <size>0x28b</size>
         <input_file_ref idref="fl-e8"/>
      </object_component>
      <object_component id="oc-2d9">
         <name>.debug_info</name>
         <load_address>0x1192b</load_address>
         <run_address>0x1192b</run_address>
         <size>0x322</size>
         <input_file_ref idref="fl-e9"/>
      </object_component>
      <object_component id="oc-207">
         <name>.debug_info</name>
         <load_address>0x11c4d</load_address>
         <run_address>0x11c4d</run_address>
         <size>0x2cf</size>
         <input_file_ref idref="fl-e9"/>
      </object_component>
      <object_component id="oc-2c4">
         <name>.debug_info</name>
         <load_address>0x11f1c</load_address>
         <run_address>0x11f1c</run_address>
         <size>0x322</size>
         <input_file_ref idref="fl-ea"/>
      </object_component>
      <object_component id="oc-1f5">
         <name>.debug_info</name>
         <load_address>0x1223e</load_address>
         <run_address>0x1223e</run_address>
         <size>0x231</size>
         <input_file_ref idref="fl-ea"/>
      </object_component>
      <object_component id="oc-2c2">
         <name>.debug_info</name>
         <load_address>0x1246f</load_address>
         <run_address>0x1246f</run_address>
         <size>0x323</size>
         <input_file_ref idref="fl-eb"/>
      </object_component>
      <object_component id="oc-1ef">
         <name>.debug_info</name>
         <load_address>0x12792</load_address>
         <run_address>0x12792</run_address>
         <size>0x254</size>
         <input_file_ref idref="fl-eb"/>
      </object_component>
      <object_component id="oc-32a">
         <name>.debug_info</name>
         <load_address>0x129e6</load_address>
         <run_address>0x129e6</run_address>
         <size>0x28f</size>
         <input_file_ref idref="fl-ec"/>
      </object_component>
      <object_component id="oc-260">
         <name>.debug_info</name>
         <load_address>0x12c75</load_address>
         <run_address>0x12c75</run_address>
         <size>0x15a</size>
         <input_file_ref idref="fl-ec"/>
      </object_component>
      <object_component id="oc-392">
         <name>.debug_info</name>
         <load_address>0x12dcf</load_address>
         <run_address>0x12dcf</run_address>
         <size>0x46</size>
         <input_file_ref idref="fl-ec"/>
      </object_component>
      <object_component id="oc-325">
         <name>.debug_info</name>
         <load_address>0x12e15</load_address>
         <run_address>0x12e15</run_address>
         <size>0x39</size>
         <input_file_ref idref="fl-ec"/>
      </object_component>
      <object_component id="oc-38f">
         <name>.debug_info</name>
         <load_address>0x12e4e</load_address>
         <run_address>0x12e4e</run_address>
         <size>0x29a</size>
         <input_file_ref idref="fl-ed"/>
      </object_component>
      <object_component id="oc-31c">
         <name>.debug_info</name>
         <load_address>0x130e8</load_address>
         <run_address>0x130e8</run_address>
         <size>0x195</size>
         <input_file_ref idref="fl-ed"/>
      </object_component>
      <object_component id="oc-3b5">
         <name>.debug_info</name>
         <load_address>0x1327d</load_address>
         <run_address>0x1327d</run_address>
         <size>0x39</size>
         <input_file_ref idref="fl-ed"/>
      </object_component>
      <object_component id="oc-375">
         <name>.debug_info</name>
         <load_address>0x132b6</load_address>
         <run_address>0x132b6</run_address>
         <size>0x2c</size>
         <input_file_ref idref="fl-ed"/>
      </object_component>
      <object_component id="oc-374">
         <name>.debug_info</name>
         <load_address>0x132e2</load_address>
         <run_address>0x132e2</run_address>
         <size>0x2fd</size>
         <input_file_ref idref="fl-ee"/>
      </object_component>
      <object_component id="oc-2cd">
         <name>.debug_info</name>
         <load_address>0x135df</load_address>
         <run_address>0x135df</run_address>
         <size>0x225</size>
         <input_file_ref idref="fl-ee"/>
      </object_component>
      <object_component id="oc-23d">
         <name>.debug_info</name>
         <load_address>0x13804</load_address>
         <run_address>0x13804</run_address>
         <size>0x12b</size>
         <input_file_ref idref="fl-ef"/>
      </object_component>
      <object_component id="oc-2f3">
         <name>.debug_info</name>
         <load_address>0x1392f</load_address>
         <run_address>0x1392f</run_address>
         <size>0x12d</size>
         <input_file_ref idref="fl-ef"/>
      </object_component>
      <object_component id="oc-2c8">
         <name>.debug_info</name>
         <load_address>0x13a5c</load_address>
         <run_address>0x13a5c</run_address>
         <size>0x13d</size>
         <input_file_ref idref="fl-f0"/>
      </object_component>
      <object_component id="oc-2f7">
         <name>.debug_info</name>
         <load_address>0x13b99</load_address>
         <run_address>0x13b99</run_address>
         <size>0x131</size>
         <input_file_ref idref="fl-f1"/>
      </object_component>
      <object_component id="oc-2ba">
         <name>.debug_info</name>
         <load_address>0x13cca</load_address>
         <run_address>0x13cca</run_address>
         <size>0x125</size>
         <input_file_ref idref="fl-f2"/>
      </object_component>
      <object_component id="oc-2be">
         <name>.debug_info</name>
         <load_address>0x13def</load_address>
         <run_address>0x13def</run_address>
         <size>0x137</size>
         <input_file_ref idref="fl-f3"/>
      </object_component>
      <object_component id="oc-36e">
         <name>.debug_info</name>
         <load_address>0x13f26</load_address>
         <run_address>0x13f26</run_address>
         <size>0x161</size>
         <input_file_ref idref="fl-f4"/>
      </object_component>
      <object_component id="oc-363">
         <name>.debug_info</name>
         <load_address>0x14087</load_address>
         <run_address>0x14087</run_address>
         <size>0x118</size>
         <input_file_ref idref="fl-f5"/>
      </object_component>
      <object_component id="oc-3ea">
         <name>.debug_info</name>
         <load_address>0x1419f</load_address>
         <run_address>0x1419f</run_address>
         <size>0x9d</size>
      </object_component>
      <object_component id="oc-27a">
         <name>.debug_line</name>
         <load_address>0x0</load_address>
         <run_address>0x0</run_address>
         <size>0x20</size>
         <input_file_ref idref="fl-2"/>
      </object_component>
      <object_component id="oc-b9">
         <name>.debug_line</name>
         <load_address>0x20</load_address>
         <run_address>0x20</run_address>
         <size>0x12d</size>
         <input_file_ref idref="fl-2"/>
      </object_component>
      <object_component id="oc-d0">
         <name>.debug_line</name>
         <load_address>0x14d</load_address>
         <run_address>0x14d</run_address>
         <size>0x69</size>
         <input_file_ref idref="fl-2"/>
      </object_component>
      <object_component id="oc-168">
         <name>.debug_line</name>
         <load_address>0x1b6</load_address>
         <run_address>0x1b6</run_address>
         <size>0x20</size>
         <input_file_ref idref="fl-2"/>
      </object_component>
      <object_component id="oc-179">
         <name>.debug_line</name>
         <load_address>0x1d6</load_address>
         <run_address>0x1d6</run_address>
         <size>0x6d</size>
         <input_file_ref idref="fl-2"/>
      </object_component>
      <object_component id="oc-c7">
         <name>.debug_line</name>
         <load_address>0x243</load_address>
         <run_address>0x243</run_address>
         <size>0x6a</size>
         <input_file_ref idref="fl-2"/>
      </object_component>
      <object_component id="oc-235">
         <name>.debug_line</name>
         <load_address>0x2ad</load_address>
         <run_address>0x2ad</run_address>
         <size>0x3d</size>
         <input_file_ref idref="fl-3"/>
      </object_component>
      <object_component id="oc-97">
         <name>.debug_line</name>
         <load_address>0x2ea</load_address>
         <run_address>0x2ea</run_address>
         <size>0xfd</size>
         <input_file_ref idref="fl-3"/>
      </object_component>
      <object_component id="oc-42">
         <name>.debug_line</name>
         <load_address>0x3e7</load_address>
         <run_address>0x3e7</run_address>
         <size>0x20</size>
         <input_file_ref idref="fl-3"/>
      </object_component>
      <object_component id="oc-16f">
         <name>.debug_line</name>
         <load_address>0x407</load_address>
         <run_address>0x407</run_address>
         <size>0x30</size>
         <input_file_ref idref="fl-3"/>
      </object_component>
      <object_component id="oc-35">
         <name>.debug_line</name>
         <load_address>0x437</load_address>
         <run_address>0x437</run_address>
         <size>0x108</size>
         <input_file_ref idref="fl-4"/>
      </object_component>
      <object_component id="oc-127">
         <name>.debug_line</name>
         <load_address>0x53f</load_address>
         <run_address>0x53f</run_address>
         <size>0x65</size>
         <input_file_ref idref="fl-4"/>
      </object_component>
      <object_component id="oc-b0">
         <name>.debug_line</name>
         <load_address>0x5a4</load_address>
         <run_address>0x5a4</run_address>
         <size>0x68</size>
         <input_file_ref idref="fl-5"/>
      </object_component>
      <object_component id="oc-278">
         <name>.debug_line</name>
         <load_address>0x60c</load_address>
         <run_address>0x60c</run_address>
         <size>0x65</size>
         <input_file_ref idref="fl-6"/>
      </object_component>
      <object_component id="oc-a3">
         <name>.debug_line</name>
         <load_address>0x671</load_address>
         <run_address>0x671</run_address>
         <size>0x156</size>
         <input_file_ref idref="fl-6"/>
      </object_component>
      <object_component id="oc-187">
         <name>.debug_line</name>
         <load_address>0x7c7</load_address>
         <run_address>0x7c7</run_address>
         <size>0x65</size>
         <input_file_ref idref="fl-6"/>
      </object_component>
      <object_component id="oc-17c">
         <name>.debug_line</name>
         <load_address>0x82c</load_address>
         <run_address>0x82c</run_address>
         <size>0xee</size>
         <input_file_ref idref="fl-7"/>
      </object_component>
      <object_component id="oc-162">
         <name>.debug_line</name>
         <load_address>0x91a</load_address>
         <run_address>0x91a</run_address>
         <size>0x30</size>
         <input_file_ref idref="fl-7"/>
      </object_component>
      <object_component id="oc-2f">
         <name>.debug_line</name>
         <load_address>0x94a</load_address>
         <run_address>0x94a</run_address>
         <size>0x396</size>
         <input_file_ref idref="fl-7"/>
[...]
      </symbol>
      <symbol id="sm-9b">
         <name>readAccelData</name>
         <value>0x3237</value>
         <object_component_ref idref="oc-93"/>
      </symbol>
      <symbol id="sm-cd">
         <name>startMatch</name>
         <value>0x4197</value>
         <object_component_ref idref="oc-30"/>
      </symbol>
      <symbol id="sm-ce">
         <name>resetRTC</name>
         <value>0x4187</value>
         <object_component_ref idref="oc-30"/>
      </symbol>
      <symbol id="sm-cf">
         <name>HibIsr</name>
         <value>0x427f</value>
         <object_component_ref idref="oc-30"/>
      </symbol>
      <symbol id="sm-d0">
         <name>initRTC</name>
         <value>0x4175</value>
         <object_component_ref idref="oc-30"/>
      </symbol>
      <symbol id="sm-d1">
         <name>endMatch</name>
         <value>0x422d</value>
         <object_component_ref idref="oc-30"/>
      </symbol>
      <symbol id="sm-e6">
         <name>getTemp</name>
         <value>0x4e8f</value>
         <object_component_ref idref="oc-af"/>
      </symbol>
      <symbol id="sm-e7">
         <name>initTemp</name>
         <value>0x4e39</value>
         <object_component_ref idref="oc-af"/>
      </symbol>
      <symbol id="sm-126">
         <name>getcUart0</name>
         <value>0x3a6d</value>
         <object_component_ref idref="oc-9f"/>
      </symbol>
      <symbol id="sm-127">
         <name>strtokk</name>
         <value>0x3a81</value>
         <object_component_ref idref="oc-9f"/>
      </symbol>
      <symbol id="sm-128">
         <name>initUART0</name>
         <value>0x39b1</value>
         <object_component_ref idref="oc-9f"/>
      </symbol>
      <symbol id="sm-129">
         <name>putsUart0</name>
         <value>0x3a3b</value>
         <object_component_ref idref="oc-9f"/>
      </symbol>
      <symbol id="sm-12a">
         <name>putcUart0</name>
         <value>0x3a1f</value>
         <object_component_ref idref="oc-9f"/>
      </symbol>
      <symbol id="sm-12b">
         <name>getsUart0</name>
         <value>0x3b47</value>
         <object_component_ref idref="oc-9f"/>
      </symbol>
      <symbol id="sm-1b8">
         <name>setLogging</name>
         <value>0x2c8f</value>
         <object_component_ref idref="oc-2a"/>
      </symbol>
      <symbol id="sm-1b9">
         <name>validateTime</name>
         <value>0x250f</value>
         <object_component_ref idref="oc-2a"/>
      </symbol>
      <symbol id="sm-1ba">
         <name>MPUIsr</name>
         <value>0x2b81</value>
         <object_component_ref idref="oc-2a"/>
      </symbol>
      <symbol id="sm-1bb">
         <name>asciiToUint8</name>
         <value>0x240d</value>
         <object_component_ref idref="oc-2a"/>
      </symbol>
      <symbol id="sm-1bc">
         <name>abs</name>
         <value>0x24a7</value>
         <object_component_ref idref="oc-2a"/>
      </symbol>
      <symbol id="sm-1bd">
         <name>nextPage</name>
         <value>0x2d09</value>
         <object_component_ref idref="oc-2a"/>
      </symbol>
      <symbol id="sm-1be">
         <name>asciiToUint32</name>
         <value>0x2475</value>
         <object_component_ref idref="oc-2a"/>
      </symbol>
      <symbol id="sm-1bf">
         <name>SampleWrapper</name>
         <value>0x2779</value>
         <object_component_ref idref="oc-2a"/>
      </symbol>
      <symbol id="sm-1c0">
         <name>absfloat</name>
         <value>0x24bf</value>
         <object_component_ref idref="oc-2a"/>
      </symbol>
      <symbol id="sm-1c1">
         <name>Sample</name>
         <value>0x2685</value>
         <object_component_ref idref="oc-2a"/>
      </symbol>
      <symbol id="sm-1c2">
         <name>asciiToFloat</name>
         <value>0x2441</value>
         <object_component_ref idref="oc-2a"/>
      </symbol>
      <symbol id="sm-1c3">
         <name>eucDis</name>
         <value>0x2639</value>
         <object_component_ref idref="oc-2a"/>
      </symbol>
      <symbol id="sm-1c4">
         <name>SetGating</name>
         <value>0x2c01</value>
         <object_component_ref idref="oc-2a"/>
      </symbol>
      <symbol id="sm-1c5">
         <name>validateInput</name>
         <value>0x2ba7</value>
         <object_component_ref idref="oc-2a"/>
      </symbol>
      <symbol id="sm-1c6">
         <name>validateDate</name>
         <value>0x2559</value>
         <object_component_ref idref="oc-2a"/>
      </symbol>
      <symbol id="sm-1c7">
         <name>waitMicrosecond</name>
         <value>0x24eb</value>
         <object_component_ref idref="oc-2a"/>
      </symbol>
      <symbol id="sm-299">
         <name>strinput</name>
         <value>0x20001fa0</value>
      </symbol>
      <symbol id="sm-29a">
         <name>tokens</name>
         <value>0x20002004</value>
      </symbol>
      <symbol id="sm-29b">
         <name>state</name>
         <value>0x20002044</value>
      </symbol>
      <symbol id="sm-29c">
         <name>storedTime</name>
         <value>0x2000203a</value>
      </symbol>
      <symbol id="sm-29d">
         <name>storedDate</name>
         <value>0x20002034</value>
      </symbol>
      <symbol id="sm-29e">
         <name>LTflag</name>
         <value>0x20002048</value>
      </symbol>
      <symbol id="sm-29f">
         <name>level</name>
         <value>0x20002040</value>
      </symbol>
      <symbol id="sm-2a0">
         <name>printTime</name>
         <value>0x487</value>
         <object_component_ref idref="oc-f3"/>
      </symbol>
      <symbol id="sm-2a1">
         <name>initHw</name>
         <value>0x26d</value>
         <object_component_ref idref="oc-f3"/>
      </symbol>
      <symbol id="sm-2a2">
         <name>daysOfEachMonth</name>
         <value>0x2000204c</value>
         <object_component_ref idref="oc-19b"/>
      </symbol>
      <symbol id="sm-2a3">
         <name>NArgs</name>
         <value>0x20002064</value>
         <object_component_ref idref="oc-a8"/>
      </symbol>
      <symbol id="sm-2a4">
         <name>isCommand</name>
         <value>0x30d</value>
         <object_component_ref idref="oc-f3"/>
      </symbol>
      <symbol id="sm-2a5">
         <name>RTC_Old</name>
         <value>0x20002068</value>
         <object_component_ref idref="oc-a8"/>
      </symbol>
      <symbol id="sm-2a6">
         <name>T</name>
         <value>0x2000206c</value>
         <object_component_ref idref="oc-a8"/>
      </symbol>
      <symbol id="sm-2a7">
         <name>H</name>
         <value>0x20002074</value>
         <object_component_ref idref="oc-a8"/>
      </symbol>
      <symbol id="sm-2a8">
         <name>parse_string</name>
         <value>0x297</value>
         <object_component_ref idref="oc-f3"/>
      </symbol>
      <symbol id="sm-2a9">
         <name>logMask</name>
         <value>0x20002078</value>
         <object_component_ref idref="oc-a8"/>
      </symbol>
      <symbol id="sm-2aa">
         <name>Para</name>
         <value>0x20002071</value>
         <object_component_ref idref="oc-a8"/>
      </symbol>
      <symbol id="sm-2ab">
         <name>printDate</name>
         <value>0x519</value>
         <object_component_ref idref="oc-f3"/>
      </symbol>
      <symbol id="sm-2ac">
         <name>main</name>
         <value>0x689</value>
         <object_component_ref idref="oc-f3"/>
      </symbol>
      <symbol id="sm-2ad">
         <name>getValue</name>
         <value>0x2d7</value>
         <object_component_ref idref="oc-f3"/>
      </symbol>
      <symbol id="sm-2ae">
         <name>Hflag</name>
         <value>0x20002072</value>
         <object_component_ref idref="oc-a8"/>
      </symbol>
      <symbol id="sm-2af">
         <name>getString</name>
         <value>0x2f3</value>
         <object_component_ref idref="oc-f3"/>
      </symbol>
      <symbol id="sm-2b0">
         <name>newDateFromDay</name>
         <value>0x335</value>
         <object_component_ref idref="oc-f3"/>
      </symbol>
      <symbol id="sm-2b1">
         <name>NSamples</name>
         <value>0x20002070</value>
         <object_component_ref idref="oc-a8"/>
      </symbol>
      <symbol id="sm-2b2">
         <name>setStoredTimeAndDate</name>
         <value>0x40d</value>
         <object_component_ref idref="oc-f3"/>
      </symbol>
      <symbol id="sm-2ce">
         <name>ResetISR</name>
         <value>0x587f</value>
         <object_component_ref idref="oc-24"/>
      </symbol>
      <symbol id="sm-2cf">
         <name>g_pfnVectors</name>
         <value>0x0</value>
         <object_component_ref idref="oc-f"/>
      </symbol>
      <symbol id="sm-2fb">
         <name>sqrtl</name>
         <value>0x4449</value>
         <object_component_ref idref="oc-88"/>
      </symbol>
      <symbol id="sm-2fc">
         <name>sqrt</name>
         <value>0x4449</value>
         <object_component_ref idref="oc-88"/>
      </symbol>
      <symbol id="sm-313">
         <name>__aeabi_dsub</name>
         <value>0x3fbd</value>
         <object_component_ref idref="oc-12f"/>
      </symbol>
      <symbol id="sm-314">
         <name>__aeabi_dadd</name>
         <value>0x3fc7</value>
         <object_component_ref idref="oc-12f"/>
      </symbol>
      <symbol id="sm-31f">
         <name>__aeabi_dmul</name>
         <value>0x4c89</value>
         <object_component_ref idref="oc-12a"/>
      </symbol>
      <symbol id="sm-32b">
         <name>__aeabi_d2f</name>
         <value>0x5203</value>
         <object_component_ref idref="oc-8e"/>
      </symbol>
      <symbol id="sm-336">
         <name>__aeabi_f2d</name>
         <value>0x5671</value>
         <object_component_ref idref="oc-19f"/>
      </symbol>
      <symbol id="sm-340">
         <name>__aeabi_i2d</name>
         <value>0x56e1</value>
         <object_component_ref idref="oc-83"/>
      </symbol>
      <symbol id="sm-35b">
         <name>memcpy</name>
         <value>0x4edd</value>
         <object_component_ref idref="oc-44"/>
      </symbol>
      <symbol id="sm-35c">
         <name>__aeabi_memcpy</name>
         <value>0x4edd</value>
         <object_component_ref idref="oc-44"/>
      </symbol>
      <symbol id="sm-35d">
         <name>__aeabi_memcpy8</name>
         <value>0x4edd</value>
         <object_component_ref idref="oc-44"/>
      </symbol>
      <symbol id="sm-35e">
         <name>__aeabi_memcpy4</name>
         <value>0x4edd</value>
         <object_component_ref idref="oc-44"/>
      </symbol>
      <symbol id="sm-372">
         <name>__TI_zero_init_nomemset</name>
         <value>0x583d</value>
         <object_component_ref idref="oc-50"/>
      </symbol>
      <symbol id="sm-389">
         <name>__TI_decompress_none</name>
         <value>0x5871</value>
         <object_component_ref idref="oc-18"/>
      </symbol>
      <symbol id="sm-3ac">
         <name>__TI_decompress_lzss</name>
         <value>0x52d9</value>
         <object_component_ref idref="oc-12"/>
      </symbol>
      <symbol id="sm-3c2">
         <name>__aeabi_errno_addr</name>
         <value>0x5895</value>
         <object_component_ref idref="oc-134"/>
      </symbol>
      <symbol id="sm-3c3">
         <name>errno</name>
         <value>0x2000207c</value>
         <object_component_ref idref="oc-228"/>
      </symbol>
      <symbol id="sm-3d6">
         <name>__stack</name>
         <value>0x20000000</value>
         <object_component_ref idref="oc-21"/>
      </symbol>
      <symbol id="sm-3d7">
         <name>_c_int00_noargs</name>
         <value>0x5639</value>
         <object_component_ref idref="oc-62"/>
      </symbol>
      <symbol id="sm-3e2">
         <name>C$$EXIT</name>
         <value>0x58a9</value>
         <object_component_ref idref="oc-1a5"/>
      </symbol>
      <symbol id="sm-3e3">
         <name>abort</name>
         <value>0x58a9</value>
         <object_component_ref idref="oc-1a5"/>
      </symbol>
      <symbol id="sm-3fb">
         <name>atoi</name>
         <value>0x54a1</value>
         <object_component_ref idref="oc-193"/>
      </symbol>
      <symbol id="sm-406">
         <name>_ctypes_</name>
         <value>0x58b0</value>
         <object_component_ref idref="oc-105"/>
      </symbol>
      <symbol id="sm-42d">
         <name>sprintf</name>
         <value>0x5579</value>
         <object_component_ref idref="oc-99"/>
      </symbol>
      <symbol id="sm-464">
         <name>sscanf</name>
         <value>0x56a9</value>
         <object_component_ref idref="oc-7d"/>
      </symbol>
      <symbol id="sm-473">
         <name>strcmp</name>
         <value>0x57a9</value>
         <object_component_ref idref="oc-bb"/>
      </symbol>
      <symbol id="sm-481">
         <name>strlen</name>
         <value>0x5817</value>
         <object_component_ref idref="oc-158"/>
      </symbol>
      <symbol id="sm-499">
         <name>strtok</name>
         <value>0x55b9</value>
         <object_component_ref idref="oc-18d"/>
      </symbol>
      <symbol id="sm-4a8">
         <name>tolower</name>
         <value>0x5861</value>
         <object_component_ref idref="oc-77"/>
      </symbol>
      <symbol id="sm-4b7">
         <name>__aeabi_memset</name>
         <value>0x511d</value>
         <object_component_ref idref="oc-e7"/>
      </symbol>
      <symbol id="sm-4b8">
         <name>memset</name>
         <value>0x5123</value>
         <object_component_ref idref="oc-e7"/>
      </symbol>
      <symbol id="sm-4b9">
         <name>__aeabi_memset8</name>
         <value>0x511d</value>
         <object_component_ref idref="oc-e7"/>
      </symbol>
      <symbol id="sm-4ba">
         <name>__aeabi_memset4</name>
         <value>0x511d</value>
         <object_component_ref idref="oc-e7"/>
      </symbol>
      <symbol id="sm-4bb">
         <name>__aeabi_memclr8</name>
         <value>0x511b</value>
         <object_component_ref idref="oc-e7"/>
      </symbol>
      <symbol id="sm-4bc">
         <name>__aeabi_memclr4</name>
         <value>0x511b</value>
         <object_component_ref idref="oc-e7"/>
      </symbol>
      <symbol id="sm-4bd">
         <name>__aeabi_memclr</name>
         <value>0x511b</value>
         <object_component_ref idref="oc-e7"/>
      </symbol>
      <symbol id="sm-4e5">
         <name>__TI_auto_init_nobinit_nopinit</name>
         <value>0x5535</value>
         <object_component_ref idref="oc-1b1"/>
      </symbol>
      <symbol id="sm-4ef">
         <name>_system_pre_init</name>
         <value>0x58a5</value>
         <object_component_ref idref="oc-ed"/>
      </symbol>
      <symbol id="sm-655">
         <name>__TI_printfi</name>
         <value>0x19ad</value>
         <object_component_ref idref="oc-144"/>
      </symbol>
      <symbol id="sm-706">
         <name>__TI_scanfi</name>
         <value>0xebd</value>
         <object_component_ref idref="oc-10a"/>
      </symbol>
      <symbol id="sm-715">
         <name>ltoa</name>
         <value>0x53fb</value>
         <object_component_ref idref="oc-2fa"/>
      </symbol>
      <symbol id="sm-725">
         <name>memccpy</name>
         <value>0x575d</value>
         <object_component_ref idref="oc-259"/>
      </symbol>
      <symbol id="sm-735">
         <name>strchr</name>
         <value>0x57d9</value>
         <object_component_ref idref="oc-212"/>
      </symbol>
      <symbol id="sm-743">
         <name>strcpy</name>
         <value>0x5803</value>
         <object_component_ref idref="oc-1e8"/>
      </symbol>
      <symbol id="sm-754">
         <name>strcspn</name>
         <value>0x5739</value>
         <object_component_ref idref="oc-283"/>
      </symbol>
      <symbol id="sm-763">
         <name>strrchr</name>
         <value>0x57c1</value>
         <object_component_ref idref="oc-20c"/>
      </symbol>
      <symbol id="sm-775">
         <name>strspn</name>
         <value>0x570f</value>
         <object_component_ref idref="oc-27d"/>
      </symbol>
      <symbol id="sm-7d5">
         <name>strtold</name>
         <value>0x2d99</value>
         <object_component_ref idref="oc-1fa"/>
      </symbol>
      <symbol id="sm-7d6">
         <name>strtod</name>
         <value>0x2d99</value>
         <object_component_ref idref="oc-1fa"/>
      </symbol>
      <symbol id="sm-7fa">
         <name>strtol</name>
         <value>0x4815</value>
         <object_component_ref idref="oc-200"/>
      </symbol>
      <symbol id="sm-820">
         <name>strtoll</name>
         <value>0x3c11</value>
         <object_component_ref idref="oc-206"/>
      </symbol>
      <symbol id="sm-840">
         <name>strtoul</name>
         <value>0x4b79</value>
         <object_component_ref idref="oc-1f4"/>
      </symbol>
      <symbol id="sm-863">
         <name>strtoull</name>
         <value>0x42ed</value>
         <object_component_ref idref="oc-1ee"/>
      </symbol>
      <symbol id="sm-87c">
         <name>wcslen</name>
         <value>0x584f</value>
         <object_component_ref idref="oc-25f"/>
      </symbol>
      <symbol id="sm-89c">
         <name>frexpl</name>
         <value>0x5341</value>
         <object_component_ref idref="oc-31b"/>
      </symbol>
      <symbol id="sm-89d">
         <name>frexp</name>
         <value>0x5341</value>
         <object_component_ref idref="oc-31b"/>
      </symbol>
      <symbol id="sm-8ba">
         <name>scalbn</name>
         <value>0x4a69</value>
         <object_component_ref idref="oc-2ca"/>
      </symbol>
      <symbol id="sm-8bb">
         <name>scalbnl</name>
         <value>0x4a69</value>
         <object_component_ref idref="oc-2ca"/>
      </symbol>
      <symbol id="sm-8bc">
         <name>ldexpl</name>
         <value>0x4a69</value>
         <object_component_ref idref="oc-2ca"/>
      </symbol>
      <symbol id="sm-8bd">
         <name>ldexp</name>
         <value>0x4a69</value>
         <object_component_ref idref="oc-2ca"/>
      </symbol>
      <symbol id="sm-8df">
         <name>__aeabi_cdcmpeq</name>
         <value>0x500f</value>
         <object_component_ref idref="oc-23c"/>
      </symbol>
      <symbol id="sm-8e0">
         <name>__aeabi_cdcmple</name>
         <value>0x500f</value>
         <object_component_ref idref="oc-23c"/>
      </symbol>
      <symbol id="sm-8e1">
         <name>__aeabi_cdrcmple</name>
         <value>0x5095</value>
         <object_component_ref idref="oc-2f0"/>
      </symbol>
      <symbol id="sm-8f5">
         <name>__aeabi_ddiv</name>
         <value>0x46dd</value>
         <object_component_ref idref="oc-2c5"/>
      </symbol>
      <symbol id="sm-8ff">
         <name>__aeabi_d2iz</name>
         <value>0x54ed</value>
         <object_component_ref idref="oc-2f5"/>
      </symbol>
      <symbol id="sm-908">
         <name>__aeabi_lmul</name>
         <value>0x5791</value>
         <object_component_ref idref="oc-2b7"/>
      </symbol>
      <symbol id="sm-915">
         <name>__aeabi_uldivmod</name>
         <value>0x4f79</value>
         <object_component_ref idref="oc-2bc"/>
      </symbol>
      <symbol id="sm-91f">
         <name>copysign</name>
         <value>0x57ef</value>
         <object_component_ref idref="oc-36d"/>
      </symbol>
      <symbol id="sm-920">
         <name>copysignl</name>
         <value>0x57ef</value>
         <object_component_ref idref="oc-36d"/>
      </symbol>
      <symbol id="sm-92a">
         <name>__aeabi_idiv0</name>
         <value>0x240b</value>
         <object_component_ref idref="oc-362"/>
      </symbol>
      <symbol id="sm-92b">
         <name>__aeabi_ldiv0</name>
         <value>0x240b</value>
         <object_component_ref idref="oc-362"/>
      </symbol>
      <symbol id="sm-92c">
         <name>__TI_static_base__</name>
         <value>0x0</value>
      </symbol>
      <symbol id="sm-92f">
         <name>__mpu_init</name>
         <value>0x0</value>
      </symbol>
      <symbol id="sm-930">
         <name>_system_post_cinit</name>
         <value>0x0</value>
      </symbol>
   </symbol_table>
   <title>Link successful</title>
</link_info>
